[live_gather] currency=btc  poll=1s
[live_gather] writing to /Users/macbookair/Internship Natixis/2 - Data/live/live_btc.parquet
[ws] 870 BTC option instruments
[live_gather] warming up websocket …
[ws] subscribed to 870 ticker channels
[live_gather] ws coverage: 870 instruments
[live_gather] ctrl+c to stop

[15:36:41] tick 1  + 555 rows  (914 ms)  ws_cov=870  → live_btc.parquet
[15:36:41] tick 2  + 555 rows  (747 ms)  ws_cov=870  → live_btc.parquet
[15:36:42] tick 3  + 555 rows  (742 ms)  ws_cov=870  → live_btc.parquet
[15:36:44] tick 4  + 555 rows  (930 ms)  ws_cov=870  → live_btc.parquet
[15:36:45] tick 5  + 556 rows  (817 ms)  ws_cov=870  → live_btc.parquet
[15:36:46] tick 6  + 551 rows  (843 ms)  ws_cov=870  → live_btc.parquet
[15:36:47] tick 7  + 551 rows  (806 ms)  ws_cov=870  → live_btc.parquet
[15:36:48] tick 8  + 553 rows  (855 ms)  ws_cov=870  → live_btc.parquet
[15:36:49] tick 9  + 553 rows  (863 ms)  ws_cov=870  → live_btc.parquet
[15:36:52] tick 10  + 553 rows  (3044 ms)  ws_cov=870  → live_btc.parquet
[15:36:53] tick 11  + 551 rows  (882 ms)  ws_cov=870  → live_btc.parquet
[15:36:54] tick 12  + 551 rows  (936 ms)  ws_cov=870  → live_btc.parquet
[15:36:55] tick 13  + 551 rows  (943 ms)  ws_cov=870  → live_btc.parquet
[15:36:56] tick 14  + 552 rows  (844 ms)  ws_cov=870  → live_btc.parquet
[15:36:57] tick 15  + 551 rows  (1024 ms)  ws_cov=870  → live_btc.parquet
[15:36:58] tick 16  + 550 rows  (1067 ms)  ws_cov=870  → live_btc.parquet
[15:36:59] tick 17  + 552 rows  (904 ms)  ws_cov=870  → live_btc.parquet
[15:37:00] tick 18  + 551 rows  (914 ms)  ws_cov=870  → live_btc.parquet
[15:37:01] tick 19  + 553 rows  (903 ms)  ws_cov=870  → live_btc.parquet
[15:37:02] tick 20  + 553 rows  (933 ms)  ws_cov=870  → live_btc.parquet
[15:37:03] tick 21  + 552 rows  (957 ms)  ws_cov=870  → live_btc.parquet
[15:37:04] tick 22  + 552 rows  (1080 ms)  ws_cov=870  → live_btc.parquet
[15:37:06] tick 23  + 554 rows  (1817 ms)  ws_cov=870  → live_btc.parquet
[15:37:08] tick 24  + 556 rows  (2224 ms)  ws_cov=870  → live_btc.parquet
[15:37:09] tick 25  + 556 rows  (1331 ms)  ws_cov=870  → live_btc.parquet
[15:37:11] tick 26  + 557 rows  (1234 ms)  ws_cov=870  → live_btc.parquet
[15:37:12] tick 27  + 555 rows  (1008 ms)  ws_cov=870  → live_btc.parquet
[15:37:13] tick 28  + 555 rows  (952 ms)  ws_cov=870  → live_btc.parquet
[15:37:14] tick 29  + 553 rows  (1149 ms)  ws_cov=870  → live_btc.parquet
[15:37:15] tick 30  + 554 rows  (1076 ms)  ws_cov=870  → live_btc.parquet
[15:37:16] tick 31  + 556 rows  (1023 ms)  ws_cov=870  → live_btc.parquet
[15:37:17] tick 32  + 556 rows  (939 ms)  ws_cov=870  → live_btc.parquet
[15:37:18] tick 33  + 554 rows  (1156 ms)  ws_cov=870  → live_btc.parquet
[15:37:19] tick 34  + 554 rows  (1218 ms)  ws_cov=870  → live_btc.parquet
[15:37:20] tick 35  + 554 rows  (1070 ms)  ws_cov=870  → live_btc.parquet
[15:37:22] tick 36  + 554 rows  (1337 ms)  ws_cov=870  → live_btc.parquet
[15:37:23] tick 37  + 554 rows  (1366 ms)  ws_cov=870  → live_btc.parquet
[15:37:24] tick 38  + 554 rows  (1043 ms)  ws_cov=870  → live_btc.parquet
[15:37:25] tick 39  + 555 rows  (829 ms)  ws_cov=870  → live_btc.parquet
[15:37:26] tick 40  + 555 rows  (800 ms)  ws_cov=870  → live_btc.parquet
[15:37:27] tick 41  + 554 rows  (947 ms)  ws_cov=870  → live_btc.parquet
[15:37:28] tick 42  + 555 rows  (1080 ms)  ws_cov=870  → live_btc.parquet
[15:37:29] tick 43  + 556 rows  (1279 ms)  ws_cov=870  → live_btc.parquet
[15:37:31] tick 44  + 556 rows  (1436 ms)  ws_cov=870  → live_btc.parquet
[15:37:32] tick 45  + 557 rows  (1084 ms)  ws_cov=870  → live_btc.parquet
[15:37:33] tick 46  + 557 rows  (1233 ms)  ws_cov=870  → live_btc.parquet
[15:37:34] tick 47  + 556 rows  (1145 ms)  ws_cov=870  → live_btc.parquet
[15:37:36] tick 48  + 556 rows  (1291 ms)  ws_cov=870  → live_btc.parquet
[15:37:37] tick 49  + 556 rows  (1376 ms)  ws_cov=870  → live_btc.parquet
[15:37:38] tick 50  + 556 rows  (1236 ms)  ws_cov=870  → live_btc.parquet
[15:37:39] tick 51  + 556 rows  (1246 ms)  ws_cov=870  → live_btc.parquet
[15:37:41] tick 52  + 556 rows  (1131 ms)  ws_cov=870  → live_btc.parquet
[15:37:42] tick 53  + 555 rows  (1266 ms)  ws_cov=870  → live_btc.parquet
[15:37:43] tick 54  + 555 rows  (1305 ms)  ws_cov=870  → live_btc.parquet
[15:37:45] tick 55  + 554 rows  (1362 ms)  ws_cov=870  → live_btc.parquet
[15:37:46] tick 56  + 555 rows  (1813 ms)  ws_cov=870  → live_btc.parquet
[15:37:48] tick 57  + 555 rows  (1318 ms)  ws_cov=870  → live_btc.parquet
[15:37:49] tick 58  + 555 rows  (1284 ms)  ws_cov=870  → live_btc.parquet
[15:37:50] tick 59  + 555 rows  (1264 ms)  ws_cov=870  → live_btc.parquet
[15:37:52] tick 60  + 554 rows  (1380 ms)  ws_cov=870  → live_btc.parquet
[15:37:53] tick 61  + 554 rows  (1443 ms)  ws_cov=870  → live_btc.parquet
[15:37:54] tick 62  + 553 rows  (1146 ms)  ws_cov=870  → live_btc.parquet
[15:37:56] tick 63  + 553 rows  (1739 ms)  ws_cov=870  → live_btc.parquet
[15:37:57] tick 64  + 554 rows  (1354 ms)  ws_cov=870  → live_btc.parquet
[15:37:59] tick 65  + 555 rows  (1543 ms)  ws_cov=870  → live_btc.parquet
[15:38:01] tick 66  + 554 rows  (1704 ms)  ws_cov=870  → live_btc.parquet
[15:38:02] tick 67  + 554 rows  (1682 ms)  ws_cov=870  → live_btc.parquet
[15:38:04] tick 68  + 554 rows  (1374 ms)  ws_cov=870  → live_btc.parquet
[15:38:05] tick 69  + 554 rows  (1830 ms)  ws_cov=870  → live_btc.parquet
[15:38:07] tick 70  + 554 rows  (1254 ms)  ws_cov=870  → live_btc.parquet
[15:38:08] tick 71  + 554 rows  (1308 ms)  ws_cov=870  → live_btc.parquet
[15:38:09] tick 72  + 554 rows  (1481 ms)  ws_cov=870  → live_btc.parquet
[15:38:13] tick 73  + 555 rows  (3341 ms)  ws_cov=870  → live_btc.parquet
[15:38:14] tick 74  + 554 rows  (1388 ms)  ws_cov=870  → live_btc.parquet
[15:38:16] tick 75  + 554 rows  (1407 ms)  ws_cov=870  → live_btc.parquet
[15:38:17] tick 76  + 553 rows  (1585 ms)  ws_cov=870  → live_btc.parquet
[15:38:18] tick 77  + 554 rows  (1306 ms)  ws_cov=870  → live_btc.parquet
[15:38:21] tick 78  + 555 rows  (2201 ms)  ws_cov=870  → live_btc.parquet
[15:38:22] tick 79  + 554 rows  (1277 ms)  ws_cov=870  → live_btc.parquet
[15:38:24] tick 80  + 552 rows  (1594 ms)  ws_cov=870  → live_btc.parquet
[15:38:25] tick 81  + 552 rows  (1317 ms)  ws_cov=870  → live_btc.parquet
[15:38:26] tick 82  + 552 rows  (1247 ms)  ws_cov=870  → live_btc.parquet
[15:38:27] tick 83  + 553 rows  (1358 ms)  ws_cov=870  → live_btc.parquet
[15:38:29] tick 84  + 552 rows  (1441 ms)  ws_cov=870  → live_btc.parquet
[15:38:30] tick 85  + 551 rows  (980 ms)  ws_cov=870  → live_btc.parquet
[15:38:31] tick 86  + 551 rows  (1016 ms)  ws_cov=870  → live_btc.parquet
[15:38:32] tick 87  + 551 rows  (1451 ms)  ws_cov=870  → live_btc.parquet
[15:38:34] tick 88  + 552 rows  (1292 ms)  ws_cov=870  → live_btc.parquet
[15:38:35] tick 89  + 552 rows  (1368 ms)  ws_cov=870  → live_btc.parquet
[15:38:36] tick 90  + 552 rows  (1176 ms)  ws_cov=870  → live_btc.parquet
[15:38:38] tick 91  + 552 rows  (1353 ms)  ws_cov=870  → live_btc.parquet
[15:38:39] tick 92  + 552 rows  (1521 ms)  ws_cov=870  → live_btc.parquet
[15:38:40] tick 93  + 552 rows  (1231 ms)  ws_cov=870  → live_btc.parquet
[15:38:42] tick 94  + 552 rows  (1187 ms)  ws_cov=870  → live_btc.parquet
[15:38:43] tick 95  + 548 rows  (1039 ms)  ws_cov=870  → live_btc.parquet
[15:38:44] tick 96  + 547 rows  (1023 ms)  ws_cov=870  → live_btc.parquet
[15:38:45] tick 97  + 543 rows  (1015 ms)  ws_cov=870  → live_btc.parquet
[15:38:46] tick 98  + 543 rows  (1244 ms)  ws_cov=870  → live_btc.parquet
[15:38:47] tick 99  + 543 rows  (1191 ms)  ws_cov=870  → live_btc.parquet
[15:38:48] tick 100  + 543 rows  (1424 ms)  ws_cov=870  → live_btc.parquet
[15:38:50] tick 101  + 543 rows  (1335 ms)  ws_cov=870  → live_btc.parquet
[15:38:51] tick 102  + 544 rows  (1373 ms)  ws_cov=870  → live_btc.parquet
[15:38:53] tick 103  + 544 rows  (1413 ms)  ws_cov=870  → live_btc.parquet
[15:38:54] tick 104  + 544 rows  (1541 ms)  ws_cov=870  → live_btc.parquet
[15:38:55] tick 105  + 545 rows  (1131 ms)  ws_cov=870  → live_btc.parquet
[15:38:56] tick 106  + 548 rows  (1224 ms)  ws_cov=870  → live_btc.parquet
[15:38:58] tick 107  + 547 rows  (1578 ms)  ws_cov=870  → live_btc.parquet
[15:38:59] tick 108  + 547 rows  (1174 ms)  ws_cov=870  → live_btc.parquet
[15:39:00] tick 109  + 545 rows  (1145 ms)  ws_cov=870  → live_btc.parquet
[15:39:02] tick 110  + 547 rows  (1194 ms)  ws_cov=870  → live_btc.parquet
[15:39:03] tick 111  + 548 rows  (1621 ms)  ws_cov=870  → live_btc.parquet
[15:39:04] tick 112  + 548 rows  (1225 ms)  ws_cov=870  → live_btc.parquet
[15:39:06] tick 113  + 548 rows  (2038 ms)  ws_cov=870  → live_btc.parquet
[15:39:08] tick 114  + 547 rows  (1786 ms)  ws_cov=870  → live_btc.parquet
[15:39:10] tick 115  + 548 rows  (1674 ms)  ws_cov=870  → live_btc.parquet
[15:39:12] tick 116  + 548 rows  (2110 ms)  ws_cov=870  → live_btc.parquet
[15:39:14] tick 117  + 548 rows  (1846 ms)  ws_cov=870  → live_btc.parquet
[15:39:15] tick 118  + 546 rows  (1343 ms)  ws_cov=870  → live_btc.parquet
[15:39:17] tick 119  + 546 rows  (1609 ms)  ws_cov=870  → live_btc.parquet
[15:39:19] tick 120  + 547 rows  (2333 ms)  ws_cov=870  → live_btc.parquet
[15:39:20] tick 121  + 547 rows  (1108 ms)  ws_cov=870  → live_btc.parquet
[15:39:21] tick 122  + 547 rows  (1110 ms)  ws_cov=870  → live_btc.parquet
[15:39:23] tick 123  + 548 rows  (1394 ms)  ws_cov=870  → live_btc.parquet
[15:39:24] tick 124  + 548 rows  (1574 ms)  ws_cov=870  → live_btc.parquet
[15:39:26] tick 125  + 546 rows  (1306 ms)  ws_cov=870  → live_btc.parquet
[15:39:27] tick 126  + 547 rows  (1433 ms)  ws_cov=870  → live_btc.parquet
[15:39:29] tick 127  + 547 rows  (1467 ms)  ws_cov=870  → live_btc.parquet
[15:39:30] tick 128  + 548 rows  (1361 ms)  ws_cov=870  → live_btc.parquet
[15:39:32] tick 129  + 547 rows  (1694 ms)  ws_cov=870  → live_btc.parquet
[15:39:33] tick 130  + 548 rows  (1571 ms)  ws_cov=870  → live_btc.parquet
[15:39:34] tick 131  + 548 rows  (1298 ms)  ws_cov=870  → live_btc.parquet
[15:39:36] tick 132  + 548 rows  (1090 ms)  ws_cov=870  → live_btc.parquet
[15:39:37] tick 133  + 548 rows  (1876 ms)  ws_cov=870  → live_btc.parquet
[15:39:39] tick 134  + 548 rows  (1451 ms)  ws_cov=870  → live_btc.parquet
[15:39:40] tick 135  + 548 rows  (1365 ms)  ws_cov=870  → live_btc.parquet
[15:39:42] tick 136  + 548 rows  (1279 ms)  ws_cov=870  → live_btc.parquet
[15:39:43] tick 137  + 547 rows  (1126 ms)  ws_cov=870  → live_btc.parquet
[15:39:44] tick 138  + 547 rows  (1186 ms)  ws_cov=870  → live_btc.parquet
[15:39:45] tick 139  + 549 rows  (1288 ms)  ws_cov=870  → live_btc.parquet
[15:39:47] tick 140  + 549 rows  (1616 ms)  ws_cov=870  → live_btc.parquet
[15:39:48] tick 141  + 549 rows  (1643 ms)  ws_cov=870  → live_btc.parquet
[15:39:50] tick 142  + 549 rows  (1632 ms)  ws_cov=870  → live_btc.parquet
[15:39:52] tick 143  + 549 rows  (1794 ms)  ws_cov=870  → live_btc.parquet
[15:39:55] tick 144  + 550 rows  (2728 ms)  ws_cov=870  → live_btc.parquet
[15:39:56] tick 145  + 550 rows  (1352 ms)  ws_cov=870  → live_btc.parquet
[15:39:58] tick 146  + 552 rows  (1702 ms)  ws_cov=870  → live_btc.parquet
[15:39:59] tick 147  + 552 rows  (1694 ms)  ws_cov=870  → live_btc.parquet
[15:40:01] tick 148  + 551 rows  (1634 ms)  ws_cov=870  → live_btc.parquet
[15:40:03] tick 149  + 552 rows  (1901 ms)  ws_cov=870  → live_btc.parquet
[15:40:05] tick 150  + 551 rows  (2002 ms)  ws_cov=870  → live_btc.parquet
[15:40:07] tick 151  + 551 rows  (2070 ms)  ws_cov=870  → live_btc.parquet
[15:40:08] tick 152  + 550 rows  (1553 ms)  ws_cov=870  → live_btc.parquet
[15:40:10] tick 153  + 549 rows  (1932 ms)  ws_cov=870  → live_btc.parquet
[15:40:12] tick 154  + 549 rows  (1436 ms)  ws_cov=870  → live_btc.parquet
[15:40:14] tick 155  + 548 rows  (1837 ms)  ws_cov=870  → live_btc.parquet
[15:40:16] tick 156  + 549 rows  (1929 ms)  ws_cov=870  → live_btc.parquet
[15:40:18] tick 157  + 547 rows  (1971 ms)  ws_cov=870  → live_btc.parquet
[15:40:19] tick 158  + 546 rows  (1493 ms)  ws_cov=870  → live_btc.parquet
[15:40:21] tick 159  + 548 rows  (1780 ms)  ws_cov=870  → live_btc.parquet
[15:40:23] tick 160  + 548 rows  (1753 ms)  ws_cov=870  → live_btc.parquet
[15:40:24] tick 161  + 548 rows  (1579 ms)  ws_cov=870  → live_btc.parquet
[15:40:26] tick 162  + 548 rows  (1543 ms)  ws_cov=870  → live_btc.parquet
[15:40:27] tick 163  + 548 rows  (1394 ms)  ws_cov=870  → live_btc.parquet
[15:40:29] tick 164  + 548 rows  (1947 ms)  ws_cov=870  → live_btc.parquet
[15:40:31] tick 165  + 546 rows  (1918 ms)  ws_cov=870  → live_btc.parquet
[15:40:33] tick 166  + 546 rows  (1690 ms)  ws_cov=870  → live_btc.parquet
[15:40:35] tick 167  + 546 rows  (2051 ms)  ws_cov=870  → live_btc.parquet
[15:40:37] tick 168  + 546 rows  (2129 ms)  ws_cov=870  → live_btc.parquet
[15:40:39] tick 169  + 545 rows  (1991 ms)  ws_cov=870  → live_btc.parquet
[15:40:41] tick 170  + 545 rows  (1721 ms)  ws_cov=870  → live_btc.parquet
[15:40:42] tick 171  + 547 rows  (1762 ms)  ws_cov=870  → live_btc.parquet
[15:40:44] tick 172  + 547 rows  (1932 ms)  ws_cov=870  → live_btc.parquet
[15:40:46] tick 173  + 548 rows  (1953 ms)  ws_cov=870  → live_btc.parquet
[15:40:48] tick 174  + 548 rows  (2069 ms)  ws_cov=870  → live_btc.parquet
[15:40:51] tick 175  + 550 rows  (3247 ms)  ws_cov=870  → live_btc.parquet
[15:40:54] tick 176  + 551 rows  (2248 ms)  ws_cov=870  → live_btc.parquet
[15:40:55] tick 177  + 551 rows  (1709 ms)  ws_cov=870  → live_btc.parquet
[15:40:57] tick 178  + 551 rows  (1357 ms)  ws_cov=870  → live_btc.parquet
[15:40:58] tick 179  + 551 rows  (1683 ms)  ws_cov=870  → live_btc.parquet
[15:41:00] tick 180  + 552 rows  (1658 ms)  ws_cov=870  → live_btc.parquet
[15:41:02] tick 181  + 553 rows  (1979 ms)  ws_cov=870  → live_btc.parquet
[15:41:04] tick 182  + 553 rows  (2068 ms)  ws_cov=870  → live_btc.parquet
[15:41:07] tick 183  + 552 rows  (2347 ms)  ws_cov=870  → live_btc.parquet
[15:41:08] tick 184  + 552 rows  (1912 ms)  ws_cov=870  → live_btc.parquet
[15:41:10] tick 185  + 550 rows  (1870 ms)  ws_cov=870  → live_btc.parquet
[15:41:12] tick 186  + 550 rows  (1946 ms)  ws_cov=870  → live_btc.parquet
[15:41:14] tick 187  + 551 rows  (1919 ms)  ws_cov=870  → live_btc.parquet
[15:41:16] tick 188  + 551 rows  (2257 ms)  ws_cov=870  → live_btc.parquet
[15:41:19] tick 189  + 551 rows  (2054 ms)  ws_cov=870  → live_btc.parquet
[15:41:20] tick 190  + 548 rows  (1894 ms)  ws_cov=870  → live_btc.parquet
[15:41:22] tick 191  + 549 rows  (1847 ms)  ws_cov=870  → live_btc.parquet
[15:41:24] tick 192  + 548 rows  (1925 ms)  ws_cov=870  → live_btc.parquet
[15:41:26] tick 193  + 549 rows  (1872 ms)  ws_cov=870  → live_btc.parquet
[15:41:28] tick 194  + 549 rows  (1562 ms)  ws_cov=870  → live_btc.parquet
[15:41:29] tick 195  + 547 rows  (1256 ms)  ws_cov=870  → live_btc.parquet
[15:41:30] tick 196  + 547 rows  (1530 ms)  ws_cov=870  → live_btc.parquet
[15:41:32] tick 197  + 548 rows  (1970 ms)  ws_cov=870  → live_btc.parquet
[15:41:34] tick 198  + 548 rows  (2121 ms)  ws_cov=870  → live_btc.parquet
[15:41:37] tick 199  + 544 rows  (2830 ms)  ws_cov=870  → live_btc.parquet
[15:41:41] tick 200  + 544 rows  (3550 ms)  ws_cov=870  → live_btc.parquet
[15:41:43] tick 201  + 546 rows  (1994 ms)  ws_cov=870  → live_btc.parquet
[15:41:45] tick 202  + 545 rows  (2518 ms)  ws_cov=870  → live_btc.parquet
[15:41:47] tick 203  + 545 rows  (1675 ms)  ws_cov=870  → live_btc.parquet
[15:41:50] tick 204  + 547 rows  (2564 ms)  ws_cov=870  → live_btc.parquet
[15:41:52] tick 205  + 547 rows  (2399 ms)  ws_cov=870  → live_btc.parquet
[15:41:53] tick 206  + 545 rows  (1454 ms)  ws_cov=870  → live_btc.parquet
[15:41:55] tick 207  + 544 rows  (1682 ms)  ws_cov=870  → live_btc.parquet
[15:41:57] tick 208  + 544 rows  (1822 ms)  ws_cov=870  → live_btc.parquet
[15:41:59] tick 209  + 544 rows  (1828 ms)  ws_cov=870  → live_btc.parquet
[15:42:01] tick 210  + 544 rows  (1858 ms)  ws_cov=870  → live_btc.parquet
[15:42:02] tick 211  + 545 rows  (1795 ms)  ws_cov=870  → live_btc.parquet
[15:42:04] tick 212  + 544 rows  (1888 ms)  ws_cov=870  → live_btc.parquet
[15:42:06] tick 213  + 545 rows  (1429 ms)  ws_cov=870  → live_btc.parquet
[15:42:07] tick 214  + 545 rows  (1688 ms)  ws_cov=870  → live_btc.parquet
[15:42:09] tick 215  + 545 rows  (1507 ms)  ws_cov=870  → live_btc.parquet
[15:42:11] tick 216  + 545 rows  (1983 ms)  ws_cov=870  → live_btc.parquet
[15:42:14] tick 217  + 544 rows  (3529 ms)  ws_cov=870  → live_btc.parquet
[15:42:16] tick 218  + 545 rows  (1911 ms)  ws_cov=870  → live_btc.parquet
[15:42:21] tick 219  + 544 rows  (4327 ms)  ws_cov=870  → live_btc.parquet
[15:42:24] tick 220  + 544 rows  (3640 ms)  ws_cov=870  → live_btc.parquet
[15:42:27] tick 221  + 545 rows  (2909 ms)  ws_cov=870  → live_btc.parquet
[15:42:30] tick 222  + 544 rows  (2516 ms)  ws_cov=870  → live_btc.parquet
[15:42:32] tick 223  + 545 rows  (2520 ms)  ws_cov=870  → live_btc.parquet
[15:42:36] tick 224  + 545 rows  (3994 ms)  ws_cov=870  → live_btc.parquet
[15:42:38] tick 225  + 545 rows  (1838 ms)  ws_cov=870  → live_btc.parquet
[15:42:40] tick 226  + 545 rows  (1867 ms)  ws_cov=870  → live_btc.parquet
[15:42:42] tick 227  + 545 rows  (2461 ms)  ws_cov=870  → live_btc.parquet
[15:42:45] tick 228  + 545 rows  (2783 ms)  ws_cov=870  → live_btc.parquet
[15:42:48] tick 229  + 545 rows  (2757 ms)  ws_cov=870  → live_btc.parquet
[15:42:50] tick 230  + 545 rows  (2319 ms)  ws_cov=870  → live_btc.parquet
[15:42:53] tick 231  + 544 rows  (2381 ms)  ws_cov=870  → live_btc.parquet
[15:42:55] tick 232  + 544 rows  (2139 ms)  ws_cov=870  → live_btc.parquet
[15:42:57] tick 233  + 545 rows  (2514 ms)  ws_cov=870  → live_btc.parquet
[15:43:00] tick 234  + 545 rows  (2770 ms)  ws_cov=870  → live_btc.parquet
[15:43:03] tick 235  + 545 rows  (2555 ms)  ws_cov=870  → live_btc.parquet
[15:43:05] tick 236  + 544 rows  (2713 ms)  ws_cov=870  → live_btc.parquet
[15:43:09] tick 237  + 545 rows  (3530 ms)  ws_cov=870  → live_btc.parquet
[15:43:12] tick 238  + 546 rows  (2656 ms)  ws_cov=870  → live_btc.parquet
[15:43:14] tick 239  + 546 rows  (2690 ms)  ws_cov=870  → live_btc.parquet
[15:43:17] tick 240  + 546 rows  (3032 ms)  ws_cov=870  → live_btc.parquet
[15:43:20] tick 241  + 548 rows  (2721 ms)  ws_cov=870  → live_btc.parquet
[15:43:23] tick 242  + 548 rows  (3138 ms)  ws_cov=870  → live_btc.parquet
[15:43:26] tick 243  + 548 rows  (2345 ms)  ws_cov=870  → live_btc.parquet
[15:43:28] tick 244  + 547 rows  (2472 ms)  ws_cov=870  → live_btc.parquet
[15:43:31] tick 245  + 547 rows  (2922 ms)  ws_cov=870  → live_btc.parquet
[15:43:33] tick 246  + 548 rows  (2238 ms)  ws_cov=870  → live_btc.parquet
[15:43:36] tick 247  + 548 rows  (2420 ms)  ws_cov=870  → live_btc.parquet
[15:43:38] tick 248  + 547 rows  (2341 ms)  ws_cov=870  → live_btc.parquet
[15:43:41] tick 249  + 548 rows  (2630 ms)  ws_cov=870  → live_btc.parquet
[15:43:43] tick 250  + 548 rows  (1983 ms)  ws_cov=870  → live_btc.parquet
[15:43:45] tick 251  + 548 rows  (2204 ms)  ws_cov=870  → live_btc.parquet
[15:43:47] tick 252  + 548 rows  (1944 ms)  ws_cov=870  → live_btc.parquet
[15:43:49] tick 253  + 548 rows  (1976 ms)  ws_cov=870  → live_btc.parquet
[15:43:50] tick 254  + 548 rows  (1652 ms)  ws_cov=870  → live_btc.parquet
[15:43:52] tick 255  + 548 rows  (1728 ms)  ws_cov=870  → live_btc.parquet
[15:43:54] tick 256  + 548 rows  (1780 ms)  ws_cov=870  → live_btc.parquet
[15:43:56] tick 257  + 547 rows  (1824 ms)  ws_cov=870  → live_btc.parquet
[15:43:57] tick 258  + 547 rows  (1622 ms)  ws_cov=870  → live_btc.parquet
[15:43:59] tick 259  + 547 rows  (2098 ms)  ws_cov=870  → live_btc.parquet
[15:44:01] tick 260  + 547 rows  (2015 ms)  ws_cov=870  → live_btc.parquet
[15:44:03] tick 261  + 547 rows  (1536 ms)  ws_cov=870  → live_btc.parquet
[15:44:05] tick 262  + 548 rows  (1718 ms)  ws_cov=870  → live_btc.parquet
[15:44:06] tick 263  + 549 rows  (1545 ms)  ws_cov=870  → live_btc.parquet
[15:44:09] tick 264  + 549 rows  (2465 ms)  ws_cov=870  → live_btc.parquet
[15:44:10] tick 265  + 549 rows  (1600 ms)  ws_cov=870  → live_btc.parquet
[15:44:12] tick 266  + 550 rows  (1847 ms)  ws_cov=870  → live_btc.parquet
[15:44:15] tick 267  + 550 rows  (3165 ms)  ws_cov=870  → live_btc.parquet
[15:44:17] tick 268  + 549 rows  (2044 ms)  ws_cov=870  → live_btc.parquet
[15:44:19] tick 269  + 548 rows  (1665 ms)  ws_cov=870  → live_btc.parquet
[15:44:20] tick 270  + 546 rows  (1370 ms)  ws_cov=870  → live_btc.parquet
[15:44:22] tick 271  + 547 rows  (1574 ms)  ws_cov=870  → live_btc.parquet
[15:44:24] tick 272  + 548 rows  (2170 ms)  ws_cov=870  → live_btc.parquet
[15:44:26] tick 273  + 548 rows  (2054 ms)  ws_cov=870  → live_btc.parquet
[15:44:28] tick 274  + 548 rows  (1795 ms)  ws_cov=870  → live_btc.parquet
[15:44:30] tick 275  + 548 rows  (2045 ms)  ws_cov=870  → live_btc.parquet
[15:44:32] tick 276  + 548 rows  (1816 ms)  ws_cov=870  → live_btc.parquet
[15:44:34] tick 277  + 547 rows  (2442 ms)  ws_cov=870  → live_btc.parquet
[15:44:37] tick 278  + 547 rows  (2917 ms)  ws_cov=870  → live_btc.parquet
[15:44:40] tick 279  + 548 rows  (2594 ms)  ws_cov=870  → live_btc.parquet
[15:44:42] tick 280  + 548 rows  (2580 ms)  ws_cov=870  → live_btc.parquet
[15:44:45] tick 281  + 548 rows  (2348 ms)  ws_cov=870  → live_btc.parquet
[15:44:48] tick 282  + 547 rows  (3358 ms)  ws_cov=870  → live_btc.parquet
[15:44:51] tick 283  + 548 rows  (2924 ms)  ws_cov=870  → live_btc.parquet
[15:44:54] tick 284  + 548 rows  (3211 ms)  ws_cov=870  → live_btc.parquet
[15:44:57] tick 285  + 548 rows  (3123 ms)  ws_cov=870  → live_btc.parquet
[15:45:00] tick 286  + 548 rows  (2909 ms)  ws_cov=870  → live_btc.parquet
[15:45:04] tick 287  + 548 rows  (3464 ms)  ws_cov=870  → live_btc.parquet
[15:45:08] tick 288  + 548 rows  (4504 ms)  ws_cov=870  → live_btc.parquet
[15:45:10] tick 289  + 548 rows  (2124 ms)  ws_cov=870  → live_btc.parquet
[15:45:12] tick 290  + 551 rows  (2148 ms)  ws_cov=870  → live_btc.parquet
[15:45:14] tick 291  + 554 rows  (1984 ms)  ws_cov=870  → live_btc.parquet
[15:45:16] tick 292  + 553 rows  (2043 ms)  ws_cov=870  → live_btc.parquet
[15:45:21] tick 293  + 554 rows  (4649 ms)  ws_cov=870  → live_btc.parquet
[15:45:24] tick 294  + 556 rows  (2761 ms)  ws_cov=870  → live_btc.parquet
[15:45:27] tick 295  + 555 rows  (3116 ms)  ws_cov=870  → live_btc.parquet
[15:45:29] tick 296  + 555 rows  (2427 ms)  ws_cov=870  → live_btc.parquet
[15:45:31] tick 297  + 554 rows  (2066 ms)  ws_cov=870  → live_btc.parquet
[15:45:33] tick 298  + 554 rows  (1947 ms)  ws_cov=870  → live_btc.parquet
[15:45:36] tick 299  + 553 rows  (2289 ms)  ws_cov=870  → live_btc.parquet
[15:45:38] tick 300  + 553 rows  (2379 ms)  ws_cov=870  → live_btc.parquet
[15:45:41] tick 301  + 553 rows  (2511 ms)  ws_cov=870  → live_btc.parquet
[15:45:43] tick 302  + 553 rows  (2532 ms)  ws_cov=870  → live_btc.parquet
[15:45:45] tick 303  + 553 rows  (2207 ms)  ws_cov=870  → live_btc.parquet
[15:45:48] tick 304  + 553 rows  (2202 ms)  ws_cov=870  → live_btc.parquet
[15:45:50] tick 305  + 553 rows  (2262 ms)  ws_cov=870  → live_btc.parquet
[15:45:52] tick 306  + 553 rows  (1879 ms)  ws_cov=870  → live_btc.parquet
[15:45:54] tick 307  + 554 rows  (2134 ms)  ws_cov=870  → live_btc.parquet
[15:45:57] tick 308  + 554 rows  (3209 ms)  ws_cov=870  → live_btc.parquet
[15:46:00] tick 309  + 553 rows  (2717 ms)  ws_cov=870  → live_btc.parquet
[15:46:03] tick 310  + 555 rows  (2772 ms)  ws_cov=870  → live_btc.parquet
[15:46:05] tick 311  + 555 rows  (2624 ms)  ws_cov=870  → live_btc.parquet
[15:46:08] tick 312  + 555 rows  (2724 ms)  ws_cov=870  → live_btc.parquet
[15:46:11] tick 313  + 557 rows  (2864 ms)  ws_cov=870  → live_btc.parquet
[15:46:14] tick 314  + 555 rows  (2915 ms)  ws_cov=870  → live_btc.parquet
[15:46:17] tick 315  + 553 rows  (3003 ms)  ws_cov=870  → live_btc.parquet
[15:46:19] tick 316  + 553 rows  (2576 ms)  ws_cov=870  → live_btc.parquet
[15:46:22] tick 317  + 553 rows  (2533 ms)  ws_cov=870  → live_btc.parquet
[15:46:24] tick 318  + 552 rows  (1864 ms)  ws_cov=870  → live_btc.parquet
[15:46:26] tick 319  + 553 rows  (2299 ms)  ws_cov=870  → live_btc.parquet
[15:46:29] tick 320  + 556 rows  (2614 ms)  ws_cov=870  → live_btc.parquet
[15:46:31] tick 321  + 557 rows  (2724 ms)  ws_cov=870  → live_btc.parquet
[15:46:34] tick 322  + 558 rows  (2534 ms)  ws_cov=870  → live_btc.parquet
[15:46:36] tick 323  + 557 rows  (2590 ms)  ws_cov=870  → live_btc.parquet
[15:46:39] tick 324  + 554 rows  (2763 ms)  ws_cov=870  → live_btc.parquet
[15:46:42] tick 325  + 552 rows  (2651 ms)  ws_cov=870  → live_btc.parquet
[15:46:45] tick 326  + 550 rows  (3221 ms)  ws_cov=870  → live_btc.parquet
[15:46:48] tick 327  + 551 rows  (3082 ms)  ws_cov=870  → live_btc.parquet
[15:46:51] tick 328  + 551 rows  (2693 ms)  ws_cov=870  → live_btc.parquet
[15:46:54] tick 329  + 550 rows  (2959 ms)  ws_cov=870  → live_btc.parquet
[15:46:56] tick 330  + 549 rows  (2546 ms)  ws_cov=870  → live_btc.parquet
[15:46:59] tick 331  + 547 rows  (2941 ms)  ws_cov=870  → live_btc.parquet
[15:47:02] tick 332  + 548 rows  (3118 ms)  ws_cov=870  → live_btc.parquet
[15:47:06] tick 333  + 547 rows  (3655 ms)  ws_cov=870  → live_btc.parquet
[15:47:09] tick 334  + 547 rows  (2747 ms)  ws_cov=870  → live_btc.parquet
[15:47:12] tick 335  + 548 rows  (2827 ms)  ws_cov=870  → live_btc.parquet
[15:47:15] tick 336  + 548 rows  (3083 ms)  ws_cov=870  → live_btc.parquet
[15:47:19] tick 337  + 549 rows  (3994 ms)  ws_cov=870  → live_btc.parquet
[15:47:21] tick 338  + 548 rows  (2138 ms)  ws_cov=870  → live_btc.parquet
[15:47:23] tick 339  + 550 rows  (1899 ms)  ws_cov=870  → live_btc.parquet
[15:47:24] tick 340  + 550 rows  (1452 ms)  ws_cov=870  → live_btc.parquet
[15:47:26] tick 341  + 551 rows  (1425 ms)  ws_cov=870  → live_btc.parquet
[15:47:27] tick 342  + 551 rows  (1545 ms)  ws_cov=870  → live_btc.parquet
[15:47:29] tick 343  + 551 rows  (1777 ms)  ws_cov=870  → live_btc.parquet
[15:47:31] tick 344  + 551 rows  (2016 ms)  ws_cov=870  → live_btc.parquet
[15:47:34] tick 345  + 552 rows  (2764 ms)  ws_cov=870  → live_btc.parquet
[15:47:36] tick 346  + 555 rows  (2289 ms)  ws_cov=870  → live_btc.parquet
[15:47:38] tick 347  + 555 rows  (2098 ms)  ws_cov=870  → live_btc.parquet
[15:47:40] tick 348  + 552 rows  (2009 ms)  ws_cov=870  → live_btc.parquet
[15:47:42] tick 349  + 552 rows  (1988 ms)  ws_cov=870  → live_btc.parquet
[15:47:44] tick 350  + 554 rows  (1532 ms)  ws_cov=870  → live_btc.parquet
[15:47:47] tick 351  + 557 rows  (3404 ms)  ws_cov=870  → live_btc.parquet
[15:47:49] tick 352  + 557 rows  (1611 ms)  ws_cov=870  → live_btc.parquet
[15:47:51] tick 353  + 557 rows  (1962 ms)  ws_cov=870  → live_btc.parquet
[15:47:52] tick 354  + 557 rows  (1530 ms)  ws_cov=870  → live_btc.parquet
[15:47:55] tick 355  + 558 rows  (3182 ms)  ws_cov=870  → live_btc.parquet
[15:47:57] tick 356  + 559 rows  (1774 ms)  ws_cov=870  → live_btc.parquet
[15:47:58] tick 357  + 558 rows  (1404 ms)  ws_cov=870  → live_btc.parquet
[15:48:00] tick 358  + 558 rows  (2022 ms)  ws_cov=870  → live_btc.parquet
[15:48:03] tick 359  + 556 rows  (2156 ms)  ws_cov=870  → live_btc.parquet
[15:48:04] tick 360  + 556 rows  (1728 ms)  ws_cov=870  → live_btc.parquet
[15:48:07] tick 361  + 557 rows  (2295 ms)  ws_cov=870  → live_btc.parquet
[15:48:09] tick 362  + 557 rows  (2220 ms)  ws_cov=870  → live_btc.parquet
[15:48:11] tick 363  + 557 rows  (2521 ms)  ws_cov=870  → live_btc.parquet
[15:48:13] tick 364  + 557 rows  (2021 ms)  ws_cov=870  → live_btc.parquet
[15:48:16] tick 365  + 556 rows  (2498 ms)  ws_cov=870  → live_btc.parquet
[15:48:18] tick 366  + 556 rows  (2094 ms)  ws_cov=870  → live_btc.parquet
[15:48:20] tick 367  + 556 rows  (2114 ms)  ws_cov=870  → live_btc.parquet
[15:48:22] tick 368  + 557 rows  (1436 ms)  ws_cov=870  → live_btc.parquet
[15:48:23] tick 369  + 557 rows  (1744 ms)  ws_cov=870  → live_btc.parquet
[15:48:25] tick 370  + 556 rows  (2089 ms)  ws_cov=870  → live_btc.parquet
[15:48:28] tick 371  + 556 rows  (2122 ms)  ws_cov=870  → live_btc.parquet
[15:48:30] tick 372  + 556 rows  (2384 ms)  ws_cov=870  → live_btc.parquet
[15:48:32] tick 373  + 556 rows  (1777 ms)  ws_cov=870  → live_btc.parquet
[15:48:33] tick 374  + 555 rows  (1579 ms)  ws_cov=870  → live_btc.parquet
[15:48:35] tick 375  + 555 rows  (2035 ms)  ws_cov=870  → live_btc.parquet
[15:48:37] tick 376  + 555 rows  (1489 ms)  ws_cov=870  → live_btc.parquet
[15:48:39] tick 377  + 555 rows  (1850 ms)  ws_cov=870  → live_btc.parquet
[15:48:41] tick 378  + 554 rows  (2235 ms)  ws_cov=870  → live_btc.parquet
[15:48:43] tick 379  + 556 rows  (1939 ms)  ws_cov=870  → live_btc.parquet
[15:48:44] tick 380  + 555 rows  (1628 ms)  ws_cov=870  → live_btc.parquet
[15:48:46] tick 381  + 555 rows  (1579 ms)  ws_cov=870  → live_btc.parquet
[15:48:48] tick 382  + 555 rows  (1754 ms)  ws_cov=870  → live_btc.parquet
[15:48:50] tick 383  + 555 rows  (1726 ms)  ws_cov=870  → live_btc.parquet
[15:48:52] tick 384  + 555 rows  (2361 ms)  ws_cov=870  → live_btc.parquet
[15:48:54] tick 385  + 555 rows  (2219 ms)  ws_cov=870  → live_btc.parquet
[15:48:56] tick 386  + 555 rows  (2203 ms)  ws_cov=870  → live_btc.parquet
[15:48:59] tick 387  + 555 rows  (2354 ms)  ws_cov=870  → live_btc.parquet
[15:49:00] tick 388  + 555 rows  (1806 ms)  ws_cov=870  → live_btc.parquet
[15:49:03] tick 389  + 555 rows  (2339 ms)  ws_cov=870  → live_btc.parquet
[15:49:05] tick 390  + 555 rows  (2267 ms)  ws_cov=870  → live_btc.parquet
[15:49:08] tick 391  + 554 rows  (2612 ms)  ws_cov=870  → live_btc.parquet
[15:49:10] tick 392  + 555 rows  (2223 ms)  ws_cov=870  → live_btc.parquet
[15:49:12] tick 393  + 554 rows  (1815 ms)  ws_cov=870  → live_btc.parquet
[15:49:13] tick 394  + 554 rows  (1590 ms)  ws_cov=870  → live_btc.parquet
[15:49:15] tick 395  + 554 rows  (1640 ms)  ws_cov=870  → live_btc.parquet
[15:49:17] tick 396  + 554 rows  (1624 ms)  ws_cov=870  → live_btc.parquet
[15:49:19] tick 397  + 554 rows  (1968 ms)  ws_cov=870  → live_btc.parquet
[15:49:20] tick 398  + 555 rows  (1651 ms)  ws_cov=870  → live_btc.parquet
[15:49:22] tick 399  + 555 rows  (1881 ms)  ws_cov=870  → live_btc.parquet
[15:49:24] tick 400  + 555 rows  (1685 ms)  ws_cov=870  → live_btc.parquet
[15:49:26] tick 401  + 555 rows  (1898 ms)  ws_cov=870  → live_btc.parquet
[15:49:27] tick 402  + 555 rows  (1817 ms)  ws_cov=870  → live_btc.parquet
[15:49:29] tick 403  + 554 rows  (1715 ms)  ws_cov=870  → live_btc.parquet
[15:49:31] tick 404  + 554 rows  (1934 ms)  ws_cov=870  → live_btc.parquet
[15:49:33] tick 405  + 554 rows  (1827 ms)  ws_cov=870  → live_btc.parquet
[15:49:35] tick 406  + 554 rows  (1916 ms)  ws_cov=870  → live_btc.parquet
[15:49:37] tick 407  + 554 rows  (1877 ms)  ws_cov=870  → live_btc.parquet
[15:49:39] tick 408  + 554 rows  (2178 ms)  ws_cov=870  → live_btc.parquet
[15:49:41] tick 409  + 555 rows  (1783 ms)  ws_cov=870  → live_btc.parquet
[15:49:43] tick 410  + 556 rows  (2347 ms)  ws_cov=870  → live_btc.parquet
[15:49:45] tick 411  + 556 rows  (2414 ms)  ws_cov=870  → live_btc.parquet
[15:49:48] tick 412  + 556 rows  (2418 ms)  ws_cov=870  → live_btc.parquet
[15:49:50] tick 413  + 558 rows  (2363 ms)  ws_cov=870  → live_btc.parquet
[15:49:52] tick 414  + 556 rows  (1893 ms)  ws_cov=870  → live_btc.parquet
[15:49:54] tick 415  + 556 rows  (1877 ms)  ws_cov=870  → live_btc.parquet
[15:49:56] tick 416  + 557 rows  (2319 ms)  ws_cov=870  → live_btc.parquet
[15:49:59] tick 417  + 559 rows  (2314 ms)  ws_cov=870  → live_btc.parquet
[15:50:01] tick 418  + 560 rows  (2845 ms)  ws_cov=870  → live_btc.parquet
[15:50:04] tick 419  + 561 rows  (2292 ms)  ws_cov=870  → live_btc.parquet
[15:50:06] tick 420  + 560 rows  (2224 ms)  ws_cov=870  → live_btc.parquet
[15:50:09] tick 421  + 560 rows  (2878 ms)  ws_cov=870  → live_btc.parquet
[15:50:11] tick 422  + 559 rows  (2370 ms)  ws_cov=870  → live_btc.parquet
[15:50:13] tick 423  + 558 rows  (2018 ms)  ws_cov=870  → live_btc.parquet
[15:50:16] tick 424  + 559 rows  (2472 ms)  ws_cov=870  → live_btc.parquet
[15:50:18] tick 425  + 559 rows  (2204 ms)  ws_cov=870  → live_btc.parquet
[15:50:20] tick 426  + 559 rows  (2455 ms)  ws_cov=870  → live_btc.parquet
[15:50:23] tick 427  + 558 rows  (2382 ms)  ws_cov=870  → live_btc.parquet
[15:50:25] tick 428  + 558 rows  (2489 ms)  ws_cov=870  → live_btc.parquet
[15:50:28] tick 429  + 558 rows  (2343 ms)  ws_cov=870  → live_btc.parquet
[15:50:30] tick 430  + 559 rows  (1929 ms)  ws_cov=870  → live_btc.parquet
[15:50:31] tick 431  + 558 rows  (1673 ms)  ws_cov=870  → live_btc.parquet
[15:50:33] tick 432  + 558 rows  (1961 ms)  ws_cov=870  → live_btc.parquet
[15:50:36] tick 433  + 560 rows  (2451 ms)  ws_cov=870  → live_btc.parquet
[15:50:38] tick 434  + 562 rows  (2470 ms)  ws_cov=870  → live_btc.parquet
[15:50:41] tick 435  + 560 rows  (2570 ms)  ws_cov=870  → live_btc.parquet
[15:50:43] tick 436  + 561 rows  (2101 ms)  ws_cov=870  → live_btc.parquet
[15:50:45] tick 437  + 561 rows  (2145 ms)  ws_cov=870  → live_btc.parquet
[15:50:47] tick 438  + 561 rows  (2132 ms)  ws_cov=870  → live_btc.parquet
[15:50:49] tick 439  + 560 rows  (2423 ms)  ws_cov=870  → live_btc.parquet
[15:50:52] tick 440  + 561 rows  (2131 ms)  ws_cov=870  → live_btc.parquet
[15:50:54] tick 441  + 560 rows  (2396 ms)  ws_cov=870  → live_btc.parquet
[15:50:56] tick 442  + 559 rows  (2310 ms)  ws_cov=870  → live_btc.parquet
[15:50:59] tick 443  + 561 rows  (2777 ms)  ws_cov=870  → live_btc.parquet
[15:51:01] tick 444  + 560 rows  (2138 ms)  ws_cov=870  → live_btc.parquet
[15:51:04] tick 445  + 558 rows  (2294 ms)  ws_cov=870  → live_btc.parquet
[15:51:06] tick 446  + 559 rows  (2240 ms)  ws_cov=870  → live_btc.parquet
[15:51:08] tick 447  + 560 rows  (2200 ms)  ws_cov=870  → live_btc.parquet
[15:51:10] tick 448  + 560 rows  (2147 ms)  ws_cov=870  → live_btc.parquet
[15:51:13] tick 449  + 561 rows  (2619 ms)  ws_cov=870  → live_btc.parquet
[15:51:15] tick 450  + 562 rows  (2207 ms)  ws_cov=870  → live_btc.parquet
[15:51:17] tick 451  + 562 rows  (2277 ms)  ws_cov=870  → live_btc.parquet
[15:51:19] tick 452  + 563 rows  (2191 ms)  ws_cov=870  → live_btc.parquet
[15:51:22] tick 453  + 564 rows  (2400 ms)  ws_cov=870  → live_btc.parquet
[15:51:24] tick 454  + 563 rows  (2019 ms)  ws_cov=870  → live_btc.parquet
[15:51:26] tick 455  + 563 rows  (2555 ms)  ws_cov=870  → live_btc.parquet
[15:51:29] tick 456  + 563 rows  (2286 ms)  ws_cov=870  → live_btc.parquet
[15:51:31] tick 457  + 544 rows  (2278 ms)  ws_cov=870  → live_btc.parquet
[15:51:33] tick 458  + 543 rows  (2321 ms)  ws_cov=870  → live_btc.parquet
[15:51:36] tick 459  + 545 rows  (2444 ms)  ws_cov=870  → live_btc.parquet
[15:51:38] tick 460  + 545 rows  (2448 ms)  ws_cov=870  → live_btc.parquet
[15:51:41] tick 461  + 546 rows  (2446 ms)  ws_cov=870  → live_btc.parquet
[15:51:43] tick 462  + 546 rows  (2558 ms)  ws_cov=870  → live_btc.parquet
[15:51:46] tick 463  + 548 rows  (2540 ms)  ws_cov=870  → live_btc.parquet
[15:51:48] tick 464  + 547 rows  (2210 ms)  ws_cov=870  → live_btc.parquet
[15:51:51] tick 465  + 546 rows  (2741 ms)  ws_cov=870  → live_btc.parquet
[15:51:53] tick 466  + 546 rows  (2270 ms)  ws_cov=870  → live_btc.parquet
[15:51:55] tick 467  + 546 rows  (2239 ms)  ws_cov=870  → live_btc.parquet
[15:51:58] tick 468  + 546 rows  (2820 ms)  ws_cov=870  → live_btc.parquet
[15:52:00] tick 469  + 548 rows  (2003 ms)  ws_cov=870  → live_btc.parquet
[15:52:02] tick 470  + 548 rows  (2138 ms)  ws_cov=870  → live_btc.parquet
[15:52:04] tick 471  + 548 rows  (1814 ms)  ws_cov=870  → live_btc.parquet
[15:52:06] tick 472  + 549 rows  (1673 ms)  ws_cov=870  → live_btc.parquet
[15:52:08] tick 473  + 549 rows  (2622 ms)  ws_cov=870  → live_btc.parquet
[15:52:11] tick 474  + 547 rows  (2731 ms)  ws_cov=870  → live_btc.parquet
[15:52:13] tick 475  + 545 rows  (2195 ms)  ws_cov=870  → live_btc.parquet
[15:52:15] tick 476  + 544 rows  (2298 ms)  ws_cov=870  → live_btc.parquet
[15:52:18] tick 477  + 544 rows  (2193 ms)  ws_cov=870  → live_btc.parquet
[15:52:20] tick 478  + 544 rows  (2508 ms)  ws_cov=870  → live_btc.parquet
[15:52:22] tick 479  + 544 rows  (2169 ms)  ws_cov=870  → live_btc.parquet
[15:52:25] tick 480  + 544 rows  (2808 ms)  ws_cov=870  → live_btc.parquet
[15:52:27] tick 481  + 547 rows  (2241 ms)  ws_cov=870  → live_btc.parquet
[15:52:30] tick 482  + 547 rows  (2220 ms)  ws_cov=870  → live_btc.parquet
[15:52:32] tick 483  + 545 rows  (2225 ms)  ws_cov=870  → live_btc.parquet
[15:52:35] tick 484  + 545 rows  (2684 ms)  ws_cov=870  → live_btc.parquet
[15:52:37] tick 485  + 546 rows  (2703 ms)  ws_cov=870  → live_btc.parquet
[15:52:40] tick 486  + 547 rows  (3008 ms)  ws_cov=870  → live_btc.parquet
[15:52:43] tick 487  + 546 rows  (2607 ms)  ws_cov=870  → live_btc.parquet
[15:52:46] tick 488  + 546 rows  (3027 ms)  ws_cov=870  → live_btc.parquet
[15:52:48] tick 489  + 546 rows  (2606 ms)  ws_cov=870  → live_btc.parquet
[15:52:52] tick 490  + 549 rows  (3254 ms)  ws_cov=870  → live_btc.parquet
[15:52:55] tick 491  + 548 rows  (3029 ms)  ws_cov=870  → live_btc.parquet
[15:52:57] tick 492  + 544 rows  (2576 ms)  ws_cov=870  → live_btc.parquet
[15:53:00] tick 493  + 545 rows  (2528 ms)  ws_cov=870  → live_btc.parquet
[15:53:03] tick 494  + 544 rows  (3055 ms)  ws_cov=870  → live_btc.parquet
[15:53:05] tick 495  + 543 rows  (2364 ms)  ws_cov=870  → live_btc.parquet
[15:53:08] tick 496  + 544 rows  (2385 ms)  ws_cov=870  → live_btc.parquet
[15:53:10] tick 497  + 547 rows  (2371 ms)  ws_cov=870  → live_btc.parquet
[15:53:13] tick 498  + 548 rows  (2760 ms)  ws_cov=870  → live_btc.parquet
[15:53:15] tick 499  + 550 rows  (2293 ms)  ws_cov=870  → live_btc.parquet
[15:53:18] tick 500  + 551 rows  (2449 ms)  ws_cov=870  → live_btc.parquet
[15:53:19] tick 501  + 550 rows  (1928 ms)  ws_cov=870  → live_btc.parquet
[15:53:25] tick 502  + 550 rows  (5312 ms)  ws_cov=870  → live_btc.parquet
[15:53:27] tick 503  + 550 rows  (2712 ms)  ws_cov=870  → live_btc.parquet
[15:53:31] tick 504  + 550 rows  (3188 ms)  ws_cov=870  → live_btc.parquet
[15:53:34] tick 505  + 550 rows  (3345 ms)  ws_cov=870  → live_btc.parquet
[15:53:37] tick 506  + 550 rows  (2954 ms)  ws_cov=870  → live_btc.parquet
[15:53:41] tick 507  + 551 rows  (3739 ms)  ws_cov=870  → live_btc.parquet
[15:53:43] tick 508  + 551 rows  (2703 ms)  ws_cov=870  → live_btc.parquet
[15:53:46] tick 509  + 550 rows  (2445 ms)  ws_cov=870  → live_btc.parquet
[15:53:50] tick 510  + 550 rows  (3734 ms)  ws_cov=870  → live_btc.parquet
[15:53:54] tick 511  + 550 rows  (4558 ms)  ws_cov=870  → live_btc.parquet
[15:53:57] tick 512  + 550 rows  (2945 ms)  ws_cov=870  → live_btc.parquet
[15:54:00] tick 513  + 550 rows  (3390 ms)  ws_cov=870  → live_btc.parquet
[15:54:05] tick 514  + 550 rows  (4434 ms)  ws_cov=870  → live_btc.parquet
[15:54:08] tick 515  + 552 rows  (3128 ms)  ws_cov=870  → live_btc.parquet
[15:54:13] tick 516  + 552 rows  (5342 ms)  ws_cov=870  → live_btc.parquet
[15:54:16] tick 517  + 553 rows  (3094 ms)  ws_cov=870  → live_btc.parquet
[15:54:20] tick 518  + 552 rows  (3557 ms)  ws_cov=870  → live_btc.parquet
[15:54:23] tick 519  + 552 rows  (2843 ms)  ws_cov=870  → live_btc.parquet
[15:54:26] tick 520  + 551 rows  (2755 ms)  ws_cov=870  → live_btc.parquet
[15:54:29] tick 521  + 549 rows  (3420 ms)  ws_cov=870  → live_btc.parquet
[15:54:32] tick 522  + 550 rows  (2754 ms)  ws_cov=870  → live_btc.parquet
[15:54:35] tick 523  + 552 rows  (3085 ms)  ws_cov=870  → live_btc.parquet
[15:54:38] tick 524  + 552 rows  (3398 ms)  ws_cov=870  → live_btc.parquet
[15:54:42] tick 525  + 553 rows  (3553 ms)  ws_cov=870  → live_btc.parquet
[15:54:45] tick 526  + 553 rows  (3341 ms)  ws_cov=870  → live_btc.parquet
[15:54:50] tick 527  + 553 rows  (4844 ms)  ws_cov=870  → live_btc.parquet
[15:54:54] tick 528  + 553 rows  (3800 ms)  ws_cov=870  → live_btc.parquet
[15:54:58] tick 529  + 553 rows  (3747 ms)  ws_cov=870  → live_btc.parquet
[15:55:03] tick 530  + 553 rows  (5828 ms)  ws_cov=870  → live_btc.parquet
[15:55:07] tick 531  + 553 rows  (3448 ms)  ws_cov=870  → live_btc.parquet
[15:55:12] tick 532  + 553 rows  (4740 ms)  ws_cov=870  → live_btc.parquet
[15:55:15] tick 533  + 554 rows  (3844 ms)  ws_cov=870  → live_btc.parquet
[15:55:19] tick 534  + 554 rows  (3623 ms)  ws_cov=870  → live_btc.parquet
[15:55:23] tick 535  + 553 rows  (3629 ms)  ws_cov=870  → live_btc.parquet
[15:55:26] tick 536  + 554 rows  (3055 ms)  ws_cov=870  → live_btc.parquet
[15:55:30] tick 537  + 554 rows  (3970 ms)  ws_cov=870  → live_btc.parquet
[15:55:33] tick 538  + 554 rows  (3337 ms)  ws_cov=870  → live_btc.parquet
[15:55:37] tick 539  + 554 rows  (3730 ms)  ws_cov=870  → live_btc.parquet
[15:55:41] tick 540  + 553 rows  (3794 ms)  ws_cov=870  → live_btc.parquet
[15:55:44] tick 541  + 554 rows  (3247 ms)  ws_cov=870  → live_btc.parquet
[15:55:48] tick 542  + 554 rows  (3885 ms)  ws_cov=870  → live_btc.parquet
[15:55:56] tick 543  + 552 rows  (8518 ms)  ws_cov=870  → live_btc.parquet
[15:56:06] tick 544  + 553 rows  (9580 ms)  ws_cov=870  → live_btc.parquet
[15:56:11] tick 545  + 553 rows  (4753 ms)  ws_cov=870  → live_btc.parquet
[15:56:16] tick 546  + 554 rows  (5498 ms)  ws_cov=870  → live_btc.parquet
[15:56:20] tick 547  + 554 rows  (3937 ms)  ws_cov=870  → live_btc.parquet
[15:56:24] tick 548  + 554 rows  (3544 ms)  ws_cov=870  → live_btc.parquet
[15:56:27] tick 549  + 554 rows  (3017 ms)  ws_cov=870  → live_btc.parquet
[15:56:29] tick 550  + 554 rows  (2610 ms)  ws_cov=870  → live_btc.parquet
[15:56:32] tick 551  + 554 rows  (2795 ms)  ws_cov=870  → live_btc.parquet
[15:56:35] tick 552  + 554 rows  (2913 ms)  ws_cov=870  → live_btc.parquet
[15:56:37] tick 553  + 554 rows  (2445 ms)  ws_cov=870  → live_btc.parquet
[15:56:40] tick 554  + 553 rows  (2323 ms)  ws_cov=870  → live_btc.parquet
[15:56:43] tick 555  + 553 rows  (3309 ms)  ws_cov=870  → live_btc.parquet
[15:56:48] tick 556  + 554 rows  (4580 ms)  ws_cov=870  → live_btc.parquet
[15:56:52] tick 557  + 555 rows  (4753 ms)  ws_cov=870  → live_btc.parquet
[15:56:56] tick 558  + 557 rows  (3255 ms)  ws_cov=870  → live_btc.parquet
[15:56:58] tick 559  + 561 rows  (2622 ms)  ws_cov=870  → live_btc.parquet
[15:57:01] tick 560  + 561 rows  (2828 ms)  ws_cov=870  → live_btc.parquet
[15:57:03] tick 561  + 561 rows  (2411 ms)  ws_cov=870  → live_btc.parquet
[15:57:06] tick 562  + 559 rows  (2714 ms)  ws_cov=870  → live_btc.parquet
[15:57:09] tick 563  + 559 rows  (2383 ms)  ws_cov=870  → live_btc.parquet
[15:57:11] tick 564  + 559 rows  (2771 ms)  ws_cov=870  → live_btc.parquet
[15:57:14] tick 565  + 559 rows  (2755 ms)  ws_cov=870  → live_btc.parquet
[15:57:17] tick 566  + 560 rows  (3002 ms)  ws_cov=870  → live_btc.parquet
[15:57:20] tick 567  + 558 rows  (3362 ms)  ws_cov=870  → live_btc.parquet
[15:57:23] tick 568  + 560 rows  (2352 ms)  ws_cov=870  → live_btc.parquet
[15:57:26] tick 569  + 561 rows  (3170 ms)  ws_cov=870  → live_btc.parquet
[15:57:31] tick 570  + 562 rows  (5214 ms)  ws_cov=870  → live_btc.parquet
[15:57:35] tick 571  + 563 rows  (3655 ms)  ws_cov=870  → live_btc.parquet
[15:57:39] tick 572  + 565 rows  (3856 ms)  ws_cov=870  → live_btc.parquet
[15:57:42] tick 573  + 565 rows  (2963 ms)  ws_cov=870  → live_btc.parquet
[15:57:44] tick 574  + 567 rows  (2628 ms)  ws_cov=870  → live_btc.parquet
[15:57:48] tick 575  + 569 rows  (3492 ms)  ws_cov=870  → live_btc.parquet
[15:57:51] tick 576  + 569 rows  (3275 ms)  ws_cov=870  → live_btc.parquet
[15:57:54] tick 577  + 571 rows  (3010 ms)  ws_cov=870  → live_btc.parquet
[15:57:57] tick 578  + 569 rows  (3073 ms)  ws_cov=870  → live_btc.parquet
[15:58:00] tick 579  + 570 rows  (2983 ms)  ws_cov=870  → live_btc.parquet
[15:58:03] tick 580  + 570 rows  (2854 ms)  ws_cov=870  → live_btc.parquet
[15:58:06] tick 581  + 570 rows  (2940 ms)  ws_cov=870  → live_btc.parquet
[15:58:09] tick 582  + 569 rows  (2942 ms)  ws_cov=870  → live_btc.parquet
[15:58:12] tick 583  + 569 rows  (3181 ms)  ws_cov=870  → live_btc.parquet
[15:58:16] tick 584  + 568 rows  (3516 ms)  ws_cov=870  → live_btc.parquet
[15:58:19] tick 585  + 571 rows  (3477 ms)  ws_cov=870  → live_btc.parquet
[15:58:22] tick 586  + 570 rows  (3240 ms)  ws_cov=870  → live_btc.parquet
[15:58:26] tick 587  + 570 rows  (3473 ms)  ws_cov=870  → live_btc.parquet
[15:58:29] tick 588  + 569 rows  (2973 ms)  ws_cov=870  → live_btc.parquet
[15:58:32] tick 589  + 570 rows  (2928 ms)  ws_cov=870  → live_btc.parquet
[15:58:35] tick 590  + 572 rows  (3143 ms)  ws_cov=870  → live_btc.parquet
[15:58:38] tick 591  + 571 rows  (2785 ms)  ws_cov=870  → live_btc.parquet
[15:58:41] tick 592  + 570 rows  (3549 ms)  ws_cov=870  → live_btc.parquet
[15:58:44] tick 593  + 570 rows  (2923 ms)  ws_cov=870  → live_btc.parquet
[15:58:47] tick 594  + 570 rows  (3257 ms)  ws_cov=870  → live_btc.parquet
[15:58:50] tick 595  + 570 rows  (2945 ms)  ws_cov=870  → live_btc.parquet
[15:58:53] tick 596  + 572 rows  (2996 ms)  ws_cov=870  → live_btc.parquet
[15:58:56] tick 597  + 575 rows  (3121 ms)  ws_cov=870  → live_btc.parquet
[15:58:59] tick 598  + 573 rows  (2830 ms)  ws_cov=870  → live_btc.parquet
[15:59:03] tick 599  + 574 rows  (3384 ms)  ws_cov=870  → live_btc.parquet
[15:59:05] tick 600  + 574 rows  (2478 ms)  ws_cov=870  → live_btc.parquet
[15:59:08] tick 601  + 572 rows  (2948 ms)  ws_cov=870  → live_btc.parquet
[15:59:11] tick 602  + 573 rows  (2898 ms)  ws_cov=870  → live_btc.parquet
[15:59:14] tick 603  + 572 rows  (2930 ms)  ws_cov=870  → live_btc.parquet
[15:59:17] tick 604  + 575 rows  (3424 ms)  ws_cov=870  → live_btc.parquet
[15:59:20] tick 605  + 574 rows  (2850 ms)  ws_cov=870  → live_btc.parquet
[15:59:23] tick 606  + 573 rows  (3186 ms)  ws_cov=870  → live_btc.parquet
[15:59:26] tick 607  + 573 rows  (2484 ms)  ws_cov=870  → live_btc.parquet
[15:59:29] tick 608  + 573 rows  (3233 ms)  ws_cov=870  → live_btc.parquet
[15:59:31] tick 609  + 573 rows  (2520 ms)  ws_cov=870  → live_btc.parquet
[15:59:37] tick 610  + 574 rows  (5994 ms)  ws_cov=870  → live_btc.parquet
[15:59:42] tick 611  + 573 rows  (4286 ms)  ws_cov=870  → live_btc.parquet
[15:59:46] tick 612  + 573 rows  (4692 ms)  ws_cov=870  → live_btc.parquet
[15:59:51] tick 613  + 572 rows  (4057 ms)  ws_cov=870  → live_btc.parquet
[15:59:54] tick 614  + 572 rows  (3698 ms)  ws_cov=870  → live_btc.parquet
[15:59:57] tick 615  + 571 rows  (3064 ms)  ws_cov=870  → live_btc.parquet
[16:00:01] tick 616  + 570 rows  (3262 ms)  ws_cov=870  → live_btc.parquet
[16:00:04] tick 617  + 570 rows  (3523 ms)  ws_cov=870  → live_btc.parquet
[16:00:07] tick 618  + 570 rows  (3005 ms)  ws_cov=870  → live_btc.parquet
[16:00:11] tick 619  + 568 rows  (4429 ms)  ws_cov=870  → live_btc.parquet
[16:00:15] tick 620  + 569 rows  (3001 ms)  ws_cov=870  → live_btc.parquet
[16:00:18] tick 621  + 573 rows  (3455 ms)  ws_cov=870  → live_btc.parquet
[16:00:22] tick 622  + 573 rows  (3878 ms)  ws_cov=870  → live_btc.parquet
[16:00:25] tick 623  + 573 rows  (3620 ms)  ws_cov=870  → live_btc.parquet
[16:00:29] tick 624  + 573 rows  (3815 ms)  ws_cov=870  → live_btc.parquet
[16:00:34] tick 625  + 572 rows  (4238 ms)  ws_cov=870  → live_btc.parquet
[16:00:38] tick 626  + 571 rows  (4303 ms)  ws_cov=870  → live_btc.parquet
[16:00:42] tick 627  + 569 rows  (4538 ms)  ws_cov=870  → live_btc.parquet
[16:00:47] tick 628  + 570 rows  (5022 ms)  ws_cov=870  → live_btc.parquet
[16:00:51] tick 629  + 571 rows  (3410 ms)  ws_cov=870  → live_btc.parquet
[16:00:55] tick 630  + 572 rows  (4412 ms)  ws_cov=870  → live_btc.parquet
[16:00:59] tick 631  + 568 rows  (3995 ms)  ws_cov=870  → live_btc.parquet
[16:01:03] tick 632  + 567 rows  (3562 ms)  ws_cov=870  → live_btc.parquet
[16:01:07] tick 633  + 567 rows  (3799 ms)  ws_cov=870  → live_btc.parquet
[16:01:10] tick 634  + 566 rows  (3443 ms)  ws_cov=870  → live_btc.parquet
[16:01:14] tick 635  + 569 rows  (4192 ms)  ws_cov=870  → live_btc.parquet
[16:01:18] tick 636  + 569 rows  (4221 ms)  ws_cov=870  → live_btc.parquet
[16:01:22] tick 637  + 571 rows  (3769 ms)  ws_cov=870  → live_btc.parquet
[16:01:26] tick 638  + 569 rows  (4094 ms)  ws_cov=870  → live_btc.parquet
[16:01:30] tick 639  + 572 rows  (4172 ms)  ws_cov=870  → live_btc.parquet
[16:01:34] tick 640  + 571 rows  (3943 ms)  ws_cov=870  → live_btc.parquet
[16:01:38] tick 641  + 573 rows  (3202 ms)  ws_cov=870  → live_btc.parquet
[16:01:41] tick 642  + 573 rows  (3076 ms)  ws_cov=870  → live_btc.parquet
[16:01:43] tick 643  + 571 rows  (2477 ms)  ws_cov=870  → live_btc.parquet
[16:01:46] tick 644  + 571 rows  (3192 ms)  ws_cov=870  → live_btc.parquet
[16:01:49] tick 645  + 571 rows  (2763 ms)  ws_cov=870  → live_btc.parquet
[16:01:52] tick 646  + 571 rows  (2769 ms)  ws_cov=870  → live_btc.parquet
[16:01:55] tick 647  + 570 rows  (2694 ms)  ws_cov=870  → live_btc.parquet
[16:01:57] tick 648  + 572 rows  (2510 ms)  ws_cov=870  → live_btc.parquet
[16:02:00] tick 649  + 572 rows  (2634 ms)  ws_cov=870  → live_btc.parquet
[16:02:03] tick 650  + 567 rows  (2977 ms)  ws_cov=870  → live_btc.parquet
[16:02:05] tick 651  + 567 rows  (2759 ms)  ws_cov=870  → live_btc.parquet
[16:02:08] tick 652  + 566 rows  (2351 ms)  ws_cov=870  → live_btc.parquet
[16:02:11] tick 653  + 565 rows  (2821 ms)  ws_cov=870  → live_btc.parquet
[16:02:13] tick 654  + 565 rows  (2296 ms)  ws_cov=870  → live_btc.parquet
[16:02:15] tick 655  + 565 rows  (2497 ms)  ws_cov=870  → live_btc.parquet
[16:02:18] tick 656  + 566 rows  (2452 ms)  ws_cov=870  → live_btc.parquet
[16:02:21] tick 657  + 564 rows  (3073 ms)  ws_cov=870  → live_btc.parquet
[16:02:24] tick 658  + 564 rows  (3319 ms)  ws_cov=870  → live_btc.parquet
[16:02:28] tick 659  + 563 rows  (3757 ms)  ws_cov=870  → live_btc.parquet
[16:02:32] tick 660  + 563 rows  (4015 ms)  ws_cov=870  → live_btc.parquet
[16:02:38] tick 661  + 564 rows  (5466 ms)  ws_cov=870  → live_btc.parquet
[16:02:41] tick 662  + 565 rows  (3748 ms)  ws_cov=870  → live_btc.parquet
[16:02:45] tick 663  + 566 rows  (3700 ms)  ws_cov=870  → live_btc.parquet
[16:02:50] tick 664  + 566 rows  (4863 ms)  ws_cov=870  → live_btc.parquet
[16:02:53] tick 665  + 565 rows  (3240 ms)  ws_cov=870  → live_btc.parquet
[16:02:57] tick 666  + 565 rows  (3783 ms)  ws_cov=870  → live_btc.parquet
[16:03:00] tick 667  + 564 rows  (3477 ms)  ws_cov=870  → live_btc.parquet
[16:03:03] tick 668  + 564 rows  (3130 ms)  ws_cov=870  → live_btc.parquet
[16:03:07] tick 669  + 563 rows  (3776 ms)  ws_cov=870  → live_btc.parquet
[16:03:11] tick 670  + 566 rows  (3687 ms)  ws_cov=870  → live_btc.parquet
[16:03:15] tick 671  + 542 rows  (4293 ms)  ws_cov=870  → live_btc.parquet
[16:03:19] tick 672  + 540 rows  (3727 ms)  ws_cov=870  → live_btc.parquet
[16:03:22] tick 673  + 540 rows  (2948 ms)  ws_cov=870  → live_btc.parquet
[16:03:25] tick 674  + 540 rows  (3611 ms)  ws_cov=870  → live_btc.parquet
[16:03:30] tick 675  + 540 rows  (4064 ms)  ws_cov=870  → live_btc.parquet
[16:03:34] tick 676  + 540 rows  (4137 ms)  ws_cov=870  → live_btc.parquet
[16:03:37] tick 677  + 540 rows  (3398 ms)  ws_cov=870  → live_btc.parquet
[16:03:40] tick 678  + 541 rows  (3243 ms)  ws_cov=870  → live_btc.parquet
[16:03:44] tick 679  + 542 rows  (3352 ms)  ws_cov=870  → live_btc.parquet
[16:03:47] tick 680  + 541 rows  (3632 ms)  ws_cov=870  → live_btc.parquet
[16:03:50] tick 681  + 540 rows  (3006 ms)  ws_cov=870  → live_btc.parquet
[16:03:53] tick 682  + 541 rows  (3031 ms)  ws_cov=870  → live_btc.parquet
[16:03:56] tick 683  + 541 rows  (2456 ms)  ws_cov=870  → live_btc.parquet
[16:04:00] tick 684  + 541 rows  (4446 ms)  ws_cov=870  → live_btc.parquet
[16:04:04] tick 685  + 541 rows  (3587 ms)  ws_cov=870  → live_btc.parquet
[16:04:07] tick 686  + 542 rows  (3253 ms)  ws_cov=870  → live_btc.parquet
[16:04:10] tick 687  + 542 rows  (2768 ms)  ws_cov=870  → live_btc.parquet
[16:04:13] tick 688  + 542 rows  (3294 ms)  ws_cov=870  → live_btc.parquet
[16:04:17] tick 689  + 543 rows  (3520 ms)  ws_cov=870  → live_btc.parquet
[16:04:20] tick 690  + 544 rows  (3145 ms)  ws_cov=870  → live_btc.parquet
[16:04:23] tick 691  + 543 rows  (2745 ms)  ws_cov=870  → live_btc.parquet
[16:04:25] tick 692  + 542 rows  (2765 ms)  ws_cov=870  → live_btc.parquet
[16:04:28] tick 693  + 543 rows  (2749 ms)  ws_cov=870  → live_btc.parquet
[16:04:31] tick 694  + 544 rows  (2983 ms)  ws_cov=870  → live_btc.parquet
[16:04:34] tick 695  + 543 rows  (2670 ms)  ws_cov=870  → live_btc.parquet
[16:04:37] tick 696  + 542 rows  (2937 ms)  ws_cov=870  → live_btc.parquet
[16:04:40] tick 697  + 540 rows  (3485 ms)  ws_cov=870  → live_btc.parquet
[16:04:44] tick 698  + 541 rows  (4257 ms)  ws_cov=870  → live_btc.parquet
[16:04:49] tick 699  + 541 rows  (4087 ms)  ws_cov=870  → live_btc.parquet
[16:04:52] tick 700  + 542 rows  (3289 ms)  ws_cov=870  → live_btc.parquet
[16:04:55] tick 701  + 542 rows  (3324 ms)  ws_cov=870  → live_btc.parquet
[16:04:58] tick 702  + 542 rows  (3332 ms)  ws_cov=870  → live_btc.parquet
[16:05:03] tick 703  + 542 rows  (4205 ms)  ws_cov=870  → live_btc.parquet
[16:05:06] tick 704  + 542 rows  (3415 ms)  ws_cov=870  → live_btc.parquet
[16:05:10] tick 705  + 542 rows  (3870 ms)  ws_cov=870  → live_btc.parquet
[16:05:14] tick 706  + 541 rows  (4056 ms)  ws_cov=870  → live_btc.parquet
[16:05:18] tick 707  + 542 rows  (4081 ms)  ws_cov=870  → live_btc.parquet
[16:05:22] tick 708  + 546 rows  (4359 ms)  ws_cov=870  → live_btc.parquet
[16:05:26] tick 709  + 543 rows  (3380 ms)  ws_cov=870  → live_btc.parquet
[16:05:29] tick 710  + 544 rows  (3558 ms)  ws_cov=870  → live_btc.parquet
[16:05:33] tick 711  + 546 rows  (3364 ms)  ws_cov=870  → live_btc.parquet
[16:05:36] tick 712  + 546 rows  (3671 ms)  ws_cov=870  → live_btc.parquet
[16:05:40] tick 713  + 546 rows  (3415 ms)  ws_cov=870  → live_btc.parquet
[16:05:44] tick 714  + 547 rows  (4084 ms)  ws_cov=870  → live_btc.parquet
[16:05:47] tick 715  + 545 rows  (3590 ms)  ws_cov=870  → live_btc.parquet
[16:05:52] tick 716  + 546 rows  (4248 ms)  ws_cov=870  → live_btc.parquet
[16:05:55] tick 717  + 546 rows  (3543 ms)  ws_cov=870  → live_btc.parquet
[16:05:58] tick 718  + 547 rows  (2768 ms)  ws_cov=870  → live_btc.parquet
[16:06:01] tick 719  + 547 rows  (2575 ms)  ws_cov=870  → live_btc.parquet
[16:06:04] tick 720  + 547 rows  (3477 ms)  ws_cov=870  → live_btc.parquet
[16:06:07] tick 721  + 547 rows  (3305 ms)  ws_cov=870  → live_btc.parquet
[16:06:11] tick 722  + 547 rows  (3976 ms)  ws_cov=870  → live_btc.parquet
[16:06:14] tick 723  + 546 rows  (2766 ms)  ws_cov=870  → live_btc.parquet
[16:06:17] tick 724  + 549 rows  (2614 ms)  ws_cov=870  → live_btc.parquet
[16:06:20] tick 725  + 552 rows  (3093 ms)  ws_cov=870  → live_btc.parquet
[16:06:23] tick 726  + 551 rows  (3046 ms)  ws_cov=870  → live_btc.parquet
[16:06:27] tick 727  + 550 rows  (3786 ms)  ws_cov=870  → live_btc.parquet
[16:06:31] tick 728  + 550 rows  (4036 ms)  ws_cov=870  → live_btc.parquet
[16:06:35] tick 729  + 552 rows  (4133 ms)  ws_cov=870  → live_btc.parquet
[16:06:38] tick 730  + 551 rows  (3472 ms)  ws_cov=870  → live_btc.parquet
[16:06:42] tick 731  + 552 rows  (3289 ms)  ws_cov=870  → live_btc.parquet
[16:06:45] tick 732  + 552 rows  (3792 ms)  ws_cov=870  → live_btc.parquet
[16:06:49] tick 733  + 549 rows  (3753 ms)  ws_cov=870  → live_btc.parquet
[16:06:53] tick 734  + 549 rows  (3738 ms)  ws_cov=870  → live_btc.parquet
[16:06:57] tick 735  + 549 rows  (4231 ms)  ws_cov=870  → live_btc.parquet
[16:07:00] tick 736  + 552 rows  (3062 ms)  ws_cov=870  → live_btc.parquet
[16:07:03] tick 737  + 551 rows  (2862 ms)  ws_cov=870  → live_btc.parquet
[16:07:07] tick 738  + 550 rows  (3856 ms)  ws_cov=870  → live_btc.parquet
[16:07:11] tick 739  + 550 rows  (4080 ms)  ws_cov=870  → live_btc.parquet
[16:07:14] tick 740  + 551 rows  (2816 ms)  ws_cov=870  → live_btc.parquet
[16:07:17] tick 741  + 551 rows  (2877 ms)  ws_cov=870  → live_btc.parquet
[16:07:19] tick 742  + 552 rows  (2724 ms)  ws_cov=870  → live_btc.parquet
[16:07:23] tick 743  + 551 rows  (3166 ms)  ws_cov=870  → live_btc.parquet
[16:07:26] tick 744  + 550 rows  (3425 ms)  ws_cov=870  → live_btc.parquet
[16:07:29] tick 745  + 551 rows  (3401 ms)  ws_cov=870  → live_btc.parquet
[16:07:33] tick 746  + 549 rows  (3309 ms)  ws_cov=870  → live_btc.parquet
[16:07:37] tick 747  + 550 rows  (4028 ms)  ws_cov=870  → live_btc.parquet
[16:07:40] tick 748  + 549 rows  (3169 ms)  ws_cov=870  → live_btc.parquet
[16:07:43] tick 749  + 549 rows  (3070 ms)  ws_cov=870  → live_btc.parquet
[16:07:46] tick 750  + 548 rows  (2990 ms)  ws_cov=870  → live_btc.parquet
[16:07:49] tick 751  + 549 rows  (3400 ms)  ws_cov=870  → live_btc.parquet
[16:07:52] tick 752  + 549 rows  (2737 ms)  ws_cov=870  → live_btc.parquet
[16:07:55] tick 753  + 549 rows  (3082 ms)  ws_cov=870  → live_btc.parquet
[16:07:58] tick 754  + 549 rows  (3151 ms)  ws_cov=870  → live_btc.parquet
[16:08:01] tick 755  + 550 rows  (2776 ms)  ws_cov=870  → live_btc.parquet
[16:08:04] tick 756  + 552 rows  (2657 ms)  ws_cov=870  → live_btc.parquet
[16:08:08] tick 757  + 554 rows  (4038 ms)  ws_cov=870  → live_btc.parquet
[16:08:11] tick 758  + 552 rows  (3298 ms)  ws_cov=870  → live_btc.parquet
[16:08:15] tick 759  + 551 rows  (3827 ms)  ws_cov=870  → live_btc.parquet
[16:08:18] tick 760  + 553 rows  (2900 ms)  ws_cov=870  → live_btc.parquet
[16:08:21] tick 761  + 553 rows  (2772 ms)  ws_cov=870  → live_btc.parquet
[16:08:23] tick 762  + 554 rows  (2603 ms)  ws_cov=870  → live_btc.parquet
[16:08:26] tick 763  + 554 rows  (2856 ms)  ws_cov=870  → live_btc.parquet
[16:08:29] tick 764  + 557 rows  (2853 ms)  ws_cov=870  → live_btc.parquet
[16:08:32] tick 765  + 557 rows  (2866 ms)  ws_cov=870  → live_btc.parquet
[16:08:35] tick 766  + 560 rows  (2948 ms)  ws_cov=870  → live_btc.parquet
[16:08:38] tick 767  + 560 rows  (2975 ms)  ws_cov=870  → live_btc.parquet
[16:08:41] tick 768  + 557 rows  (3451 ms)  ws_cov=870  → live_btc.parquet
[16:08:44] tick 769  + 557 rows  (3057 ms)  ws_cov=870  → live_btc.parquet
[16:08:47] tick 770  + 557 rows  (3130 ms)  ws_cov=870  → live_btc.parquet
[16:08:51] tick 771  + 556 rows  (3778 ms)  ws_cov=870  → live_btc.parquet
[16:08:54] tick 772  + 557 rows  (3194 ms)  ws_cov=870  → live_btc.parquet
[16:08:57] tick 773  + 557 rows  (3115 ms)  ws_cov=870  → live_btc.parquet
[16:09:01] tick 774  + 557 rows  (3565 ms)  ws_cov=870  → live_btc.parquet
[16:09:05] tick 775  + 561 rows  (4411 ms)  ws_cov=870  → live_btc.parquet
[16:09:09] tick 776  + 563 rows  (3408 ms)  ws_cov=870  → live_btc.parquet
[16:09:12] tick 777  + 566 rows  (3136 ms)  ws_cov=870  → live_btc.parquet
[16:09:15] tick 778  + 566 rows  (3084 ms)  ws_cov=870  → live_btc.parquet
[16:09:19] tick 779  + 565 rows  (3898 ms)  ws_cov=870  → live_btc.parquet
[16:09:22] tick 780  + 568 rows  (3044 ms)  ws_cov=870  → live_btc.parquet
[16:09:25] tick 781  + 566 rows  (3101 ms)  ws_cov=870  → live_btc.parquet
[16:09:28] tick 782  + 566 rows  (3159 ms)  ws_cov=870  → live_btc.parquet
[16:09:32] tick 783  + 569 rows  (3377 ms)  ws_cov=870  → live_btc.parquet
[16:09:35] tick 784  + 573 rows  (3163 ms)  ws_cov=870  → live_btc.parquet
[16:09:38] tick 785  + 573 rows  (3225 ms)  ws_cov=870  → live_btc.parquet
[16:09:41] tick 786  + 571 rows  (2944 ms)  ws_cov=870  → live_btc.parquet
[16:09:44] tick 787  + 571 rows  (3413 ms)  ws_cov=870  → live_btc.parquet
[16:09:48] tick 788  + 572 rows  (3855 ms)  ws_cov=870  → live_btc.parquet
[16:09:52] tick 789  + 576 rows  (3954 ms)  ws_cov=870  → live_btc.parquet
[16:09:55] tick 790  + 575 rows  (3082 ms)  ws_cov=870  → live_btc.parquet
[16:09:59] tick 791  + 571 rows  (3903 ms)  ws_cov=870  → live_btc.parquet
[16:10:03] tick 792  + 568 rows  (3628 ms)  ws_cov=870  → live_btc.parquet
[16:10:07] tick 793  + 571 rows  (3768 ms)  ws_cov=870  → live_btc.parquet
[16:10:12] tick 794  + 570 rows  (4951 ms)  ws_cov=870  → live_btc.parquet
[16:10:15] tick 795  + 573 rows  (3792 ms)  ws_cov=870  → live_btc.parquet
[16:10:19] tick 796  + 575 rows  (3962 ms)  ws_cov=870  → live_btc.parquet
[16:10:23] tick 797  + 574 rows  (3562 ms)  ws_cov=870  → live_btc.parquet
[16:10:27] tick 798  + 575 rows  (4067 ms)  ws_cov=870  → live_btc.parquet
[16:10:31] tick 799  + 575 rows  (4135 ms)  ws_cov=870  → live_btc.parquet
[16:10:34] tick 800  + 575 rows  (3193 ms)  ws_cov=870  → live_btc.parquet
[16:10:38] tick 801  + 573 rows  (3409 ms)  ws_cov=870  → live_btc.parquet
[16:10:42] tick 802  + 573 rows  (3939 ms)  ws_cov=870  → live_btc.parquet
[16:10:45] tick 803  + 573 rows  (2974 ms)  ws_cov=870  → live_btc.parquet
[16:10:48] tick 804  + 574 rows  (3302 ms)  ws_cov=870  → live_btc.parquet
[16:10:52] tick 805  + 574 rows  (3835 ms)  ws_cov=870  → live_btc.parquet
[16:10:55] tick 806  + 573 rows  (3319 ms)  ws_cov=870  → live_btc.parquet
[16:10:59] tick 807  + 573 rows  (3574 ms)  ws_cov=870  → live_btc.parquet
[16:11:01] tick 808  + 573 rows  (2714 ms)  ws_cov=870  → live_btc.parquet
[16:11:04] tick 809  + 572 rows  (2746 ms)  ws_cov=870  → live_btc.parquet
[16:11:08] tick 810  + 571 rows  (3740 ms)  ws_cov=870  → live_btc.parquet
[16:11:12] tick 811  + 573 rows  (3794 ms)  ws_cov=870  → live_btc.parquet
[16:11:15] tick 812  + 573 rows  (3256 ms)  ws_cov=870  → live_btc.parquet
[16:11:19] tick 813  + 573 rows  (3865 ms)  ws_cov=870  → live_btc.parquet
[16:11:23] tick 814  + 571 rows  (4001 ms)  ws_cov=870  → live_btc.parquet
[16:11:26] tick 815  + 571 rows  (3719 ms)  ws_cov=870  → live_btc.parquet
[16:11:31] tick 816  + 573 rows  (4138 ms)  ws_cov=870  → live_btc.parquet
[16:11:34] tick 817  + 572 rows  (3306 ms)  ws_cov=870  → live_btc.parquet
[16:11:38] tick 818  + 572 rows  (3794 ms)  ws_cov=870  → live_btc.parquet
[16:11:42] tick 819  + 571 rows  (4242 ms)  ws_cov=870  → live_btc.parquet
[16:11:47] tick 820  + 571 rows  (4693 ms)  ws_cov=870  → live_btc.parquet
[16:11:50] tick 821  + 570 rows  (3862 ms)  ws_cov=870  → live_btc.parquet
[16:11:55] tick 822  + 571 rows  (4045 ms)  ws_cov=870  → live_btc.parquet
[16:11:58] tick 823  + 569 rows  (3085 ms)  ws_cov=870  → live_btc.parquet
[16:12:01] tick 824  + 569 rows  (3041 ms)  ws_cov=870  → live_btc.parquet
[16:12:05] tick 825  + 568 rows  (4274 ms)  ws_cov=870  → live_btc.parquet
[16:12:09] tick 826  + 568 rows  (3768 ms)  ws_cov=870  → live_btc.parquet
[16:12:12] tick 827  + 568 rows  (3333 ms)  ws_cov=870  → live_btc.parquet
[16:12:16] tick 828  + 567 rows  (3979 ms)  ws_cov=870  → live_btc.parquet
[16:12:20] tick 829  + 568 rows  (3649 ms)  ws_cov=870  → live_btc.parquet
[16:12:24] tick 830  + 568 rows  (4334 ms)  ws_cov=870  → live_btc.parquet
[16:12:28] tick 831  + 567 rows  (3650 ms)  ws_cov=870  → live_btc.parquet
[16:12:31] tick 832  + 566 rows  (3700 ms)  ws_cov=870  → live_btc.parquet
[16:12:35] tick 833  + 568 rows  (3530 ms)  ws_cov=870  → live_btc.parquet
[16:12:38] tick 834  + 568 rows  (3468 ms)  ws_cov=870  → live_btc.parquet
[16:12:42] tick 835  + 570 rows  (3840 ms)  ws_cov=870  → live_btc.parquet
[16:12:46] tick 836  + 569 rows  (3555 ms)  ws_cov=870  → live_btc.parquet
[16:12:51] tick 837  + 569 rows  (5345 ms)  ws_cov=870  → live_btc.parquet
[16:12:55] tick 838  + 570 rows  (4022 ms)  ws_cov=870  → live_btc.parquet
[16:12:59] tick 839  + 569 rows  (4325 ms)  ws_cov=870  → live_btc.parquet
[16:13:03] tick 840  + 570 rows  (3601 ms)  ws_cov=870  → live_btc.parquet
[16:13:07] tick 841  + 570 rows  (4434 ms)  ws_cov=870  → live_btc.parquet
[16:13:11] tick 842  + 570 rows  (3806 ms)  ws_cov=870  → live_btc.parquet
[16:13:15] tick 843  + 571 rows  (3744 ms)  ws_cov=870  → live_btc.parquet
[16:13:19] tick 844  + 571 rows  (3611 ms)  ws_cov=870  → live_btc.parquet
[16:13:23] tick 845  + 571 rows  (4100 ms)  ws_cov=870  → live_btc.parquet
[16:13:27] tick 846  + 570 rows  (4161 ms)  ws_cov=870  → live_btc.parquet
[16:13:31] tick 847  + 571 rows  (4110 ms)  ws_cov=870  → live_btc.parquet
[16:13:35] tick 848  + 568 rows  (3806 ms)  ws_cov=870  → live_btc.parquet
[16:13:38] tick 849  + 572 rows  (3481 ms)  ws_cov=870  → live_btc.parquet
[16:13:41] tick 850  + 572 rows  (3186 ms)  ws_cov=870  → live_btc.parquet
[16:13:45] tick 851  + 572 rows  (3602 ms)  ws_cov=870  → live_btc.parquet
[16:13:49] tick 852  + 574 rows  (4230 ms)  ws_cov=870  → live_btc.parquet
[16:13:53] tick 853  + 573 rows  (3378 ms)  ws_cov=870  → live_btc.parquet
[16:13:57] tick 854  + 577 rows  (4213 ms)  ws_cov=870  → live_btc.parquet
[16:14:01] tick 855  + 576 rows  (4628 ms)  ws_cov=870  → live_btc.parquet
[16:14:06] tick 856  + 575 rows  (4061 ms)  ws_cov=870  → live_btc.parquet
[16:14:10] tick 857  + 575 rows  (4306 ms)  ws_cov=870  → live_btc.parquet
[16:14:14] tick 858  + 575 rows  (3891 ms)  ws_cov=870  → live_btc.parquet
[16:14:19] tick 859  + 573 rows  (5382 ms)  ws_cov=870  → live_btc.parquet
[16:14:23] tick 860  + 571 rows  (4116 ms)  ws_cov=870  → live_btc.parquet
[16:14:27] tick 861  + 573 rows  (3947 ms)  ws_cov=870  → live_btc.parquet
[16:14:31] tick 862  + 574 rows  (3721 ms)  ws_cov=870  → live_btc.parquet
[16:14:35] tick 863  + 571 rows  (3813 ms)  ws_cov=870  → live_btc.parquet
[16:14:39] tick 864  + 570 rows  (3972 ms)  ws_cov=870  → live_btc.parquet
[16:14:42] tick 865  + 570 rows  (3336 ms)  ws_cov=870  → live_btc.parquet
[16:14:45] tick 866  + 568 rows  (3357 ms)  ws_cov=870  → live_btc.parquet
[16:14:49] tick 867  + 567 rows  (3609 ms)  ws_cov=870  → live_btc.parquet
[16:14:53] tick 868  + 564 rows  (4045 ms)  ws_cov=870  → live_btc.parquet
[16:14:57] tick 869  + 565 rows  (3724 ms)  ws_cov=870  → live_btc.parquet
[16:15:01] tick 870  + 565 rows  (4070 ms)  ws_cov=870  → live_btc.parquet
[16:15:05] tick 871  + 564 rows  (3785 ms)  ws_cov=870  → live_btc.parquet
[16:15:09] tick 872  + 565 rows  (4142 ms)  ws_cov=870  → live_btc.parquet
[16:15:16] tick 873  + 566 rows  (6999 ms)  ws_cov=870  → live_btc.parquet
[16:15:22] tick 874  + 566 rows  (6067 ms)  ws_cov=870  → live_btc.parquet
[16:15:27] tick 875  + 569 rows  (4998 ms)  ws_cov=870  → live_btc.parquet
[16:15:31] tick 876  + 569 rows  (4331 ms)  ws_cov=870  → live_btc.parquet
[16:15:36] tick 877  + 562 rows  (5174 ms)  ws_cov=870  → live_btc.parquet
[16:15:41] tick 878  + 565 rows  (4565 ms)  ws_cov=870  → live_btc.parquet
[16:15:46] tick 879  + 565 rows  (5525 ms)  ws_cov=870  → live_btc.parquet
[16:15:52] tick 880  + 566 rows  (5384 ms)  ws_cov=870  → live_btc.parquet
[16:15:57] tick 881  + 565 rows  (5223 ms)  ws_cov=870  → live_btc.parquet
[16:16:02] tick 882  + 564 rows  (5420 ms)  ws_cov=870  → live_btc.parquet
[16:16:09] tick 883  + 566 rows  (6085 ms)  ws_cov=870  → live_btc.parquet
[16:16:14] tick 884  + 568 rows  (5019 ms)  ws_cov=870  → live_btc.parquet
[16:16:20] tick 885  + 567 rows  (6070 ms)  ws_cov=870  → live_btc.parquet
[16:16:24] tick 886  + 567 rows  (4544 ms)  ws_cov=870  → live_btc.parquet
[16:16:30] tick 887  + 561 rows  (6080 ms)  ws_cov=870  → live_btc.parquet
[16:16:36] tick 888  + 564 rows  (5427 ms)  ws_cov=870  → live_btc.parquet
[16:16:41] tick 889  + 567 rows  (5271 ms)  ws_cov=870  → live_btc.parquet
[16:16:46] tick 890  + 570 rows  (4791 ms)  ws_cov=870  → live_btc.parquet
[16:16:51] tick 891  + 569 rows  (5170 ms)  ws_cov=870  → live_btc.parquet
[16:16:56] tick 892  + 568 rows  (5332 ms)  ws_cov=870  → live_btc.parquet
[16:17:00] tick 893  + 569 rows  (3555 ms)  ws_cov=870  → live_btc.parquet
[16:17:03] tick 894  + 567 rows  (3384 ms)  ws_cov=870  → live_btc.parquet
[16:17:07] tick 895  + 567 rows  (3765 ms)  ws_cov=870  → live_btc.parquet
[16:17:11] tick 896  + 567 rows  (3676 ms)  ws_cov=870  → live_btc.parquet
[16:17:15] tick 897  + 567 rows  (4089 ms)  ws_cov=870  → live_btc.parquet
[16:17:19] tick 898  + 567 rows  (4486 ms)  ws_cov=870  → live_btc.parquet
[16:17:23] tick 899  + 567 rows  (4044 ms)  ws_cov=870  → live_btc.parquet
[16:17:26] tick 900  + 570 rows  (2858 ms)  ws_cov=870  → live_btc.parquet
[16:17:29] tick 901  + 570 rows  (3049 ms)  ws_cov=870  → live_btc.parquet
[16:17:32] tick 902  + 570 rows  (3299 ms)  ws_cov=870  → live_btc.parquet
[16:17:36] tick 903  + 569 rows  (3388 ms)  ws_cov=870  → live_btc.parquet
[16:17:40] tick 904  + 569 rows  (4014 ms)  ws_cov=870  → live_btc.parquet
[16:17:44] tick 905  + 572 rows  (4193 ms)  ws_cov=870  → live_btc.parquet
[16:17:47] tick 906  + 569 rows  (2772 ms)  ws_cov=870  → live_btc.parquet
[16:17:50] tick 907  + 563 rows  (3485 ms)  ws_cov=870  → live_btc.parquet
[16:17:54] tick 908  + 562 rows  (3957 ms)  ws_cov=870  → live_btc.parquet
[16:17:58] tick 909  + 559 rows  (3905 ms)  ws_cov=870  → live_btc.parquet
[16:18:01] tick 910  + 556 rows  (2910 ms)  ws_cov=870  → live_btc.parquet
[16:18:04] tick 911  + 556 rows  (2992 ms)  ws_cov=870  → live_btc.parquet
[16:18:08] tick 912  + 555 rows  (3434 ms)  ws_cov=870  → live_btc.parquet
[16:18:11] tick 913  + 550 rows  (3068 ms)  ws_cov=870  → live_btc.parquet
[16:18:14] tick 914  + 545 rows  (3561 ms)  ws_cov=870  → live_btc.parquet
[16:18:18] tick 915  + 545 rows  (3735 ms)  ws_cov=870  → live_btc.parquet
[16:18:21] tick 916  + 545 rows  (3126 ms)  ws_cov=870  → live_btc.parquet
[16:18:25] tick 917  + 544 rows  (3510 ms)  ws_cov=870  → live_btc.parquet
[16:18:28] tick 918  + 543 rows  (3400 ms)  ws_cov=870  → live_btc.parquet
[16:18:32] tick 919  + 543 rows  (3680 ms)  ws_cov=870  → live_btc.parquet
[16:18:35] tick 920  + 543 rows  (3305 ms)  ws_cov=870  → live_btc.parquet
[16:18:38] tick 921  + 544 rows  (3203 ms)  ws_cov=870  → live_btc.parquet
[16:18:42] tick 922  + 545 rows  (3708 ms)  ws_cov=870  → live_btc.parquet
[16:18:46] tick 923  + 547 rows  (4033 ms)  ws_cov=870  → live_btc.parquet
[16:18:49] tick 924  + 547 rows  (3527 ms)  ws_cov=870  → live_btc.parquet
[16:18:53] tick 925  + 545 rows  (3278 ms)  ws_cov=870  → live_btc.parquet
[16:18:56] tick 926  + 545 rows  (3764 ms)  ws_cov=870  → live_btc.parquet
[16:19:02] tick 927  + 545 rows  (5606 ms)  ws_cov=870  → live_btc.parquet
[16:19:05] tick 928  + 546 rows  (3070 ms)  ws_cov=870  → live_btc.parquet
[16:19:09] tick 929  + 546 rows  (3784 ms)  ws_cov=870  → live_btc.parquet
[16:19:12] tick 930  + 547 rows  (3040 ms)  ws_cov=870  → live_btc.parquet
[16:19:16] tick 931  + 547 rows  (4089 ms)  ws_cov=870  → live_btc.parquet
[16:19:19] tick 932  + 546 rows  (3247 ms)  ws_cov=870  → live_btc.parquet
[16:19:24] tick 933  + 546 rows  (4358 ms)  ws_cov=870  → live_btc.parquet
[16:19:28] tick 934  + 546 rows  (3943 ms)  ws_cov=870  → live_btc.parquet
[16:19:32] tick 935  + 545 rows  (4129 ms)  ws_cov=870  → live_btc.parquet
[16:19:35] tick 936  + 546 rows  (3579 ms)  ws_cov=870  → live_btc.parquet
[16:19:39] tick 937  + 546 rows  (3668 ms)  ws_cov=870  → live_btc.parquet
[16:19:44] tick 938  + 544 rows  (5006 ms)  ws_cov=870  → live_btc.parquet
[16:19:48] tick 939  + 544 rows  (4078 ms)  ws_cov=870  → live_btc.parquet
[16:19:53] tick 940  + 545 rows  (4637 ms)  ws_cov=870  → live_btc.parquet
[16:19:57] tick 941  + 543 rows  (4711 ms)  ws_cov=870  → live_btc.parquet
[16:20:02] tick 942  + 543 rows  (4546 ms)  ws_cov=870  → live_btc.parquet
[16:20:06] tick 943  + 547 rows  (4206 ms)  ws_cov=870  → live_btc.parquet
[16:20:09] tick 944  + 545 rows  (3353 ms)  ws_cov=870  → live_btc.parquet
[16:20:12] tick 945  + 544 rows  (2688 ms)  ws_cov=870  → live_btc.parquet
[16:20:15] tick 946  + 545 rows  (3018 ms)  ws_cov=870  → live_btc.parquet
[16:20:22] tick 947  + 545 rows  (6474 ms)  ws_cov=870  → live_btc.parquet
[16:20:27] tick 948  + 545 rows  (5340 ms)  ws_cov=870  → live_btc.parquet
[16:20:31] tick 949  + 545 rows  (4425 ms)  ws_cov=870  → live_btc.parquet
[16:20:35] tick 950  + 544 rows  (3643 ms)  ws_cov=870  → live_btc.parquet
[16:20:39] tick 951  + 544 rows  (4355 ms)  ws_cov=870  → live_btc.parquet
[16:20:44] tick 952  + 545 rows  (4277 ms)  ws_cov=870  → live_btc.parquet
[16:20:48] tick 953  + 543 rows  (4374 ms)  ws_cov=870  → live_btc.parquet
[16:20:51] tick 954  + 541 rows  (2758 ms)  ws_cov=870  → live_btc.parquet
[16:20:54] tick 955  + 544 rows  (2762 ms)  ws_cov=870  → live_btc.parquet
[16:20:56] tick 956  + 544 rows  (2712 ms)  ws_cov=870  → live_btc.parquet
[16:20:59] tick 957  + 542 rows  (2647 ms)  ws_cov=870  → live_btc.parquet
[16:21:01] tick 958  + 542 rows  (2326 ms)  ws_cov=870  → live_btc.parquet
[16:21:04] tick 959  + 542 rows  (2609 ms)  ws_cov=870  → live_btc.parquet
[16:21:07] tick 960  + 544 rows  (2631 ms)  ws_cov=870  → live_btc.parquet
[16:21:10] tick 961  + 544 rows  (2979 ms)  ws_cov=870  → live_btc.parquet
[16:21:13] tick 962  + 544 rows  (3094 ms)  ws_cov=870  → live_btc.parquet
[16:21:18] tick 963  + 544 rows  (5158 ms)  ws_cov=870  → live_btc.parquet
[16:21:21] tick 964  + 545 rows  (3171 ms)  ws_cov=870  → live_btc.parquet
[16:21:24] tick 965  + 545 rows  (3246 ms)  ws_cov=870  → live_btc.parquet
[16:21:27] tick 966  + 544 rows  (2993 ms)  ws_cov=870  → live_btc.parquet
[16:21:30] tick 967  + 545 rows  (3156 ms)  ws_cov=870  → live_btc.parquet
[16:21:35] tick 968  + 545 rows  (4210 ms)  ws_cov=870  → live_btc.parquet
[16:21:37] tick 969  + 545 rows  (2760 ms)  ws_cov=870  → live_btc.parquet
[16:21:40] tick 970  + 545 rows  (2971 ms)  ws_cov=870  → live_btc.parquet
[16:21:44] tick 971  + 545 rows  (3288 ms)  ws_cov=870  → live_btc.parquet
[16:21:48] tick 972  + 545 rows  (4021 ms)  ws_cov=870  → live_btc.parquet
[16:21:53] tick 973  + 545 rows  (4972 ms)  ws_cov=870  → live_btc.parquet
[16:21:55] tick 974  + 545 rows  (2821 ms)  ws_cov=870  → live_btc.parquet
[16:22:01] tick 975  + 544 rows  (5695 ms)  ws_cov=870  → live_btc.parquet
[16:22:06] tick 976  + 545 rows  (5369 ms)  ws_cov=870  → live_btc.parquet
[16:22:10] tick 977  + 544 rows  (3866 ms)  ws_cov=870  → live_btc.parquet
[16:22:14] tick 978  + 544 rows  (3968 ms)  ws_cov=870  → live_btc.parquet
[16:22:17] tick 979  + 544 rows  (2642 ms)  ws_cov=870  → live_btc.parquet
[16:22:21] tick 980  + 544 rows  (4066 ms)  ws_cov=870  → live_btc.parquet
[16:22:24] tick 981  + 544 rows  (3248 ms)  ws_cov=870  → live_btc.parquet
[16:22:27] tick 982  + 544 rows  (2701 ms)  ws_cov=870  → live_btc.parquet
[16:22:30] tick 983  + 544 rows  (2940 ms)  ws_cov=870  → live_btc.parquet
[16:22:33] tick 984  + 545 rows  (3556 ms)  ws_cov=870  → live_btc.parquet
[16:22:36] tick 985  + 545 rows  (2611 ms)  ws_cov=870  → live_btc.parquet
[16:22:40] tick 986  + 544 rows  (3950 ms)  ws_cov=870  → live_btc.parquet
[16:22:45] tick 987  + 544 rows  (4524 ms)  ws_cov=870  → live_btc.parquet
[16:22:48] tick 988  + 544 rows  (3606 ms)  ws_cov=870  → live_btc.parquet
[16:22:52] tick 989  + 541 rows  (3548 ms)  ws_cov=870  → live_btc.parquet
[16:22:56] tick 990  + 540 rows  (4717 ms)  ws_cov=870  → live_btc.parquet
[16:23:01] tick 991  + 540 rows  (4638 ms)  ws_cov=870  → live_btc.parquet
[16:23:06] tick 992  + 542 rows  (4688 ms)  ws_cov=870  → live_btc.parquet
[16:23:10] tick 993  + 543 rows  (4248 ms)  ws_cov=870  → live_btc.parquet
[16:23:13] tick 994  + 544 rows  (3019 ms)  ws_cov=870  → live_btc.parquet
[16:23:17] tick 995  + 542 rows  (3554 ms)  ws_cov=870  → live_btc.parquet
[16:23:22] tick 996  + 542 rows  (5733 ms)  ws_cov=870  → live_btc.parquet
[16:23:25] tick 997  + 543 rows  (3042 ms)  ws_cov=870  → live_btc.parquet
[16:23:29] tick 998  + 540 rows  (3214 ms)  ws_cov=870  → live_btc.parquet
[16:23:32] tick 999  + 539 rows  (3916 ms)  ws_cov=870  → live_btc.parquet
[16:23:38] tick 1000  + 543 rows  (5458 ms)  ws_cov=870  → live_btc.parquet
[16:23:41] tick 1001  + 542 rows  (3567 ms)  ws_cov=870  → live_btc.parquet
[16:23:44] tick 1002  + 543 rows  (2801 ms)  ws_cov=870  → live_btc.parquet
[16:23:48] tick 1003  + 542 rows  (3921 ms)  ws_cov=870  → live_btc.parquet
[16:23:52] tick 1004  + 541 rows  (4280 ms)  ws_cov=870  → live_btc.parquet
[16:23:56] tick 1005  + 541 rows  (3743 ms)  ws_cov=870  → live_btc.parquet
[16:24:00] tick 1006  + 542 rows  (4202 ms)  ws_cov=870  → live_btc.parquet
[16:24:04] tick 1007  + 542 rows  (3322 ms)  ws_cov=870  → live_btc.parquet
[16:24:09] tick 1008  + 544 rows  (4973 ms)  ws_cov=870  → live_btc.parquet
[16:24:13] tick 1009  + 544 rows  (4263 ms)  ws_cov=870  → live_btc.parquet
[16:24:17] tick 1010  + 544 rows  (4350 ms)  ws_cov=870  → live_btc.parquet
[16:24:22] tick 1011  + 544 rows  (4640 ms)  ws_cov=870  → live_btc.parquet
[16:24:26] tick 1012  + 544 rows  (3873 ms)  ws_cov=870  → live_btc.parquet
[16:24:29] tick 1013  + 545 rows  (3462 ms)  ws_cov=870  → live_btc.parquet
[16:24:33] tick 1014  + 541 rows  (3853 ms)  ws_cov=870  → live_btc.parquet
[16:24:37] tick 1015  + 540 rows  (3692 ms)  ws_cov=870  → live_btc.parquet
[16:24:41] tick 1016  + 540 rows  (4044 ms)  ws_cov=870  → live_btc.parquet
[16:24:44] tick 1017  + 540 rows  (3375 ms)  ws_cov=870  → live_btc.parquet
[16:24:48] tick 1018  + 540 rows  (3436 ms)  ws_cov=870  → live_btc.parquet
[16:24:51] tick 1019  + 541 rows  (3184 ms)  ws_cov=870  → live_btc.parquet
[16:24:54] tick 1020  + 540 rows  (3466 ms)  ws_cov=870  → live_btc.parquet
[16:24:58] tick 1021  + 540 rows  (3654 ms)  ws_cov=870  → live_btc.parquet
[16:25:02] tick 1022  + 541 rows  (4364 ms)  ws_cov=870  → live_btc.parquet
[16:25:07] tick 1023  + 543 rows  (4273 ms)  ws_cov=870  → live_btc.parquet
[16:25:10] tick 1024  + 543 rows  (3112 ms)  ws_cov=870  → live_btc.parquet
[16:25:12] tick 1025  + 544 rows  (2474 ms)  ws_cov=870  → live_btc.parquet
[16:25:15] tick 1026  + 545 rows  (2662 ms)  ws_cov=870  → live_btc.parquet
[16:25:17] tick 1027  + 545 rows  (2597 ms)  ws_cov=870  → live_btc.parquet
[16:25:21] tick 1028  + 544 rows  (3388 ms)  ws_cov=870  → live_btc.parquet
[16:25:24] tick 1029  + 544 rows  (3212 ms)  ws_cov=870  → live_btc.parquet
[16:25:27] tick 1030  + 543 rows  (2881 ms)  ws_cov=870  → live_btc.parquet
[16:25:30] tick 1031  + 544 rows  (3059 ms)  ws_cov=870  → live_btc.parquet
[16:25:33] tick 1032  + 485 rows  (3198 ms)  ws_cov=870  → live_btc.parquet
[16:25:36] tick 1033  + 538 rows  (3085 ms)  ws_cov=870  → live_btc.parquet
[16:25:39] tick 1034  + 536 rows  (2821 ms)  ws_cov=870  → live_btc.parquet
[16:25:42] tick 1035  + 537 rows  (2880 ms)  ws_cov=870  → live_btc.parquet
[16:25:45] tick 1036  + 539 rows  (2681 ms)  ws_cov=870  → live_btc.parquet
[16:25:48] tick 1037  + 522 rows  (3424 ms)  ws_cov=870  → live_btc.parquet
[16:25:52] tick 1038  + 525 rows  (3755 ms)  ws_cov=870  → live_btc.parquet
[16:25:56] tick 1039  + 538 rows  (3901 ms)  ws_cov=870  → live_btc.parquet
[16:25:59] tick 1040  + 524 rows  (3277 ms)  ws_cov=870  → live_btc.parquet
[16:26:02] tick 1041  + 523 rows  (3177 ms)  ws_cov=870  → live_btc.parquet
[16:26:06] tick 1042  + 523 rows  (3451 ms)  ws_cov=870  → live_btc.parquet
[16:26:11] tick 1043  + 525 rows  (5831 ms)  ws_cov=870  → live_btc.parquet
[16:26:17] tick 1044  + 526 rows  (5251 ms)  ws_cov=870  → live_btc.parquet
[16:26:22] tick 1045  + 540 rows  (5485 ms)  ws_cov=870  → live_btc.parquet
[16:26:26] tick 1046  + 538 rows  (4162 ms)  ws_cov=870  → live_btc.parquet
[16:26:31] tick 1047  + 538 rows  (4592 ms)  ws_cov=870  → live_btc.parquet
[16:26:35] tick 1048  + 541 rows  (3749 ms)  ws_cov=870  → live_btc.parquet
[16:26:38] tick 1049  + 542 rows  (3252 ms)  ws_cov=870  → live_btc.parquet
[16:26:43] tick 1050  + 542 rows  (5432 ms)  ws_cov=870  → live_btc.parquet
[16:26:48] tick 1051  + 543 rows  (4770 ms)  ws_cov=870  → live_btc.parquet
[16:26:52] tick 1052  + 543 rows  (3861 ms)  ws_cov=870  → live_btc.parquet
[16:26:56] tick 1053  + 543 rows  (3982 ms)  ws_cov=870  → live_btc.parquet
[16:26:59] tick 1054  + 543 rows  (3391 ms)  ws_cov=870  → live_btc.parquet
[16:27:03] tick 1055  + 543 rows  (3984 ms)  ws_cov=870  → live_btc.parquet
[16:27:07] tick 1056  + 544 rows  (3624 ms)  ws_cov=870  → live_btc.parquet
[16:27:10] tick 1057  + 541 rows  (3442 ms)  ws_cov=870  → live_btc.parquet
[16:27:14] tick 1058  + 542 rows  (3225 ms)  ws_cov=870  → live_btc.parquet
[16:27:18] tick 1059  + 539 rows  (4467 ms)  ws_cov=870  → live_btc.parquet
[16:27:24] tick 1060  + 542 rows  (5619 ms)  ws_cov=870  → live_btc.parquet
[16:27:29] tick 1061  + 539 rows  (5550 ms)  ws_cov=870  → live_btc.parquet
[16:27:33] tick 1062  + 539 rows  (3370 ms)  ws_cov=870  → live_btc.parquet
[16:27:36] tick 1063  + 539 rows  (3260 ms)  ws_cov=870  → live_btc.parquet
[16:27:39] tick 1064  + 539 rows  (3109 ms)  ws_cov=870  → live_btc.parquet
[16:27:42] tick 1065  + 540 rows  (3200 ms)  ws_cov=870  → live_btc.parquet
[16:27:46] tick 1066  + 539 rows  (3815 ms)  ws_cov=870  → live_btc.parquet
[16:27:52] tick 1067  + 539 rows  (5570 ms)  ws_cov=870  → live_btc.parquet
[16:27:56] tick 1068  + 539 rows  (4439 ms)  ws_cov=870  → live_btc.parquet
[16:28:00] tick 1069  + 537 rows  (3558 ms)  ws_cov=870  → live_btc.parquet
[16:28:03] tick 1070  + 537 rows  (3500 ms)  ws_cov=870  → live_btc.parquet
[16:28:06] tick 1071  + 537 rows  (3040 ms)  ws_cov=870  → live_btc.parquet
[16:28:09] tick 1072  + 538 rows  (2913 ms)  ws_cov=870  → live_btc.parquet
[16:28:12] tick 1073  + 538 rows  (2994 ms)  ws_cov=870  → live_btc.parquet
[16:28:15] tick 1074  + 539 rows  (3292 ms)  ws_cov=870  → live_btc.parquet
[16:28:19] tick 1075  + 541 rows  (3229 ms)  ws_cov=870  → live_btc.parquet
[16:28:22] tick 1076  + 541 rows  (3218 ms)  ws_cov=870  → live_btc.parquet
[16:28:25] tick 1077  + 540 rows  (3364 ms)  ws_cov=870  → live_btc.parquet
[16:28:28] tick 1078  + 541 rows  (2844 ms)  ws_cov=870  → live_btc.parquet
[16:28:31] tick 1079  + 541 rows  (3246 ms)  ws_cov=870  → live_btc.parquet
[16:28:35] tick 1080  + 543 rows  (3424 ms)  ws_cov=870  → live_btc.parquet
[16:28:38] tick 1081  + 543 rows  (3019 ms)  ws_cov=870  → live_btc.parquet
[16:28:41] tick 1082  + 542 rows  (3114 ms)  ws_cov=870  → live_btc.parquet
[16:28:44] tick 1083  + 542 rows  (3116 ms)  ws_cov=870  → live_btc.parquet
[16:28:47] tick 1084  + 543 rows  (3203 ms)  ws_cov=870  → live_btc.parquet
[16:28:51] tick 1085  + 543 rows  (3504 ms)  ws_cov=870  → live_btc.parquet
[16:28:54] tick 1086  + 543 rows  (3688 ms)  ws_cov=870  → live_btc.parquet
[16:28:58] tick 1087  + 543 rows  (3440 ms)  ws_cov=870  → live_btc.parquet
[16:29:01] tick 1088  + 543 rows  (3356 ms)  ws_cov=870  → live_btc.parquet
[16:29:04] tick 1089  + 544 rows  (3119 ms)  ws_cov=870  → live_btc.parquet
[16:29:08] tick 1090  + 543 rows  (3824 ms)  ws_cov=870  → live_btc.parquet
[16:29:12] tick 1091  + 543 rows  (3403 ms)  ws_cov=870  → live_btc.parquet
[16:29:15] tick 1092  + 544 rows  (3413 ms)  ws_cov=870  → live_btc.parquet
[16:29:20] tick 1093  + 542 rows  (4571 ms)  ws_cov=870  → live_btc.parquet
[16:29:23] tick 1094  + 542 rows  (3698 ms)  ws_cov=870  → live_btc.parquet
[16:29:27] tick 1095  + 543 rows  (3893 ms)  ws_cov=870  → live_btc.parquet
[16:29:32] tick 1096  + 543 rows  (4737 ms)  ws_cov=870  → live_btc.parquet
[16:29:37] tick 1097  + 544 rows  (4699 ms)  ws_cov=870  → live_btc.parquet
[16:29:41] tick 1098  + 545 rows  (4041 ms)  ws_cov=870  → live_btc.parquet
[16:29:44] tick 1099  + 543 rows  (3690 ms)  ws_cov=870  → live_btc.parquet
[16:29:49] tick 1100  + 543 rows  (4366 ms)  ws_cov=870  → live_btc.parquet
[16:29:53] tick 1101  + 543 rows  (4148 ms)  ws_cov=870  → live_btc.parquet
[16:29:57] tick 1102  + 543 rows  (3866 ms)  ws_cov=870  → live_btc.parquet
[16:30:01] tick 1103  + 544 rows  (4361 ms)  ws_cov=870  → live_btc.parquet
[16:30:05] tick 1104  + 544 rows  (4470 ms)  ws_cov=870  → live_btc.parquet
[16:30:10] tick 1105  + 543 rows  (4596 ms)  ws_cov=870  → live_btc.parquet
[16:30:14] tick 1106  + 544 rows  (3595 ms)  ws_cov=870  → live_btc.parquet
[16:30:17] tick 1107  + 544 rows  (3657 ms)  ws_cov=870  → live_btc.parquet
[16:30:21] tick 1108  + 545 rows  (3963 ms)  ws_cov=870  → live_btc.parquet
[16:30:25] tick 1109  + 545 rows  (3892 ms)  ws_cov=870  → live_btc.parquet
[16:30:30] tick 1110  + 546 rows  (4804 ms)  ws_cov=870  → live_btc.parquet
[16:30:35] tick 1111  + 546 rows  (5400 ms)  ws_cov=870  → live_btc.parquet
[16:30:41] tick 1112  + 546 rows  (5165 ms)  ws_cov=870  → live_btc.parquet
[16:30:44] tick 1113  + 546 rows  (3559 ms)  ws_cov=870  → live_btc.parquet
[16:30:48] tick 1114  + 543 rows  (4282 ms)  ws_cov=870  → live_btc.parquet
[16:30:53] tick 1115  + 544 rows  (4200 ms)  ws_cov=870  → live_btc.parquet
[16:30:56] tick 1116  + 545 rows  (3868 ms)  ws_cov=870  → live_btc.parquet
[16:31:01] tick 1117  + 546 rows  (4133 ms)  ws_cov=870  → live_btc.parquet
[16:31:05] tick 1118  + 546 rows  (4452 ms)  ws_cov=870  → live_btc.parquet
[16:31:10] tick 1119  + 543 rows  (4643 ms)  ws_cov=870  → live_btc.parquet
[16:31:15] tick 1120  + 544 rows  (4925 ms)  ws_cov=870  → live_btc.parquet
[16:31:20] tick 1121  + 544 rows  (5398 ms)  ws_cov=870  → live_btc.parquet
[16:31:26] tick 1122  + 544 rows  (6369 ms)  ws_cov=870  → live_btc.parquet
[16:31:31] tick 1123  + 544 rows  (4479 ms)  ws_cov=870  → live_btc.parquet
[16:31:37] tick 1124  + 544 rows  (5984 ms)  ws_cov=870  → live_btc.parquet
[16:31:42] tick 1125  + 545 rows  (4810 ms)  ws_cov=870  → live_btc.parquet
[16:31:47] tick 1126  + 543 rows  (4842 ms)  ws_cov=870  → live_btc.parquet
[16:31:52] tick 1127  + 545 rows  (5845 ms)  ws_cov=870  → live_btc.parquet
[16:31:57] tick 1128  + 544 rows  (4533 ms)  ws_cov=870  → live_btc.parquet
[16:32:01] tick 1129  + 544 rows  (4009 ms)  ws_cov=870  → live_btc.parquet
[16:32:07] tick 1130  + 544 rows  (5719 ms)  ws_cov=870  → live_btc.parquet
[16:32:12] tick 1131  + 544 rows  (5100 ms)  ws_cov=870  → live_btc.parquet
[16:32:17] tick 1132  + 545 rows  (4976 ms)  ws_cov=870  → live_btc.parquet
[16:32:22] tick 1133  + 545 rows  (5484 ms)  ws_cov=870  → live_btc.parquet
[16:32:26] tick 1134  + 545 rows  (3870 ms)  ws_cov=870  → live_btc.parquet
[16:32:31] tick 1135  + 546 rows  (4726 ms)  ws_cov=870  → live_btc.parquet
[16:32:35] tick 1136  + 546 rows  (4198 ms)  ws_cov=870  → live_btc.parquet
[16:32:39] tick 1137  + 545 rows  (4372 ms)  ws_cov=870  → live_btc.parquet
[16:32:44] tick 1138  + 546 rows  (4437 ms)  ws_cov=870  → live_btc.parquet
[16:32:48] tick 1139  + 546 rows  (3843 ms)  ws_cov=870  → live_btc.parquet
[16:32:52] tick 1140  + 544 rows  (4744 ms)  ws_cov=870  → live_btc.parquet
[16:32:56] tick 1141  + 543 rows  (3370 ms)  ws_cov=870  → live_btc.parquet
[16:32:59] tick 1142  + 542 rows  (3399 ms)  ws_cov=870  → live_btc.parquet
[16:33:03] tick 1143  + 541 rows  (3809 ms)  ws_cov=870  → live_btc.parquet
[16:33:07] tick 1144  + 543 rows  (3588 ms)  ws_cov=870  → live_btc.parquet
[16:33:11] tick 1145  + 543 rows  (4191 ms)  ws_cov=870  → live_btc.parquet
[16:33:15] tick 1146  + 543 rows  (4527 ms)  ws_cov=870  → live_btc.parquet
[16:33:18] tick 1147  + 542 rows  (3206 ms)  ws_cov=870  → live_btc.parquet
[16:33:22] tick 1148  + 542 rows  (3229 ms)  ws_cov=870  → live_btc.parquet
[16:33:25] tick 1149  + 543 rows  (3442 ms)  ws_cov=870  → live_btc.parquet
[16:33:29] tick 1150  + 544 rows  (3723 ms)  ws_cov=870  → live_btc.parquet
[16:33:32] tick 1151  + 544 rows  (3379 ms)  ws_cov=870  → live_btc.parquet
[16:33:36] tick 1152  + 543 rows  (3425 ms)  ws_cov=870  → live_btc.parquet
[16:33:40] tick 1153  + 542 rows  (4081 ms)  ws_cov=870  → live_btc.parquet
[16:33:43] tick 1154  + 542 rows  (3536 ms)  ws_cov=870  → live_btc.parquet
[16:33:47] tick 1155  + 542 rows  (3800 ms)  ws_cov=870  → live_btc.parquet
[16:33:51] tick 1156  + 542 rows  (3644 ms)  ws_cov=870  → live_btc.parquet
[16:33:54] tick 1157  + 541 rows  (3569 ms)  ws_cov=870  → live_btc.parquet
[16:33:58] tick 1158  + 542 rows  (3688 ms)  ws_cov=870  → live_btc.parquet
[16:34:02] tick 1159  + 540 rows  (3543 ms)  ws_cov=870  → live_btc.parquet
[16:34:05] tick 1160  + 540 rows  (3755 ms)  ws_cov=870  → live_btc.parquet
[16:34:10] tick 1161  + 540 rows  (4618 ms)  ws_cov=870  → live_btc.parquet
[16:34:15] tick 1162  + 542 rows  (5337 ms)  ws_cov=870  → live_btc.parquet
[16:34:21] tick 1163  + 542 rows  (5509 ms)  ws_cov=870  → live_btc.parquet
[16:34:24] tick 1164  + 543 rows  (3743 ms)  ws_cov=870  → live_btc.parquet
[16:34:28] tick 1165  + 541 rows  (3712 ms)  ws_cov=870  → live_btc.parquet
[16:34:32] tick 1166  + 541 rows  (3953 ms)  ws_cov=870  → live_btc.parquet
[16:34:36] tick 1167  + 541 rows  (3832 ms)  ws_cov=870  → live_btc.parquet
[16:34:40] tick 1168  + 539 rows  (3925 ms)  ws_cov=870  → live_btc.parquet
[16:34:45] tick 1169  + 539 rows  (4740 ms)  ws_cov=870  → live_btc.parquet
[16:34:49] tick 1170  + 539 rows  (4238 ms)  ws_cov=870  → live_btc.parquet
[16:34:53] tick 1171  + 539 rows  (3939 ms)  ws_cov=870  → live_btc.parquet
[16:34:56] tick 1172  + 538 rows  (3426 ms)  ws_cov=870  → live_btc.parquet
[16:34:59] tick 1173  + 540 rows  (2776 ms)  ws_cov=870  → live_btc.parquet