[live_gather] currency=eth  poll=1s
[live_gather] writing to /Users/macbookair/Internship Natixis/2 - Data/live/live_eth.parquet
[ws] 826 ETH option instruments
[live_gather] warming up websocket …
[ws] subscribed to 826 ticker channels
[live_gather] ws coverage: 826 instruments
[live_gather] ctrl+c to stop

[16:23:46] tick 1  + 430 rows  (2717 ms)  ws_cov=826  → live_eth.parquet
[16:23:48] tick 2  + 424 rows  (2006 ms)  ws_cov=826  → live_eth.parquet
[16:23:49] tick 3  + 424 rows  (1800 ms)  ws_cov=826  → live_eth.parquet
[16:23:51] tick 4  + 425 rows  (1626 ms)  ws_cov=826  → live_eth.parquet
[16:23:53] tick 5  + 425 rows  (2127 ms)  ws_cov=826  → live_eth.parquet
[16:23:55] tick 6  + 427 rows  (1675 ms)  ws_cov=826  → live_eth.parquet
[16:23:56] tick 7  + 427 rows  (1522 ms)  ws_cov=826  → live_eth.parquet
[16:23:58] tick 8  + 422 rows  (1368 ms)  ws_cov=826  → live_eth.parquet
[16:23:59] tick 9  + 422 rows  (1588 ms)  ws_cov=826  → live_eth.parquet
[16:24:01] tick 10  + 426 rows  (1620 ms)  ws_cov=826  → live_eth.parquet
[16:24:02] tick 11  + 426 rows  (1565 ms)  ws_cov=826  → live_eth.parquet
[16:24:04] tick 12  + 426 rows  (2002 ms)  ws_cov=826  → live_eth.parquet
[16:24:06] tick 13  + 426 rows  (1486 ms)  ws_cov=826  → live_eth.parquet
[16:24:07] tick 14  + 424 rows  (1362 ms)  ws_cov=826  → live_eth.parquet
[16:24:09] tick 15  + 424 rows  (1987 ms)  ws_cov=826  → live_eth.parquet
[16:24:11] tick 16  + 424 rows  (1291 ms)  ws_cov=826  → live_eth.parquet
[16:24:12] tick 17  + 424 rows  (1695 ms)  ws_cov=826  → live_eth.parquet
[16:24:14] tick 18  + 426 rows  (1310 ms)  ws_cov=826  → live_eth.parquet
[16:24:15] tick 19  + 426 rows  (1539 ms)  ws_cov=826  → live_eth.parquet
[16:24:17] tick 20  + 423 rows  (1787 ms)  ws_cov=826  → live_eth.parquet
[16:24:18] tick 21  + 423 rows  (1425 ms)  ws_cov=826  → live_eth.parquet
[16:24:20] tick 22  + 423 rows  (1381 ms)  ws_cov=826  → live_eth.parquet
[16:24:21] tick 23  + 423 rows  (1460 ms)  ws_cov=826  → live_eth.parquet
[16:24:23] tick 24  + 428 rows  (1495 ms)  ws_cov=826  → live_eth.parquet
[16:24:24] tick 25  + 428 rows  (1460 ms)  ws_cov=826  → live_eth.parquet
[16:24:26] tick 26  + 418 rows  (1654 ms)  ws_cov=826  → live_eth.parquet
[16:24:27] tick 27  + 418 rows  (1512 ms)  ws_cov=826  → live_eth.parquet
[16:24:29] tick 28  + 419 rows  (1409 ms)  ws_cov=826  → live_eth.parquet
[16:24:30] tick 29  + 419 rows  (1747 ms)  ws_cov=826  → live_eth.parquet
[16:24:32] tick 30  + 417 rows  (1299 ms)  ws_cov=826  → live_eth.parquet
[16:24:33] tick 31  + 423 rows  (1471 ms)  ws_cov=826  → live_eth.parquet
[16:24:35] tick 32  + 423 rows  (1321 ms)  ws_cov=826  → live_eth.parquet
[16:24:36] tick 33  + 429 rows  (1410 ms)  ws_cov=826  → live_eth.parquet
[16:24:38] tick 34  + 429 rows  (1666 ms)  ws_cov=826  → live_eth.parquet
[16:24:39] tick 35  + 429 rows  (1282 ms)  ws_cov=826  → live_eth.parquet
[16:24:41] tick 36  + 426 rows  (2010 ms)  ws_cov=826  → live_eth.parquet
[16:24:43] tick 37  + 426 rows  (1760 ms)  ws_cov=826  → live_eth.parquet
[16:24:44] tick 38  + 420 rows  (1466 ms)  ws_cov=826  → live_eth.parquet
[16:24:46] tick 39  + 432 rows  (1541 ms)  ws_cov=826  → live_eth.parquet
[16:24:47] tick 40  + 421 rows  (1753 ms)  ws_cov=826  → live_eth.parquet
[16:24:49] tick 41  + 421 rows  (1425 ms)  ws_cov=826  → live_eth.parquet
[16:24:50] tick 42  + 421 rows  (1420 ms)  ws_cov=826  → live_eth.parquet
[16:24:52] tick 43  + 421 rows  (1252 ms)  ws_cov=826  → live_eth.parquet
[16:24:53] tick 44  + 424 rows  (1652 ms)  ws_cov=826  → live_eth.parquet
[16:24:54] tick 45  + 421 rows  (1245 ms)  ws_cov=826  → live_eth.parquet
[16:24:56] tick 46  + 421 rows  (1205 ms)  ws_cov=826  → live_eth.parquet
[16:24:57] tick 47  + 424 rows  (1571 ms)  ws_cov=826  → live_eth.parquet
[16:24:59] tick 48  + 424 rows  (1560 ms)  ws_cov=826  → live_eth.parquet
[16:25:00] tick 49  + 427 rows  (1499 ms)  ws_cov=826  → live_eth.parquet
[16:25:01] tick 50  + 432 rows  (1239 ms)  ws_cov=826  → live_eth.parquet
[16:25:03] tick 51  + 432 rows  (1289 ms)  ws_cov=826  → live_eth.parquet
[16:25:04] tick 52  + 427 rows  (1417 ms)  ws_cov=826  → live_eth.parquet
[16:25:05] tick 53  + 427 rows  (1298 ms)  ws_cov=826  → live_eth.parquet
[16:25:07] tick 54  + 419 rows  (1316 ms)  ws_cov=826  → live_eth.parquet
[16:25:08] tick 55  + 425 rows  (1519 ms)  ws_cov=826  → live_eth.parquet
[16:25:10] tick 56  + 426 rows  (1322 ms)  ws_cov=826  → live_eth.parquet
[16:25:11] tick 57  + 426 rows  (1298 ms)  ws_cov=826  → live_eth.parquet
[16:25:12] tick 58  + 426 rows  (1356 ms)  ws_cov=826  → live_eth.parquet
[16:25:13] tick 59  + 426 rows  (1163 ms)  ws_cov=826  → live_eth.parquet
[16:25:15] tick 60  + 433 rows  (1399 ms)  ws_cov=826  → live_eth.parquet
[16:25:16] tick 61  + 433 rows  (1369 ms)  ws_cov=826  → live_eth.parquet
[16:25:18] tick 62  + 426 rows  (1276 ms)  ws_cov=826  → live_eth.parquet
[16:25:19] tick 63  + 426 rows  (1438 ms)  ws_cov=826  → live_eth.parquet
[16:25:20] tick 64  + 431 rows  (1483 ms)  ws_cov=826  → live_eth.parquet
[16:25:22] tick 65  + 431 rows  (1458 ms)  ws_cov=826  → live_eth.parquet
[16:25:23] tick 66  + 433 rows  (1391 ms)  ws_cov=826  → live_eth.parquet
[16:25:25] tick 67  + 433 rows  (1228 ms)  ws_cov=826  → live_eth.parquet
[16:25:26] tick 68  + 433 rows  (1512 ms)  ws_cov=826  → live_eth.parquet
[16:25:27] tick 69  + 433 rows  (1407 ms)  ws_cov=826  → live_eth.parquet
[16:25:29] tick 70  + 433 rows  (1391 ms)  ws_cov=826  → live_eth.parquet
[16:25:30] tick 71  + 431 rows  (1342 ms)  ws_cov=826  → live_eth.parquet
[16:25:31] tick 72  + 431 rows  (1221 ms)  ws_cov=826  → live_eth.parquet
[16:25:33] tick 73  + 423 rows  (1555 ms)  ws_cov=826  → live_eth.parquet
[16:25:34] tick 74  + 428 rows  (1313 ms)  ws_cov=826  → live_eth.parquet
[16:25:36] tick 75  + 428 rows  (1329 ms)  ws_cov=826  → live_eth.parquet
[16:25:37] tick 76  + 425 rows  (1368 ms)  ws_cov=826  → live_eth.parquet
[16:25:38] tick 77  + 425 rows  (1355 ms)  ws_cov=826  → live_eth.parquet
[16:25:40] tick 78  + 427 rows  (1235 ms)  ws_cov=826  → live_eth.parquet
[16:25:41] tick 79  + 427 rows  (1439 ms)  ws_cov=826  → live_eth.parquet
[16:25:42] tick 80  + 428 rows  (1331 ms)  ws_cov=826  → live_eth.parquet
[16:25:44] tick 81  + 428 rows  (1501 ms)  ws_cov=826  → live_eth.parquet
[16:25:45] tick 82  + 430 rows  (1395 ms)  ws_cov=826  → live_eth.parquet
[16:25:47] tick 83  + 424 rows  (1415 ms)  ws_cov=826  → live_eth.parquet
[16:25:48] tick 84  + 424 rows  (1706 ms)  ws_cov=826  → live_eth.parquet
[16:25:50] tick 85  + 418 rows  (1629 ms)  ws_cov=826  → live_eth.parquet
[16:25:51] tick 86  + 418 rows  (1266 ms)  ws_cov=826  → live_eth.parquet
[16:25:53] tick 87  + 427 rows  (1495 ms)  ws_cov=826  → live_eth.parquet
[16:25:54] tick 88  + 427 rows  (1720 ms)  ws_cov=826  → live_eth.parquet
[16:25:57] tick 89  + 433 rows  (2736 ms)  ws_cov=826  → live_eth.parquet
[16:25:59] tick 90  + 433 rows  (1477 ms)  ws_cov=826  → live_eth.parquet
[16:26:00] tick 91  + 433 rows  (1258 ms)  ws_cov=826  → live_eth.parquet
[16:26:01] tick 92  + 432 rows  (1348 ms)  ws_cov=826  → live_eth.parquet
[16:26:03] tick 93  + 432 rows  (1697 ms)  ws_cov=826  → live_eth.parquet
[16:26:05] tick 94  + 428 rows  (2397 ms)  ws_cov=826  → live_eth.parquet
[16:26:07] tick 95  + 426 rows  (1716 ms)  ws_cov=826  → live_eth.parquet
[16:26:08] tick 96  + 422 rows  (1385 ms)  ws_cov=826  → live_eth.parquet
[16:26:10] tick 97  + 422 rows  (1363 ms)  ws_cov=826  → live_eth.parquet
[16:26:11] tick 98  + 425 rows  (1458 ms)  ws_cov=826  → live_eth.parquet
[16:26:13] tick 99  + 425 rows  (1758 ms)  ws_cov=826  → live_eth.parquet
[16:26:15] tick 100  + 425 rows  (2171 ms)  ws_cov=826  → live_eth.parquet
[16:26:16] tick 101  + 425 rows  (1287 ms)  ws_cov=826  → live_eth.parquet
[16:26:18] tick 102  + 424 rows  (1307 ms)  ws_cov=826  → live_eth.parquet
[16:26:19] tick 103  + 423 rows  (1396 ms)  ws_cov=826  → live_eth.parquet
[16:26:20] tick 104  + 423 rows  (1184 ms)  ws_cov=826  → live_eth.parquet
[16:26:22] tick 105  + 423 rows  (1359 ms)  ws_cov=826  → live_eth.parquet
[16:26:23] tick 106  + 425 rows  (1556 ms)  ws_cov=826  → live_eth.parquet
[16:26:25] tick 107  + 425 rows  (1395 ms)  ws_cov=826  → live_eth.parquet
[16:26:26] tick 108  + 424 rows  (1617 ms)  ws_cov=826  → live_eth.parquet
[16:26:28] tick 109  + 424 rows  (1444 ms)  ws_cov=826  → live_eth.parquet
[16:26:29] tick 110  + 426 rows  (1355 ms)  ws_cov=826  → live_eth.parquet
[16:26:31] tick 111  + 426 rows  (1475 ms)  ws_cov=826  → live_eth.parquet
[16:26:32] tick 112  + 425 rows  (1247 ms)  ws_cov=826  → live_eth.parquet
[16:26:33] tick 113  + 427 rows  (1263 ms)  ws_cov=826  → live_eth.parquet
[16:26:35] tick 114  + 427 rows  (1995 ms)  ws_cov=826  → live_eth.parquet
[16:26:36] tick 115  + 426 rows  (1311 ms)  ws_cov=826  → live_eth.parquet
[16:26:38] tick 116  + 425 rows  (1367 ms)  ws_cov=826  → live_eth.parquet
[16:26:39] tick 117  + 425 rows  (1402 ms)  ws_cov=826  → live_eth.parquet
[16:26:41] tick 118  + 430 rows  (1362 ms)  ws_cov=826  → live_eth.parquet
[16:26:42] tick 119  + 430 rows  (1473 ms)  ws_cov=826  → live_eth.parquet
[16:26:44] tick 120  + 425 rows  (1856 ms)  ws_cov=826  → live_eth.parquet
[16:26:47] tick 121  + 425 rows  (2875 ms)  ws_cov=826  → live_eth.parquet
[16:26:49] tick 122  + 428 rows  (2168 ms)  ws_cov=826  → live_eth.parquet
[16:26:51] tick 123  + 432 rows  (1633 ms)  ws_cov=826  → live_eth.parquet
[16:26:52] tick 124  + 432 rows  (1429 ms)  ws_cov=826  → live_eth.parquet
[16:26:53] tick 125  + 429 rows  (1332 ms)  ws_cov=826  → live_eth.parquet
[16:26:55] tick 126  + 429 rows  (1631 ms)  ws_cov=826  → live_eth.parquet
[16:26:57] tick 127  + 429 rows  (2002 ms)  ws_cov=826  → live_eth.parquet
[16:26:58] tick 128  + 429 rows  (1320 ms)  ws_cov=826  → live_eth.parquet
[16:27:00] tick 129  + 426 rows  (1407 ms)  ws_cov=826  → live_eth.parquet
[16:27:01] tick 130  + 426 rows  (1285 ms)  ws_cov=826  → live_eth.parquet
[16:27:02] tick 131  + 424 rows  (1221 ms)  ws_cov=826  → live_eth.parquet
[16:27:04] tick 132  + 424 rows  (1383 ms)  ws_cov=826  → live_eth.parquet
[16:27:05] tick 133  + 423 rows  (1336 ms)  ws_cov=826  → live_eth.parquet
[16:27:06] tick 134  + 424 rows  (1482 ms)  ws_cov=826  → live_eth.parquet
[16:27:08] tick 135  + 424 rows  (1510 ms)  ws_cov=826  → live_eth.parquet
[16:27:09] tick 136  + 423 rows  (1244 ms)  ws_cov=826  → live_eth.parquet
[16:27:10] tick 137  + 423 rows  (1277 ms)  ws_cov=826  → live_eth.parquet
[16:27:12] tick 138  + 431 rows  (1439 ms)  ws_cov=826  → live_eth.parquet
[16:27:13] tick 139  + 432 rows  (1264 ms)  ws_cov=826  → live_eth.parquet
[16:27:14] tick 140  + 432 rows  (1348 ms)  ws_cov=826  → live_eth.parquet
[16:27:16] tick 141  + 432 rows  (1390 ms)  ws_cov=826  → live_eth.parquet
[16:27:17] tick 142  + 426 rows  (1172 ms)  ws_cov=826  → live_eth.parquet
[16:27:18] tick 143  + 426 rows  (1381 ms)  ws_cov=826  → live_eth.parquet
[16:27:20] tick 144  + 427 rows  (1255 ms)  ws_cov=826  → live_eth.parquet
[16:27:21] tick 145  + 428 rows  (1302 ms)  ws_cov=826  → live_eth.parquet
[16:27:22] tick 146  + 428 rows  (1427 ms)  ws_cov=826  → live_eth.parquet
[16:27:24] tick 147  + 427 rows  (1178 ms)  ws_cov=826  → live_eth.parquet
[16:27:25] tick 148  + 428 rows  (1468 ms)  ws_cov=826  → live_eth.parquet
[16:27:27] tick 149  + 428 rows  (1512 ms)  ws_cov=826  → live_eth.parquet
[16:27:28] tick 150  + 433 rows  (1184 ms)  ws_cov=826  → live_eth.parquet
[16:27:29] tick 151  + 428 rows  (1358 ms)  ws_cov=826  → live_eth.parquet
[16:27:30] tick 152  + 428 rows  (1251 ms)  ws_cov=826  → live_eth.parquet
[16:27:32] tick 153  + 427 rows  (1313 ms)  ws_cov=826  → live_eth.parquet
[16:27:33] tick 154  + 427 rows  (1489 ms)  ws_cov=826  → live_eth.parquet
[16:27:34] tick 155  + 432 rows  (1278 ms)  ws_cov=826  → live_eth.parquet
[16:27:36] tick 156  + 432 rows  (1332 ms)  ws_cov=826  → live_eth.parquet
[16:27:37] tick 157  + 422 rows  (1298 ms)  ws_cov=826  → live_eth.parquet
[16:27:38] tick 158  + 422 rows  (1332 ms)  ws_cov=826  → live_eth.parquet
[16:27:40] tick 159  + 424 rows  (1347 ms)  ws_cov=826  → live_eth.parquet
[16:27:41] tick 160  + 422 rows  (1221 ms)  ws_cov=826  → live_eth.parquet
[16:27:43] tick 161  + 422 rows  (1666 ms)  ws_cov=826  → live_eth.parquet
[16:27:44] tick 162  + 424 rows  (1559 ms)  ws_cov=826  → live_eth.parquet
[16:27:46] tick 163  + 426 rows  (2011 ms)  ws_cov=826  → live_eth.parquet
[16:27:49] tick 164  + 426 rows  (2337 ms)  ws_cov=826  → live_eth.parquet
[16:27:50] tick 165  + 430 rows  (1798 ms)  ws_cov=826  → live_eth.parquet
[16:27:53] tick 166  + 423 rows  (2654 ms)  ws_cov=826  → live_eth.parquet
[16:27:55] tick 167  + 421 rows  (2125 ms)  ws_cov=826  → live_eth.parquet
[16:27:57] tick 168  + 421 rows  (1590 ms)  ws_cov=826  → live_eth.parquet
[16:27:59] tick 169  + 421 rows  (1865 ms)  ws_cov=826  → live_eth.parquet
[16:28:00] tick 170  + 421 rows  (1368 ms)  ws_cov=826  → live_eth.parquet
[16:28:02] tick 171  + 421 rows  (1768 ms)  ws_cov=826  → live_eth.parquet
[16:28:03] tick 172  + 421 rows  (1812 ms)  ws_cov=826  → live_eth.parquet
[16:28:05] tick 173  + 425 rows  (1419 ms)  ws_cov=826  → live_eth.parquet
[16:28:06] tick 174  + 430 rows  (1342 ms)  ws_cov=826  → live_eth.parquet
[16:28:08] tick 175  + 430 rows  (1430 ms)  ws_cov=826  → live_eth.parquet
[16:28:09] tick 176  + 421 rows  (1406 ms)  ws_cov=826  → live_eth.parquet
[16:28:11] tick 177  + 427 rows  (1647 ms)  ws_cov=826  → live_eth.parquet
[16:28:12] tick 178  + 427 rows  (1568 ms)  ws_cov=826  → live_eth.parquet
[16:28:14] tick 179  + 427 rows  (1763 ms)  ws_cov=826  → live_eth.parquet
[16:28:17] tick 180  + 427 rows  (2766 ms)  ws_cov=826  → live_eth.parquet
[16:28:19] tick 181  + 425 rows  (2142 ms)  ws_cov=826  → live_eth.parquet
[16:28:21] tick 182  + 425 rows  (1998 ms)  ws_cov=826  → live_eth.parquet
[16:28:22] tick 183  + 425 rows  (1522 ms)  ws_cov=826  → live_eth.parquet
[16:28:24] tick 184  + 422 rows  (1308 ms)  ws_cov=826  → live_eth.parquet
[16:28:26] tick 185  + 424 rows  (1779 ms)  ws_cov=826  → live_eth.parquet
[16:28:27] tick 186  + 424 rows  (1466 ms)  ws_cov=826  → live_eth.parquet
[16:28:29] tick 187  + 426 rows  (1904 ms)  ws_cov=826  → live_eth.parquet
[16:28:31] tick 188  + 426 rows  (2045 ms)  ws_cov=826  → live_eth.parquet
[16:28:33] tick 189  + 426 rows  (2040 ms)  ws_cov=826  → live_eth.parquet
[16:28:35] tick 190  + 425 rows  (1686 ms)  ws_cov=826  → live_eth.parquet
[16:28:36] tick 191  + 428 rows  (1538 ms)  ws_cov=826  → live_eth.parquet
[16:28:38] tick 192  + 424 rows  (1634 ms)  ws_cov=826  → live_eth.parquet
[16:28:40] tick 193  + 424 rows  (2029 ms)  ws_cov=826  → live_eth.parquet
[16:28:42] tick 194  + 426 rows  (2544 ms)  ws_cov=826  → live_eth.parquet
[16:28:46] tick 195  + 430 rows  (3326 ms)  ws_cov=826  → live_eth.parquet
[16:28:48] tick 196  + 430 rows  (2410 ms)  ws_cov=826  → live_eth.parquet
[16:28:50] tick 197  + 431 rows  (1690 ms)  ws_cov=826  → live_eth.parquet
[16:28:51] tick 198  + 426 rows  (1458 ms)  ws_cov=826  → live_eth.parquet
[16:28:53] tick 199  + 431 rows  (1889 ms)  ws_cov=826  → live_eth.parquet
[16:28:55] tick 200  + 432 rows  (1605 ms)  ws_cov=826  → live_eth.parquet
[16:28:56] tick 201  + 432 rows  (1323 ms)  ws_cov=826  → live_eth.parquet
[16:28:58] tick 202  + 426 rows  (1708 ms)  ws_cov=826  → live_eth.parquet
[16:29:00] tick 203  + 426 rows  (2416 ms)  ws_cov=826  → live_eth.parquet
[16:29:02] tick 204  + 424 rows  (2064 ms)  ws_cov=826  → live_eth.parquet
[16:29:04] tick 205  + 423 rows  (1902 ms)  ws_cov=826  → live_eth.parquet
[16:29:06] tick 206  + 423 rows  (1547 ms)  ws_cov=826  → live_eth.parquet
[16:29:07] tick 207  + 423 rows  (1652 ms)  ws_cov=826  → live_eth.parquet
[16:29:09] tick 208  + 424 rows  (1463 ms)  ws_cov=826  → live_eth.parquet
[16:29:10] tick 209  + 422 rows  (1431 ms)  ws_cov=826  → live_eth.parquet
[16:29:12] tick 210  + 422 rows  (1408 ms)  ws_cov=826  → live_eth.parquet
[16:29:13] tick 211  + 424 rows  (1471 ms)  ws_cov=826  → live_eth.parquet
[16:29:15] tick 212  + 431 rows  (1291 ms)  ws_cov=826  → live_eth.parquet
[16:29:16] tick 213  + 431 rows  (1650 ms)  ws_cov=826  → live_eth.parquet
[16:29:17] tick 214  + 427 rows  (1262 ms)  ws_cov=826  → live_eth.parquet
[16:29:19] tick 215  + 427 rows  (1351 ms)  ws_cov=826  → live_eth.parquet
[16:29:20] tick 216  + 431 rows  (1623 ms)  ws_cov=826  → live_eth.parquet
[16:29:22] tick 217  + 431 rows  (1315 ms)  ws_cov=826  → live_eth.parquet
[16:29:23] tick 218  + 426 rows  (1457 ms)  ws_cov=826  → live_eth.parquet
[16:29:25] tick 219  + 426 rows  (1509 ms)  ws_cov=826  → live_eth.parquet
[16:29:26] tick 220  + 425 rows  (1530 ms)  ws_cov=826  → live_eth.parquet
[16:29:28] tick 221  + 431 rows  (1520 ms)  ws_cov=826  → live_eth.parquet
[16:29:29] tick 222  + 431 rows  (1242 ms)  ws_cov=826  → live_eth.parquet
[16:29:30] tick 223  + 432 rows  (1299 ms)  ws_cov=826  → live_eth.parquet
[16:29:32] tick 224  + 432 rows  (1602 ms)  ws_cov=826  → live_eth.parquet
[16:29:33] tick 225  + 431 rows  (1216 ms)  ws_cov=826  → live_eth.parquet
[16:29:35] tick 226  + 431 rows  (1466 ms)  ws_cov=826  → live_eth.parquet
[16:29:36] tick 227  + 431 rows  (1429 ms)  ws_cov=826  → live_eth.parquet
[16:29:37] tick 228  + 427 rows  (1127 ms)  ws_cov=826  → live_eth.parquet
[16:29:39] tick 229  + 427 rows  (1469 ms)  ws_cov=826  → live_eth.parquet
[16:29:40] tick 230  + 427 rows  (1285 ms)  ws_cov=826  → live_eth.parquet
[16:29:41] tick 231  + 427 rows  (1296 ms)  ws_cov=826  → live_eth.parquet
[16:29:43] tick 232  + 427 rows  (1615 ms)  ws_cov=826  → live_eth.parquet
[16:29:45] tick 233  + 427 rows  (1823 ms)  ws_cov=826  → live_eth.parquet
[16:29:46] tick 234  + 432 rows  (1513 ms)  ws_cov=826  → live_eth.parquet
[16:29:48] tick 235  + 432 rows  (1696 ms)  ws_cov=826  → live_eth.parquet
[16:29:49] tick 236  + 432 rows  (1616 ms)  ws_cov=826  → live_eth.parquet
[16:29:51] tick 237  + 432 rows  (1772 ms)  ws_cov=826  → live_eth.parquet
[16:29:53] tick 238  + 431 rows  (1758 ms)  ws_cov=826  → live_eth.parquet
[16:29:55] tick 239  + 431 rows  (1911 ms)  ws_cov=826  → live_eth.parquet
[16:29:56] tick 240  + 431 rows  (1317 ms)  ws_cov=826  → live_eth.parquet
[16:29:58] tick 241  + 431 rows  (1466 ms)  ws_cov=826  → live_eth.parquet
[16:30:00] tick 242  + 431 rows  (1921 ms)  ws_cov=826  → live_eth.parquet
[16:30:03] tick 243  + 431 rows  (3143 ms)  ws_cov=826  → live_eth.parquet
[16:30:05] tick 244  + 431 rows  (2455 ms)  ws_cov=826  → live_eth.parquet
[16:30:07] tick 245  + 424 rows  (2028 ms)  ws_cov=826  → live_eth.parquet
[16:30:10] tick 246  + 424 rows  (3122 ms)  ws_cov=826  → live_eth.parquet
[16:30:12] tick 247  + 426 rows  (2093 ms)  ws_cov=826  → live_eth.parquet
[16:30:14] tick 248  + 424 rows  (1681 ms)  ws_cov=826  → live_eth.parquet
[16:30:16] tick 249  + 425 rows  (1617 ms)  ws_cov=826  → live_eth.parquet
[16:30:17] tick 250  + 425 rows  (1680 ms)  ws_cov=826  → live_eth.parquet
[16:30:20] tick 251  + 424 rows  (2975 ms)  ws_cov=826  → live_eth.parquet
[16:30:22] tick 252  + 422 rows  (1819 ms)  ws_cov=826  → live_eth.parquet
[16:30:24] tick 253  + 427 rows  (2205 ms)  ws_cov=826  → live_eth.parquet
[16:30:27] tick 254  + 427 rows  (2500 ms)  ws_cov=826  → live_eth.parquet
[16:30:30] tick 255  + 420 rows  (3015 ms)  ws_cov=826  → live_eth.parquet
[16:30:32] tick 256  + 426 rows  (1897 ms)  ws_cov=826  → live_eth.parquet
[16:30:33] tick 257  + 432 rows  (1466 ms)  ws_cov=826  → live_eth.parquet
[16:30:35] tick 258  + 432 rows  (2131 ms)  ws_cov=826  → live_eth.parquet
[16:30:37] tick 259  + 430 rows  (1613 ms)  ws_cov=826  → live_eth.parquet
[16:30:39] tick 260  + 425 rows  (1643 ms)  ws_cov=826  → live_eth.parquet
[16:30:41] tick 261  + 425 rows  (2136 ms)  ws_cov=826  → live_eth.parquet
[16:30:43] tick 262  + 426 rows  (1887 ms)  ws_cov=826  → live_eth.parquet
[16:30:44] tick 263  + 430 rows  (1695 ms)  ws_cov=826  → live_eth.parquet
[16:30:46] tick 264  + 430 rows  (1946 ms)  ws_cov=826  → live_eth.parquet
[16:30:49] tick 265  + 422 rows  (2200 ms)  ws_cov=826  → live_eth.parquet
[16:30:51] tick 266  + 421 rows  (2701 ms)  ws_cov=826  → live_eth.parquet
[16:30:54] tick 267  + 422 rows  (2558 ms)  ws_cov=826  → live_eth.parquet
[16:30:56] tick 268  + 422 rows  (2325 ms)  ws_cov=826  → live_eth.parquet
[16:30:59] tick 269  + 422 rows  (2562 ms)  ws_cov=826  → live_eth.parquet
[16:31:01] tick 270  + 422 rows  (1976 ms)  ws_cov=826  → live_eth.parquet
[16:31:02] tick 271  + 429 rows  (1830 ms)  ws_cov=826  → live_eth.parquet
[16:31:05] tick 272  + 429 rows  (3017 ms)  ws_cov=826  → live_eth.parquet
[16:31:08] tick 273  + 438 rows  (2514 ms)  ws_cov=826  → live_eth.parquet
[16:31:10] tick 274  + 433 rows  (2034 ms)  ws_cov=826  → live_eth.parquet
[16:31:13] tick 275  + 433 rows  (2790 ms)  ws_cov=826  → live_eth.parquet
[16:31:16] tick 276  + 433 rows  (2728 ms)  ws_cov=826  → live_eth.parquet
[16:31:18] tick 277  + 427 rows  (2480 ms)  ws_cov=826  → live_eth.parquet
[16:31:21] tick 278  + 431 rows  (3258 ms)  ws_cov=826  → live_eth.parquet
[16:31:23] tick 279  + 433 rows  (1924 ms)  ws_cov=826  → live_eth.parquet
[16:31:27] tick 280  + 429 rows  (3659 ms)  ws_cov=826  → live_eth.parquet
[16:31:29] tick 281  + 429 rows  (2512 ms)  ws_cov=826  → live_eth.parquet
[16:31:32] tick 282  + 429 rows  (2278 ms)  ws_cov=826  → live_eth.parquet
[16:31:34] tick 283  + 429 rows  (2773 ms)  ws_cov=826  → live_eth.parquet
[16:31:38] tick 284  + 429 rows  (3168 ms)  ws_cov=826  → live_eth.parquet
[16:31:41] tick 285  + 428 rows  (3469 ms)  ws_cov=826  → live_eth.parquet
[16:31:43] tick 286  + 433 rows  (2371 ms)  ws_cov=826  → live_eth.parquet
[16:31:46] tick 287  + 434 rows  (2135 ms)  ws_cov=826  → live_eth.parquet
[16:31:49] tick 288  + 434 rows  (3260 ms)  ws_cov=826  → live_eth.parquet
[16:31:51] tick 289  + 430 rows  (1723 ms)  ws_cov=826  → live_eth.parquet
[16:31:53] tick 290  + 424 rows  (2169 ms)  ws_cov=826  → live_eth.parquet
[16:31:55] tick 291  + 424 rows  (2362 ms)  ws_cov=826  → live_eth.parquet
[16:31:57] tick 292  + 427 rows  (2052 ms)  ws_cov=826  → live_eth.parquet
[16:32:00] tick 293  + 423 rows  (2432 ms)  ws_cov=826  → live_eth.parquet
[16:32:03] tick 294  + 423 rows  (2957 ms)  ws_cov=826  → live_eth.parquet
[16:32:05] tick 295  + 424 rows  (2908 ms)  ws_cov=826  → live_eth.parquet
[16:32:07] tick 296  + 424 rows  (1866 ms)  ws_cov=826  → live_eth.parquet
[16:32:09] tick 297  + 429 rows  (1597 ms)  ws_cov=826  → live_eth.parquet
[16:32:11] tick 298  + 429 rows  (2198 ms)  ws_cov=826  → live_eth.parquet
[16:32:13] tick 299  + 424 rows  (1639 ms)  ws_cov=826  → live_eth.parquet
[16:32:15] tick 300  + 424 rows  (1925 ms)  ws_cov=826  → live_eth.parquet
[16:32:16] tick 301  + 431 rows  (1599 ms)  ws_cov=826  → live_eth.parquet
[16:32:18] tick 302  + 431 rows  (1850 ms)  ws_cov=826  → live_eth.parquet
[16:32:20] tick 303  + 431 rows  (1797 ms)  ws_cov=826  → live_eth.parquet
[16:32:22] tick 304  + 427 rows  (1682 ms)  ws_cov=826  → live_eth.parquet
[16:32:23] tick 305  + 428 rows  (1689 ms)  ws_cov=826  → live_eth.parquet
[16:32:25] tick 306  + 434 rows  (1965 ms)  ws_cov=826  → live_eth.parquet
[16:32:27] tick 307  + 434 rows  (2053 ms)  ws_cov=826  → live_eth.parquet
[16:32:29] tick 308  + 431 rows  (1923 ms)  ws_cov=826  → live_eth.parquet
[16:32:31] tick 309  + 431 rows  (1996 ms)  ws_cov=826  → live_eth.parquet
[16:32:33] tick 310  + 431 rows  (1785 ms)  ws_cov=826  → live_eth.parquet
[16:32:36] tick 311  + 428 rows  (2766 ms)  ws_cov=826  → live_eth.parquet
[16:32:38] tick 312  + 414 rows  (2595 ms)  ws_cov=826  → live_eth.parquet
[16:32:41] tick 313  + 418 rows  (2760 ms)  ws_cov=826  → live_eth.parquet
[16:32:44] tick 314  + 420 rows  (2919 ms)  ws_cov=826  → live_eth.parquet
[16:32:47] tick 315  + 431 rows  (3094 ms)  ws_cov=826  → live_eth.parquet
[16:32:50] tick 316  + 436 rows  (2526 ms)  ws_cov=826  → live_eth.parquet
[16:32:52] tick 317  + 429 rows  (2625 ms)  ws_cov=826  → live_eth.parquet
[16:32:55] tick 318  + 434 rows  (2312 ms)  ws_cov=826  → live_eth.parquet
[16:32:57] tick 319  + 434 rows  (2412 ms)  ws_cov=826  → live_eth.parquet
[16:33:00] tick 320  + 434 rows  (2638 ms)  ws_cov=826  → live_eth.parquet
[16:33:02] tick 321  + 434 rows  (1914 ms)  ws_cov=826  → live_eth.parquet
[16:33:04] tick 322  + 402 rows  (1932 ms)  ws_cov=826  → live_eth.parquet
[16:33:06] tick 323  + 329 rows  (2778 ms)  ws_cov=826  → live_eth.parquet
[16:33:09] tick 324  + 327 rows  (2466 ms)  ws_cov=826  → live_eth.parquet
[16:33:12] tick 325  + 354 rows  (3685 ms)  ws_cov=826  → live_eth.parquet
[16:33:18] tick 326  + 272 rows  (5684 ms)  ws_cov=826  → live_eth.parquet
[16:33:21] tick 327  + 265 rows  (2450 ms)  ws_cov=826  → live_eth.parquet
[16:33:23] tick 328  + 224 rows  (2302 ms)  ws_cov=826  → live_eth.parquet
[16:33:25] tick 329  + 180 rows  (2552 ms)  ws_cov=826  → live_eth.parquet
[16:33:28] tick 330  + 136 rows  (2210 ms)  ws_cov=826  → live_eth.parquet
[16:33:30] tick 331  + 199 rows  (2090 ms)  ws_cov=826  → live_eth.parquet
[16:33:32] tick 332  + 314 rows  (1869 ms)  ws_cov=826  → live_eth.parquet
[16:33:33] tick 333  + 315 rows  (1635 ms)  ws_cov=826  → live_eth.parquet
[16:33:35] tick 334  + 223 rows  (1820 ms)  ws_cov=826  → live_eth.parquet
[16:33:37] tick 335  + 223 rows  (1825 ms)  ws_cov=826  → live_eth.parquet
[16:33:39] tick 336  + 202 rows  (1845 ms)  ws_cov=826  → live_eth.parquet
[16:33:40] tick 337  + 166 rows  (1551 ms)  ws_cov=826  → live_eth.parquet
[16:33:42] tick 338  + 204 rows  (1979 ms)  ws_cov=826  → live_eth.parquet
[16:33:44] tick 339  + 184 rows  (1503 ms)  ws_cov=826  → live_eth.parquet
[16:33:46] tick 340  + 184 rows  (1743 ms)  ws_cov=826  → live_eth.parquet
[16:33:47] tick 341  + 186 rows  (1585 ms)  ws_cov=826  → live_eth.parquet
[16:33:49] tick 342  + 202 rows  (1865 ms)  ws_cov=826  → live_eth.parquet
[16:33:51] tick 343  + 202 rows  (1922 ms)  ws_cov=826  → live_eth.parquet
[16:33:53] tick 344  + 191 rows  (1703 ms)  ws_cov=826  → live_eth.parquet
[16:33:54] tick 345  + 178 rows  (1721 ms)  ws_cov=826  → live_eth.parquet
[16:33:56] tick 346  + 186 rows  (1617 ms)  ws_cov=826  → live_eth.parquet
[16:33:58] tick 347  + 201 rows  (1772 ms)  ws_cov=826  → live_eth.parquet
[16:33:59] tick 348  + 201 rows  (1643 ms)  ws_cov=826  → live_eth.parquet
[16:34:01] tick 349  + 239 rows  (2154 ms)  ws_cov=826  → live_eth.parquet
[16:34:03] tick 350  + 266 rows  (1732 ms)  ws_cov=826  → live_eth.parquet
[16:34:05] tick 351  + 223 rows  (1869 ms)  ws_cov=826  → live_eth.parquet
[16:34:07] tick 352  + 223 rows  (1741 ms)  ws_cov=826  → live_eth.parquet
[16:34:09] tick 353  + 258 rows  (1909 ms)  ws_cov=826  → live_eth.parquet
[16:34:11] tick 354  + 258 rows  (1853 ms)  ws_cov=826  → live_eth.parquet
[16:34:12] tick 355  + 348 rows  (1730 ms)  ws_cov=826  → live_eth.parquet
[16:34:15] tick 356  + 300 rows  (2224 ms)  ws_cov=826  → live_eth.parquet
[16:34:17] tick 357  + 358 rows  (2011 ms)  ws_cov=826  → live_eth.parquet
[16:34:18] tick 358  + 298 rows  (1493 ms)  ws_cov=826  → live_eth.parquet
[16:34:20] tick 359  + 321 rows  (1733 ms)  ws_cov=826  → live_eth.parquet
[16:34:22] tick 360  + 321 rows  (1755 ms)  ws_cov=826  → live_eth.parquet
[16:34:23] tick 361  + 352 rows  (1688 ms)  ws_cov=826  → live_eth.parquet
[16:34:25] tick 362  + 344 rows  (1988 ms)  ws_cov=826  → live_eth.parquet
[16:34:27] tick 363  + 344 rows  (2024 ms)  ws_cov=826  → live_eth.parquet
[16:34:29] tick 364  + 264 rows  (1664 ms)  ws_cov=826  → live_eth.parquet
[16:34:31] tick 365  + 264 rows  (1944 ms)  ws_cov=826  → live_eth.parquet
[16:34:33] tick 366  + 295 rows  (1711 ms)  ws_cov=826  → live_eth.parquet
[16:34:34] tick 367  + 326 rows  (1900 ms)  ws_cov=826  → live_eth.parquet
[16:34:36] tick 368  + 353 rows  (1599 ms)  ws_cov=826  → live_eth.parquet
[16:34:38] tick 369  + 355 rows  (1843 ms)  ws_cov=826  → live_eth.parquet
[16:34:40] tick 370  + 355 rows  (2017 ms)  ws_cov=826  → live_eth.parquet
[16:34:41] tick 371  + 358 rows  (1554 ms)  ws_cov=826  → live_eth.parquet
[16:34:44] tick 372  + 358 rows  (2274 ms)  ws_cov=826  → live_eth.parquet
[16:34:46] tick 373  + 358 rows  (1773 ms)  ws_cov=826  → live_eth.parquet
[16:34:47] tick 374  + 366 rows  (1575 ms)  ws_cov=826  → live_eth.parquet
[16:34:50] tick 375  + 366 rows  (2691 ms)  ws_cov=826  → live_eth.parquet
[16:34:52] tick 376  + 366 rows  (2645 ms)  ws_cov=826  → live_eth.parquet
[16:34:54] tick 377  + 433 rows  (1848 ms)  ws_cov=826  → live_eth.parquet
[16:34:56] tick 378  + 430 rows  (2201 ms)  ws_cov=826  → live_eth.parquet
[16:34:58] tick 379  + 430 rows  (1642 ms)  ws_cov=826  → live_eth.parquet
[16:35:01] tick 380  + 426 rows  (2769 ms)  ws_cov=826  → live_eth.parquet
[16:35:03] tick 381  + 427 rows  (2172 ms)  ws_cov=826  → live_eth.parquet
[16:35:05] tick 382  + 432 rows  (2249 ms)  ws_cov=826  → live_eth.parquet
[16:35:08] tick 383  + 427 rows  (2432 ms)  ws_cov=826  → live_eth.parquet
[16:35:09] tick 384  + 427 rows  (1595 ms)  ws_cov=826  → live_eth.parquet
[16:35:11] tick 385  + 427 rows  (2108 ms)  ws_cov=826  → live_eth.parquet
[16:35:13] tick 386  + 432 rows  (1581 ms)  ws_cov=826  → live_eth.parquet
[16:35:14] tick 387  + 432 rows  (1466 ms)  ws_cov=826  → live_eth.parquet
[16:35:16] tick 388  + 432 rows  (1702 ms)  ws_cov=826  → live_eth.parquet
[16:35:18] tick 389  + 430 rows  (1755 ms)  ws_cov=826  → live_eth.parquet
[16:35:20] tick 390  + 430 rows  (1555 ms)  ws_cov=826  → live_eth.parquet
[16:35:22] tick 391  + 428 rows  (2070 ms)  ws_cov=826  → live_eth.parquet
[16:35:23] tick 392  + 431 rows  (1911 ms)  ws_cov=826  → live_eth.parquet
[16:35:26] tick 393  + 427 rows  (2094 ms)  ws_cov=826  → live_eth.parquet
[16:35:28] tick 394  + 428 rows  (2018 ms)  ws_cov=826  → live_eth.parquet
[16:35:29] tick 395  + 427 rows  (1890 ms)  ws_cov=826  → live_eth.parquet
[16:35:31] tick 396  + 427 rows  (1690 ms)  ws_cov=826  → live_eth.parquet
[16:35:33] tick 397  + 427 rows  (1637 ms)  ws_cov=826  → live_eth.parquet
[16:35:35] tick 398  + 427 rows  (1792 ms)  ws_cov=826  → live_eth.parquet
[16:35:36] tick 399  + 426 rows  (1661 ms)  ws_cov=826  → live_eth.parquet
[16:35:38] tick 400  + 427 rows  (1606 ms)  ws_cov=826  → live_eth.parquet
[16:35:39] tick 401  + 427 rows  (1561 ms)  ws_cov=826  → live_eth.parquet
[16:35:41] tick 402  + 428 rows  (2000 ms)  ws_cov=826  → live_eth.parquet
[16:35:45] tick 403  + 428 rows  (3797 ms)  ws_cov=826  → live_eth.parquet
[16:35:48] tick 404  + 433 rows  (2444 ms)  ws_cov=826  → live_eth.parquet
[16:35:51] tick 405  + 429 rows  (3186 ms)  ws_cov=826  → live_eth.parquet
[16:35:53] tick 406  + 428 rows  (2358 ms)  ws_cov=826  → live_eth.parquet
[16:35:55] tick 407  + 409 rows  (2197 ms)  ws_cov=826  → live_eth.parquet
[16:35:58] tick 408  + 425 rows  (2665 ms)  ws_cov=826  → live_eth.parquet
[16:36:01] tick 409  + 425 rows  (2933 ms)  ws_cov=826  → live_eth.parquet
[16:36:03] tick 410  + 430 rows  (2150 ms)  ws_cov=826  → live_eth.parquet
[16:36:05] tick 411  + 434 rows  (1987 ms)  ws_cov=826  → live_eth.parquet
[16:36:08] tick 412  + 434 rows  (2614 ms)  ws_cov=826  → live_eth.parquet
[16:36:12] tick 413  + 434 rows  (4097 ms)  ws_cov=826  → live_eth.parquet
[16:36:14] tick 414  + 434 rows  (2437 ms)  ws_cov=826  → live_eth.parquet
[16:36:17] tick 415  + 406 rows  (3062 ms)  ws_cov=826  → live_eth.parquet
[16:36:20] tick 416  + 427 rows  (2226 ms)  ws_cov=826  → live_eth.parquet
[16:36:22] tick 417  + 435 rows  (2855 ms)  ws_cov=826  → live_eth.parquet
[16:36:25] tick 418  + 437 rows  (2713 ms)  ws_cov=826  → live_eth.parquet
[16:36:29] tick 419  + 412 rows  (3453 ms)  ws_cov=826  → live_eth.parquet
[16:36:31] tick 420  + 412 rows  (2418 ms)  ws_cov=826  → live_eth.parquet
[16:36:34] tick 421  + 430 rows  (3117 ms)  ws_cov=826  → live_eth.parquet
[16:36:37] tick 422  + 430 rows  (2730 ms)  ws_cov=826  → live_eth.parquet
[16:36:40] tick 423  + 422 rows  (2688 ms)  ws_cov=826  → live_eth.parquet
[16:36:42] tick 424  + 422 rows  (2409 ms)  ws_cov=826  → live_eth.parquet
[16:36:44] tick 425  + 434 rows  (2502 ms)  ws_cov=826  → live_eth.parquet
[16:36:47] tick 426  + 422 rows  (2332 ms)  ws_cov=826  → live_eth.parquet
[16:36:49] tick 427  + 431 rows  (2584 ms)  ws_cov=826  → live_eth.parquet
[16:36:52] tick 428  + 427 rows  (2115 ms)  ws_cov=826  → live_eth.parquet
[16:36:53] tick 429  + 435 rows  (1854 ms)  ws_cov=826  → live_eth.parquet
[16:36:55] tick 430  + 436 rows  (1833 ms)  ws_cov=826  → live_eth.parquet
[16:36:58] tick 431  + 428 rows  (2329 ms)  ws_cov=826  → live_eth.parquet
[16:37:00] tick 432  + 431 rows  (2820 ms)  ws_cov=826  → live_eth.parquet
[16:37:02] tick 433  + 409 rows  (1891 ms)  ws_cov=826  → live_eth.parquet
[16:37:05] tick 434  + 409 rows  (2651 ms)  ws_cov=826  → live_eth.parquet
[16:37:07] tick 435  + 429 rows  (2170 ms)  ws_cov=826  → live_eth.parquet
[16:37:09] tick 436  + 404 rows  (2393 ms)  ws_cov=826  → live_eth.parquet
[16:37:11] tick 437  + 404 rows  (1825 ms)  ws_cov=826  → live_eth.parquet
[16:37:13] tick 438  + 427 rows  (1712 ms)  ws_cov=826  → live_eth.parquet
[16:37:15] tick 439  + 427 rows  (1984 ms)  ws_cov=826  → live_eth.parquet
[16:37:17] tick 440  + 436 rows  (1735 ms)  ws_cov=826  → live_eth.parquet
[16:37:19] tick 441  + 436 rows  (2200 ms)  ws_cov=826  → live_eth.parquet
[16:37:21] tick 442  + 436 rows  (1774 ms)  ws_cov=826  → live_eth.parquet
[16:37:22] tick 443  + 435 rows  (1799 ms)  ws_cov=826  → live_eth.parquet
[16:37:25] tick 444  + 436 rows  (2511 ms)  ws_cov=826  → live_eth.parquet
[16:37:28] tick 445  + 409 rows  (3211 ms)  ws_cov=826  → live_eth.parquet
[16:37:31] tick 446  + 431 rows  (2733 ms)  ws_cov=826  → live_eth.parquet
[16:37:34] tick 447  + 402 rows  (2809 ms)  ws_cov=826  → live_eth.parquet
[16:37:37] tick 448  + 427 rows  (3182 ms)  ws_cov=826  → live_eth.parquet
[16:37:39] tick 449  + 430 rows  (1710 ms)  ws_cov=826  → live_eth.parquet
[16:37:41] tick 450  + 428 rows  (2216 ms)  ws_cov=826  → live_eth.parquet
[16:37:43] tick 451  + 428 rows  (1955 ms)  ws_cov=826  → live_eth.parquet
[16:37:45] tick 452  + 428 rows  (2073 ms)  ws_cov=826  → live_eth.parquet
[16:37:47] tick 453  + 399 rows  (2181 ms)  ws_cov=826  → live_eth.parquet
[16:37:49] tick 454  + 428 rows  (1984 ms)  ws_cov=826  → live_eth.parquet
[16:37:51] tick 455  + 429 rows  (1813 ms)  ws_cov=826  → live_eth.parquet
[16:37:53] tick 456  + 414 rows  (2577 ms)  ws_cov=826  → live_eth.parquet
[16:37:56] tick 457  + 436 rows  (2323 ms)  ws_cov=826  → live_eth.parquet
[16:37:58] tick 458  + 436 rows  (2411 ms)  ws_cov=826  → live_eth.parquet
[16:38:01] tick 459  + 432 rows  (2409 ms)  ws_cov=826  → live_eth.parquet
[16:38:02] tick 460  + 432 rows  (1747 ms)  ws_cov=826  → live_eth.parquet
[16:38:05] tick 461  + 432 rows  (2368 ms)  ws_cov=826  → live_eth.parquet
[16:38:09] tick 462  + 403 rows  (4101 ms)  ws_cov=826  → live_eth.parquet
[16:38:12] tick 463  + 430 rows  (2841 ms)  ws_cov=826  → live_eth.parquet
[16:38:16] tick 464  + 430 rows  (4257 ms)  ws_cov=826  → live_eth.parquet
[16:38:19] tick 465  + 404 rows  (2827 ms)  ws_cov=826  → live_eth.parquet
[16:38:22] tick 466  + 431 rows  (3760 ms)  ws_cov=826  → live_eth.parquet
[16:38:27] tick 467  + 427 rows  (4699 ms)  ws_cov=826  → live_eth.parquet
[16:38:30] tick 468  + 434 rows  (2798 ms)  ws_cov=826  → live_eth.parquet
[16:38:32] tick 469  + 430 rows  (2422 ms)  ws_cov=826  → live_eth.parquet
[16:38:34] tick 470  + 430 rows  (1925 ms)  ws_cov=826  → live_eth.parquet
[16:38:37] tick 471  + 430 rows  (2265 ms)  ws_cov=826  → live_eth.parquet
[16:38:38] tick 472  + 430 rows  (1630 ms)  ws_cov=826  → live_eth.parquet
[16:38:40] tick 473  + 430 rows  (2230 ms)  ws_cov=826  → live_eth.parquet
[16:38:42] tick 474  + 435 rows  (1949 ms)  ws_cov=826  → live_eth.parquet
[16:38:44] tick 475  + 435 rows  (1988 ms)  ws_cov=826  → live_eth.parquet
[16:38:46] tick 476  + 435 rows  (1978 ms)  ws_cov=826  → live_eth.parquet
[16:38:48] tick 477  + 436 rows  (1950 ms)  ws_cov=826  → live_eth.parquet
[16:38:51] tick 478  + 431 rows  (2259 ms)  ws_cov=826  → live_eth.parquet
[16:38:52] tick 479  + 432 rows  (1871 ms)  ws_cov=826  → live_eth.parquet
[16:38:54] tick 480  + 432 rows  (1707 ms)  ws_cov=826  → live_eth.parquet
[16:38:56] tick 481  + 432 rows  (2041 ms)  ws_cov=826  → live_eth.parquet
[16:38:58] tick 482  + 433 rows  (2275 ms)  ws_cov=826  → live_eth.parquet
[16:39:00] tick 483  + 433 rows  (1892 ms)  ws_cov=826  → live_eth.parquet
[16:39:02] tick 484  + 434 rows  (2024 ms)  ws_cov=826  → live_eth.parquet
[16:39:05] tick 485  + 434 rows  (2542 ms)  ws_cov=826  → live_eth.parquet
[16:39:07] tick 486  + 432 rows  (1901 ms)  ws_cov=826  → live_eth.parquet
[16:39:09] tick 487  + 424 rows  (2402 ms)  ws_cov=826  → live_eth.parquet
[16:39:11] tick 488  + 431 rows  (1799 ms)  ws_cov=826  → live_eth.parquet
[16:39:13] tick 489  + 431 rows  (1713 ms)  ws_cov=826  → live_eth.parquet
[16:39:15] tick 490  + 435 rows  (2030 ms)  ws_cov=826  → live_eth.parquet
[16:39:17] tick 491  + 431 rows  (1878 ms)  ws_cov=826  → live_eth.parquet
[16:39:19] tick 492  + 426 rows  (1911 ms)  ws_cov=826  → live_eth.parquet
[16:39:21] tick 493  + 430 rows  (1978 ms)  ws_cov=826  → live_eth.parquet
[16:39:23] tick 494  + 429 rows  (2344 ms)  ws_cov=826  → live_eth.parquet
[16:39:26] tick 495  + 408 rows  (3087 ms)  ws_cov=826  → live_eth.parquet
[16:39:28] tick 496  + 428 rows  (2356 ms)  ws_cov=826  → live_eth.parquet
[16:39:30] tick 497  + 427 rows  (1846 ms)  ws_cov=826  → live_eth.parquet
[16:39:32] tick 498  + 437 rows  (1740 ms)  ws_cov=826  → live_eth.parquet
[16:39:34] tick 499  + 437 rows  (2049 ms)  ws_cov=826  → live_eth.parquet
[16:39:36] tick 500  + 429 rows  (1617 ms)  ws_cov=826  → live_eth.parquet
[16:39:38] tick 501  + 436 rows  (2152 ms)  ws_cov=826  → live_eth.parquet
[16:39:39] tick 502  + 435 rows  (1692 ms)  ws_cov=826  → live_eth.parquet
[16:39:42] tick 503  + 428 rows  (2178 ms)  ws_cov=826  → live_eth.parquet
[16:39:44] tick 504  + 428 rows  (2404 ms)  ws_cov=826  → live_eth.parquet
[16:39:47] tick 505  + 428 rows  (2742 ms)  ws_cov=826  → live_eth.parquet
[16:39:49] tick 506  + 427 rows  (1763 ms)  ws_cov=826  → live_eth.parquet
[16:39:50] tick 507  + 430 rows  (1910 ms)  ws_cov=826  → live_eth.parquet
[16:39:53] tick 508  + 430 rows  (2322 ms)  ws_cov=826  → live_eth.parquet
[16:39:55] tick 509  + 430 rows  (1956 ms)  ws_cov=826  → live_eth.parquet
[16:39:56] tick 510  + 427 rows  (1700 ms)  ws_cov=826  → live_eth.parquet
[16:39:59] tick 511  + 426 rows  (2449 ms)  ws_cov=826  → live_eth.parquet
[16:40:01] tick 512  + 426 rows  (2028 ms)  ws_cov=826  → live_eth.parquet
[16:40:03] tick 513  + 427 rows  (2328 ms)  ws_cov=826  → live_eth.parquet
[16:40:05] tick 514  + 427 rows  (2226 ms)  ws_cov=826  → live_eth.parquet
[16:40:07] tick 515  + 427 rows  (1938 ms)  ws_cov=826  → live_eth.parquet
[16:40:09] tick 516  + 429 rows  (1905 ms)  ws_cov=826  → live_eth.parquet
[16:40:12] tick 517  + 405 rows  (2332 ms)  ws_cov=826  → live_eth.parquet
[16:40:14] tick 518  + 405 rows  (1912 ms)  ws_cov=826  → live_eth.parquet
[16:40:15] tick 519  + 426 rows  (1804 ms)  ws_cov=826  → live_eth.parquet
[16:40:17] tick 520  + 402 rows  (1861 ms)  ws_cov=826  → live_eth.parquet
[16:40:20] tick 521  + 434 rows  (2349 ms)  ws_cov=826  → live_eth.parquet
[16:40:22] tick 522  + 434 rows  (2360 ms)  ws_cov=826  → live_eth.parquet
[16:40:24] tick 523  + 426 rows  (2074 ms)  ws_cov=826  → live_eth.parquet
[16:40:26] tick 524  + 428 rows  (2517 ms)  ws_cov=826  → live_eth.parquet
[16:40:28] tick 525  + 427 rows  (1977 ms)  ws_cov=826  → live_eth.parquet
[16:40:30] tick 526  + 429 rows  (1959 ms)  ws_cov=826  → live_eth.parquet
[16:40:32] tick 527  + 436 rows  (2057 ms)  ws_cov=826  → live_eth.parquet
[16:40:34] tick 528  + 436 rows  (1964 ms)  ws_cov=826  → live_eth.parquet
[16:40:36] tick 529  + 432 rows  (1989 ms)  ws_cov=826  → live_eth.parquet
[16:40:38] tick 530  + 432 rows  (2053 ms)  ws_cov=826  → live_eth.parquet
[16:40:40] tick 531  + 430 rows  (1921 ms)  ws_cov=826  → live_eth.parquet
[16:40:43] tick 532  + 433 rows  (2262 ms)  ws_cov=826  → live_eth.parquet
[16:40:44] tick 533  + 428 rows  (1759 ms)  ws_cov=826  → live_eth.parquet
[16:40:46] tick 534  + 429 rows  (1919 ms)  ws_cov=826  → live_eth.parquet
[16:40:49] tick 535  + 429 rows  (2387 ms)  ws_cov=826  → live_eth.parquet
[16:40:51] tick 536  + 429 rows  (1823 ms)  ws_cov=826  → live_eth.parquet
[16:40:53] tick 537  + 435 rows  (2187 ms)  ws_cov=826  → live_eth.parquet
[16:40:55] tick 538  + 434 rows  (1918 ms)  ws_cov=826  → live_eth.parquet
[16:40:57] tick 539  + 435 rows  (1881 ms)  ws_cov=826  → live_eth.parquet
[16:40:59] tick 540  + 436 rows  (2200 ms)  ws_cov=826  → live_eth.parquet
[16:41:01] tick 541  + 436 rows  (1872 ms)  ws_cov=826  → live_eth.parquet
[16:41:02] tick 542  + 436 rows  (1686 ms)  ws_cov=826  → live_eth.parquet
[16:41:04] tick 543  + 436 rows  (2153 ms)  ws_cov=826  → live_eth.parquet
[16:41:06] tick 544  + 436 rows  (1686 ms)  ws_cov=826  → live_eth.parquet
[16:41:08] tick 545  + 436 rows  (1655 ms)  ws_cov=826  → live_eth.parquet
[16:41:10] tick 546  + 429 rows  (2246 ms)  ws_cov=826  → live_eth.parquet
[16:41:12] tick 547  + 429 rows  (2205 ms)  ws_cov=826  → live_eth.parquet
[16:41:14] tick 548  + 423 rows  (2234 ms)  ws_cov=826  → live_eth.parquet
[16:41:17] tick 549  + 423 rows  (2203 ms)  ws_cov=826  → live_eth.parquet
[16:41:18] tick 550  + 413 rows  (1546 ms)  ws_cov=826  → live_eth.parquet
[16:41:20] tick 551  + 422 rows  (1788 ms)  ws_cov=826  → live_eth.parquet
[16:41:22] tick 552  + 422 rows  (1720 ms)  ws_cov=826  → live_eth.parquet
[16:41:23] tick 553  + 425 rows  (1679 ms)  ws_cov=826  → live_eth.parquet
[16:41:25] tick 554  + 430 rows  (1946 ms)  ws_cov=826  → live_eth.parquet
[16:41:27] tick 555  + 430 rows  (2032 ms)  ws_cov=826  → live_eth.parquet
[16:41:29] tick 556  + 430 rows  (1877 ms)  ws_cov=826  → live_eth.parquet
[16:41:31] tick 557  + 429 rows  (1667 ms)  ws_cov=826  → live_eth.parquet
[16:41:33] tick 558  + 425 rows  (1901 ms)  ws_cov=826  → live_eth.parquet
[16:41:35] tick 559  + 425 rows  (2115 ms)  ws_cov=826  → live_eth.parquet
[16:41:37] tick 560  + 425 rows  (1683 ms)  ws_cov=826  → live_eth.parquet
[16:41:39] tick 561  + 425 rows  (1929 ms)  ws_cov=826  → live_eth.parquet
[16:41:40] tick 562  + 424 rows  (1810 ms)  ws_cov=826  → live_eth.parquet
[16:41:42] tick 563  + 426 rows  (1847 ms)  ws_cov=826  → live_eth.parquet
[16:41:44] tick 564  + 425 rows  (1841 ms)  ws_cov=826  → live_eth.parquet
[16:41:46] tick 565  + 425 rows  (1875 ms)  ws_cov=826  → live_eth.parquet
[16:41:48] tick 566  + 429 rows  (1804 ms)  ws_cov=826  → live_eth.parquet
[16:41:50] tick 567  + 429 rows  (1800 ms)  ws_cov=826  → live_eth.parquet
[16:41:51] tick 568  + 429 rows  (1702 ms)  ws_cov=826  → live_eth.parquet
[16:41:54] tick 569  + 435 rows  (2588 ms)  ws_cov=826  → live_eth.parquet
[16:41:56] tick 570  + 435 rows  (2192 ms)  ws_cov=826  → live_eth.parquet
[16:41:58] tick 571  + 430 rows  (1896 ms)  ws_cov=826  → live_eth.parquet
[16:42:00] tick 572  + 430 rows  (1945 ms)  ws_cov=826  → live_eth.parquet
[16:42:02] tick 573  + 428 rows  (2123 ms)  ws_cov=826  → live_eth.parquet
[16:42:04] tick 574  + 433 rows  (1794 ms)  ws_cov=826  → live_eth.parquet
[16:42:06] tick 575  + 426 rows  (1900 ms)  ws_cov=826  → live_eth.parquet
[16:42:08] tick 576  + 425 rows  (1943 ms)  ws_cov=826  → live_eth.parquet
[16:42:09] tick 577  + 428 rows  (1528 ms)  ws_cov=826  → live_eth.parquet
[16:42:11] tick 578  + 428 rows  (1975 ms)  ws_cov=826  → live_eth.parquet
[16:42:13] tick 579  + 428 rows  (1828 ms)  ws_cov=826  → live_eth.parquet
[16:42:15] tick 580  + 433 rows  (1667 ms)  ws_cov=826  → live_eth.parquet
[16:42:16] tick 581  + 434 rows  (1597 ms)  ws_cov=826  → live_eth.parquet
[16:42:18] tick 582  + 435 rows  (2170 ms)  ws_cov=826  → live_eth.parquet
[16:42:21] tick 583  + 435 rows  (2365 ms)  ws_cov=826  → live_eth.parquet
[16:42:23] tick 584  + 436 rows  (2132 ms)  ws_cov=826  → live_eth.parquet
[16:42:25] tick 585  + 438 rows  (1999 ms)  ws_cov=826  → live_eth.parquet
[16:42:27] tick 586  + 432 rows  (2150 ms)  ws_cov=826  → live_eth.parquet
[16:42:29] tick 587  + 432 rows  (1597 ms)  ws_cov=826  → live_eth.parquet
[16:42:30] tick 588  + 432 rows  (1716 ms)  ws_cov=826  → live_eth.parquet
[16:42:32] tick 589  + 431 rows  (1707 ms)  ws_cov=826  → live_eth.parquet
[16:42:34] tick 590  + 430 rows  (1772 ms)  ws_cov=826  → live_eth.parquet
[16:42:36] tick 591  + 430 rows  (2179 ms)  ws_cov=826  → live_eth.parquet
[16:42:38] tick 592  + 429 rows  (1615 ms)  ws_cov=826  → live_eth.parquet
[16:42:40] tick 593  + 429 rows  (2273 ms)  ws_cov=826  → live_eth.parquet
[16:42:42] tick 594  + 429 rows  (1899 ms)  ws_cov=826  → live_eth.parquet
[16:42:44] tick 595  + 429 rows  (2147 ms)  ws_cov=826  → live_eth.parquet
[16:42:46] tick 596  + 434 rows  (2356 ms)  ws_cov=826  → live_eth.parquet
[16:42:49] tick 597  + 434 rows  (2374 ms)  ws_cov=826  → live_eth.parquet
[16:42:51] tick 598  + 434 rows  (2586 ms)  ws_cov=826  → live_eth.parquet
[16:42:53] tick 599  + 434 rows  (1717 ms)  ws_cov=826  → live_eth.parquet
[16:42:55] tick 600  + 434 rows  (1886 ms)  ws_cov=826  → live_eth.parquet
[16:42:57] tick 601  + 434 rows  (1979 ms)  ws_cov=826  → live_eth.parquet
[16:42:59] tick 602  + 426 rows  (1995 ms)  ws_cov=826  → live_eth.parquet
[16:43:01] tick 603  + 426 rows  (1901 ms)  ws_cov=826  → live_eth.parquet
[16:43:03] tick 604  + 426 rows  (1980 ms)  ws_cov=826  → live_eth.parquet
[16:43:05] tick 605  + 431 rows  (1893 ms)  ws_cov=826  → live_eth.parquet
[16:43:07] tick 606  + 431 rows  (1905 ms)  ws_cov=826  → live_eth.parquet
[16:43:09] tick 607  + 431 rows  (2102 ms)  ws_cov=826  → live_eth.parquet
[16:43:11] tick 608  + 431 rows  (2127 ms)  ws_cov=826  → live_eth.parquet
[16:43:13] tick 609  + 431 rows  (2105 ms)  ws_cov=826  → live_eth.parquet
[16:43:15] tick 610  + 431 rows  (2557 ms)  ws_cov=826  → live_eth.parquet
[16:43:17] tick 611  + 431 rows  (1715 ms)  ws_cov=826  → live_eth.parquet
[16:43:19] tick 612  + 431 rows  (1729 ms)  ws_cov=826  → live_eth.parquet
[16:43:21] tick 613  + 431 rows  (2247 ms)  ws_cov=826  → live_eth.parquet
[16:43:23] tick 614  + 426 rows  (2029 ms)  ws_cov=826  → live_eth.parquet
[16:43:26] tick 615  + 427 rows  (2599 ms)  ws_cov=826  → live_eth.parquet
[16:43:28] tick 616  + 431 rows  (2256 ms)  ws_cov=826  → live_eth.parquet
[16:43:30] tick 617  + 431 rows  (1845 ms)  ws_cov=826  → live_eth.parquet
[16:43:32] tick 618  + 432 rows  (1873 ms)  ws_cov=826  → live_eth.parquet
[16:43:34] tick 619  + 432 rows  (2188 ms)  ws_cov=826  → live_eth.parquet
[16:43:36] tick 620  + 427 rows  (1978 ms)  ws_cov=826  → live_eth.parquet
[16:43:38] tick 621  + 426 rows  (2268 ms)  ws_cov=826  → live_eth.parquet
[16:43:40] tick 622  + 431 rows  (1856 ms)  ws_cov=826  → live_eth.parquet
[16:43:42] tick 623  + 433 rows  (1645 ms)  ws_cov=826  → live_eth.parquet
[16:43:44] tick 624  + 434 rows  (1870 ms)  ws_cov=826  → live_eth.parquet
[16:43:45] tick 625  + 437 rows  (1929 ms)  ws_cov=826  → live_eth.parquet
[16:43:47] tick 626  + 438 rows  (2019 ms)  ws_cov=826  → live_eth.parquet
[16:43:49] tick 627  + 430 rows  (1945 ms)  ws_cov=826  → live_eth.parquet
[16:43:51] tick 628  + 433 rows  (1859 ms)  ws_cov=826  → live_eth.parquet
[16:43:53] tick 629  + 438 rows  (2127 ms)  ws_cov=826  → live_eth.parquet
[16:43:55] tick 630  + 438 rows  (1776 ms)  ws_cov=826  → live_eth.parquet
[16:43:57] tick 631  + 438 rows  (2261 ms)  ws_cov=826  → live_eth.parquet
[16:44:00] tick 632  + 438 rows  (2447 ms)  ws_cov=826  → live_eth.parquet
[16:44:02] tick 633  + 430 rows  (1944 ms)  ws_cov=826  → live_eth.parquet
[16:44:04] tick 634  + 430 rows  (2250 ms)  ws_cov=826  → live_eth.parquet
[16:44:06] tick 635  + 429 rows  (2261 ms)  ws_cov=826  → live_eth.parquet
[16:44:09] tick 636  + 429 rows  (2376 ms)  ws_cov=826  → live_eth.parquet
[16:44:10] tick 637  + 429 rows  (1718 ms)  ws_cov=826  → live_eth.parquet
[16:44:12] tick 638  + 430 rows  (2049 ms)  ws_cov=826  → live_eth.parquet
[16:44:14] tick 639  + 433 rows  (1681 ms)  ws_cov=826  → live_eth.parquet
[16:44:16] tick 640  + 437 rows  (1759 ms)  ws_cov=826  → live_eth.parquet
[16:44:18] tick 641  + 437 rows  (2055 ms)  ws_cov=826  → live_eth.parquet
[16:44:20] tick 642  + 432 rows  (1755 ms)  ws_cov=826  → live_eth.parquet
[16:44:22] tick 643  + 432 rows  (2339 ms)  ws_cov=826  → live_eth.parquet
[16:44:24] tick 644  + 430 rows  (2179 ms)  ws_cov=826  → live_eth.parquet
[16:44:26] tick 645  + 429 rows  (2028 ms)  ws_cov=826  → live_eth.parquet
[16:44:29] tick 646  + 429 rows  (2364 ms)  ws_cov=826  → live_eth.parquet
[16:44:30] tick 647  + 435 rows  (1790 ms)  ws_cov=826  → live_eth.parquet
[16:44:33] tick 648  + 429 rows  (2116 ms)  ws_cov=826  → live_eth.parquet
[16:44:34] tick 649  + 429 rows  (1939 ms)  ws_cov=826  → live_eth.parquet
[16:44:37] tick 650  + 434 rows  (2509 ms)  ws_cov=826  → live_eth.parquet
[16:44:39] tick 651  + 430 rows  (1756 ms)  ws_cov=826  → live_eth.parquet
[16:44:41] tick 652  + 437 rows  (2288 ms)  ws_cov=826  → live_eth.parquet
[16:44:43] tick 653  + 437 rows  (2367 ms)  ws_cov=826  → live_eth.parquet
[16:44:46] tick 654  + 438 rows  (2232 ms)  ws_cov=826  → live_eth.parquet
[16:44:48] tick 655  + 438 rows  (1952 ms)  ws_cov=826  → live_eth.parquet
[16:44:49] tick 656  + 438 rows  (1575 ms)  ws_cov=826  → live_eth.parquet
[16:44:52] tick 657  + 438 rows  (2481 ms)  ws_cov=826  → live_eth.parquet
[16:44:54] tick 658  + 438 rows  (1954 ms)  ws_cov=826  → live_eth.parquet
[16:44:55] tick 659  + 433 rows  (1727 ms)  ws_cov=826  → live_eth.parquet
[16:44:58] tick 660  + 432 rows  (2462 ms)  ws_cov=826  → live_eth.parquet
[16:45:00] tick 661  + 432 rows  (2691 ms)  ws_cov=826  → live_eth.parquet
[16:45:03] tick 662  + 428 rows  (2517 ms)  ws_cov=826  → live_eth.parquet
[16:45:05] tick 663  + 437 rows  (1712 ms)  ws_cov=826  → live_eth.parquet
[16:45:07] tick 664  + 437 rows  (1997 ms)  ws_cov=826  → live_eth.parquet
[16:45:09] tick 665  + 433 rows  (1830 ms)  ws_cov=826  → live_eth.parquet
[16:45:11] tick 666  + 434 rows  (2438 ms)  ws_cov=826  → live_eth.parquet
[16:45:13] tick 667  + 433 rows  (1963 ms)  ws_cov=826  → live_eth.parquet
[16:45:15] tick 668  + 433 rows  (2091 ms)  ws_cov=826  → live_eth.parquet
[16:45:18] tick 669  + 432 rows  (2665 ms)  ws_cov=826  → live_eth.parquet
[16:45:20] tick 670  + 432 rows  (2095 ms)  ws_cov=826  → live_eth.parquet
[16:45:22] tick 671  + 437 rows  (1933 ms)  ws_cov=826  → live_eth.parquet
[16:45:24] tick 672  + 438 rows  (1853 ms)  ws_cov=826  → live_eth.parquet
[16:45:26] tick 673  + 438 rows  (2539 ms)  ws_cov=826  → live_eth.parquet
[16:45:28] tick 674  + 427 rows  (2157 ms)  ws_cov=826  → live_eth.parquet
[16:45:30] tick 675  + 426 rows  (2065 ms)  ws_cov=826  → live_eth.parquet
[16:45:33] tick 676  + 427 rows  (2528 ms)  ws_cov=826  → live_eth.parquet
[16:45:35] tick 677  + 438 rows  (2107 ms)  ws_cov=826  → live_eth.parquet
[16:45:37] tick 678  + 430 rows  (2118 ms)  ws_cov=826  → live_eth.parquet
[16:45:39] tick 679  + 438 rows  (2206 ms)  ws_cov=826  → live_eth.parquet
[16:45:41] tick 680  + 431 rows  (1968 ms)  ws_cov=826  → live_eth.parquet
[16:45:43] tick 681  + 435 rows  (2084 ms)  ws_cov=826  → live_eth.parquet
[16:45:45] tick 682  + 435 rows  (1867 ms)  ws_cov=826  → live_eth.parquet
[16:45:47] tick 683  + 426 rows  (1974 ms)  ws_cov=826  → live_eth.parquet
[16:45:50] tick 684  + 426 rows  (2355 ms)  ws_cov=826  → live_eth.parquet
[16:45:51] tick 685  + 425 rows  (1899 ms)  ws_cov=826  → live_eth.parquet
[16:45:53] tick 686  + 433 rows  (1788 ms)  ws_cov=826  → live_eth.parquet
[16:45:56] tick 687  + 428 rows  (2496 ms)  ws_cov=826  → live_eth.parquet
[16:45:58] tick 688  + 436 rows  (1933 ms)  ws_cov=826  → live_eth.parquet
[16:46:00] tick 689  + 435 rows  (1926 ms)  ws_cov=826  → live_eth.parquet
[16:46:02] tick 690  + 433 rows  (1991 ms)  ws_cov=826  → live_eth.parquet
[16:46:04] tick 691  + 433 rows  (2330 ms)  ws_cov=826  → live_eth.parquet
[16:46:06] tick 692  + 434 rows  (2413 ms)  ws_cov=826  → live_eth.parquet
[16:46:08] tick 693  + 427 rows  (2113 ms)  ws_cov=826  → live_eth.parquet
[16:46:11] tick 694  + 426 rows  (2118 ms)  ws_cov=826  → live_eth.parquet
[16:46:13] tick 695  + 426 rows  (2141 ms)  ws_cov=826  → live_eth.parquet
[16:46:14] tick 696  + 425 rows  (1751 ms)  ws_cov=826  → live_eth.parquet
[16:46:16] tick 697  + 425 rows  (1758 ms)  ws_cov=826  → live_eth.parquet
[16:46:18] tick 698  + 434 rows  (1850 ms)  ws_cov=826  → live_eth.parquet
[16:46:20] tick 699  + 434 rows  (2304 ms)  ws_cov=826  → live_eth.parquet
[16:46:23] tick 700  + 427 rows  (2147 ms)  ws_cov=826  → live_eth.parquet
[16:46:25] tick 701  + 427 rows  (2065 ms)  ws_cov=826  → live_eth.parquet
[16:46:27] tick 702  + 433 rows  (2488 ms)  ws_cov=826  → live_eth.parquet
[16:46:29] tick 703  + 434 rows  (1947 ms)  ws_cov=826  → live_eth.parquet
[16:46:31] tick 704  + 433 rows  (1872 ms)  ws_cov=826  → live_eth.parquet
[16:46:33] tick 705  + 433 rows  (1799 ms)  ws_cov=826  → live_eth.parquet
[16:46:34] tick 706  + 432 rows  (1682 ms)  ws_cov=826  → live_eth.parquet
[16:46:36] tick 707  + 433 rows  (1889 ms)  ws_cov=826  → live_eth.parquet
[16:46:38] tick 708  + 433 rows  (2113 ms)  ws_cov=826  → live_eth.parquet
[16:46:40] tick 709  + 433 rows  (2138 ms)  ws_cov=826  → live_eth.parquet
[16:46:42] tick 710  + 434 rows  (1982 ms)  ws_cov=826  → live_eth.parquet
[16:46:45] tick 711  + 433 rows  (2346 ms)  ws_cov=826  → live_eth.parquet
[16:46:47] tick 712  + 434 rows  (2040 ms)  ws_cov=826  → live_eth.parquet
[16:46:49] tick 713  + 429 rows  (1870 ms)  ws_cov=826  → live_eth.parquet
[16:46:50] tick 714  + 430 rows  (1686 ms)  ws_cov=826  → live_eth.parquet
[16:46:53] tick 715  + 429 rows  (2427 ms)  ws_cov=826  → live_eth.parquet
[16:46:55] tick 716  + 429 rows  (2079 ms)  ws_cov=826  → live_eth.parquet
[16:46:57] tick 717  + 434 rows  (2033 ms)  ws_cov=826  → live_eth.parquet
[16:46:59] tick 718  + 434 rows  (2533 ms)  ws_cov=826  → live_eth.parquet
[16:47:02] tick 719  + 434 rows  (2792 ms)  ws_cov=826  → live_eth.parquet
[16:47:05] tick 720  + 428 rows  (2266 ms)  ws_cov=826  → live_eth.parquet
[16:47:07] tick 721  + 428 rows  (2199 ms)  ws_cov=826  → live_eth.parquet
[16:47:09] tick 722  + 433 rows  (2439 ms)  ws_cov=826  → live_eth.parquet
[16:47:11] tick 723  + 433 rows  (2140 ms)  ws_cov=826  → live_eth.parquet
[16:47:13] tick 724  + 430 rows  (1719 ms)  ws_cov=826  → live_eth.parquet
[16:47:15] tick 725  + 432 rows  (2104 ms)  ws_cov=826  → live_eth.parquet
[16:47:17] tick 726  + 432 rows  (1906 ms)  ws_cov=826  → live_eth.parquet
[16:47:19] tick 727  + 427 rows  (1917 ms)  ws_cov=826  → live_eth.parquet
[16:47:21] tick 728  + 432 rows  (2213 ms)  ws_cov=826  → live_eth.parquet
[16:47:23] tick 729  + 427 rows  (1947 ms)  ws_cov=826  → live_eth.parquet
[16:47:25] tick 730  + 432 rows  (1863 ms)  ws_cov=826  → live_eth.parquet
[16:47:28] tick 731  + 432 rows  (3388 ms)  ws_cov=826  → live_eth.parquet
[16:47:30] tick 732  + 432 rows  (2070 ms)  ws_cov=826  → live_eth.parquet
[16:47:33] tick 733  + 427 rows  (2195 ms)  ws_cov=826  → live_eth.parquet
[16:47:34] tick 734  + 427 rows  (1652 ms)  ws_cov=826  → live_eth.parquet
[16:47:36] tick 735  + 427 rows  (2152 ms)  ws_cov=826  → live_eth.parquet
[16:47:38] tick 736  + 434 rows  (1835 ms)  ws_cov=826  → live_eth.parquet
[16:47:40] tick 737  + 427 rows  (1890 ms)  ws_cov=826  → live_eth.parquet
[16:47:42] tick 738  + 429 rows  (1947 ms)  ws_cov=826  → live_eth.parquet
[16:47:44] tick 739  + 426 rows  (1991 ms)  ws_cov=826  → live_eth.parquet
[16:47:46] tick 740  + 426 rows  (1724 ms)  ws_cov=826  → live_eth.parquet
[16:47:49] tick 741  + 434 rows  (2983 ms)  ws_cov=826  → live_eth.parquet
[16:47:52] tick 742  + 434 rows  (2993 ms)  ws_cov=826  → live_eth.parquet
[16:47:55] tick 743  + 434 rows  (2903 ms)  ws_cov=826  → live_eth.parquet
[16:47:58] tick 744  + 435 rows  (3187 ms)  ws_cov=826  → live_eth.parquet
[16:48:00] tick 745  + 434 rows  (2529 ms)  ws_cov=826  → live_eth.parquet
[16:48:03] tick 746  + 425 rows  (2284 ms)  ws_cov=826  → live_eth.parquet